Component: ARM Compiler 5.06 update 3 (build 300) Tool: armlink [4d35c9]

==============================================================================

Section Cross References

    main.o(i.RCC_Configuration) refers to stm32f10x_rcc.o(i.RCC_PCLK1Config) for RCC_PCLK1Config
    main.o(i.RCC_Configuration) refers to stm32f10x_rcc.o(i.RCC_APB2PeriphClockCmd) for RCC_APB2PeriphClockCmd
    main.o(i.RCC_Configuration) refers to stm32f10x_rcc.o(i.RCC_APB1PeriphClockCmd) for RCC_APB1PeriphClockCmd
    main.o(i.main) refers to main.o(i.RCC_Configuration) for RCC_Configuration
    main.o(i.main) refers to gpio.o(i.Init_GPIO_Out) for Init_GPIO_Out
    main.o(i.main) refers to stm32f10x_gpio.o(i.GPIO_SetBits) for GPIO_SetBits
    main.o(i.main) refers to motor.o(i.Init_All_Motor) for Init_All_Motor
    main.o(i.main) refers to motor.o(i.Turn_Right) for Turn_Right
    main.o(i.main) refers to motor.o(i.Go_Back) for Go_Back
    main.o(i.main) refers to spi_interface.o(i.InitializeSPI2) for InitializeSPI2
    gpio.o(i.Init_GPIO) refers to stm32f10x_gpio.o(i.GPIO_Init) for GPIO_Init
    gpio.o(i.Init_GPIO_Out) refers to stm32f10x_gpio.o(i.GPIO_Init) for GPIO_Init
    gpio.o(i.Init_GPIO_PWM) refers to stm32f10x_gpio.o(i.GPIO_Init) for GPIO_Init
    motor.o(i.Calcul_DutyCycle) refers to f2d.o(x$fpl$f2d) for __aeabi_f2d
    motor.o(i.Calcul_DutyCycle) refers to drleqf.o(x$fpl$drleqf) for __aeabi_cdrcmple
    motor.o(i.Calcul_DutyCycle) refers to dleqf.o(x$fpl$dleqf) for __aeabi_cdcmple
    motor.o(i.Calcul_DutyCycle) refers to dmul.o(x$fpl$dmul) for __aeabi_dmul
    motor.o(i.Calcul_DutyCycle) refers to d2f.o(x$fpl$d2f) for __aeabi_d2f
    motor.o(i.Go_Back) refers to pwm.o(i.Set_PWM_DutyCycle) for Set_PWM_DutyCycle
    motor.o(i.Go_Back) refers to motor.o(i.Calcul_DutyCycle) for Calcul_DutyCycle
    motor.o(i.Go_Forward) refers to pwm.o(i.Set_PWM_DutyCycle) for Set_PWM_DutyCycle
    motor.o(i.Go_Forward) refers to motor.o(i.Calcul_DutyCycle) for Calcul_DutyCycle
    motor.o(i.Init_All_Motor) refers to gpio.o(i.Init_GPIO_Out) for Init_GPIO_Out
    motor.o(i.Init_All_Motor) refers to stm32f10x_gpio.o(i.GPIO_SetBits) for GPIO_SetBits
    motor.o(i.Init_All_Motor) refers to motor.o(i.Init_Single_Motor) for Init_Single_Motor
    motor.o(i.Init_Single_Motor) refers to motor.o(i.Find_GPIO_Pin) for Find_GPIO_Pin
    motor.o(i.Init_Single_Motor) refers to gpio.o(i.Init_GPIO_PWM) for Init_GPIO_PWM
    motor.o(i.Init_Single_Motor) refers to pwm.o(i.Init_Timer) for Init_Timer
    motor.o(i.Init_Single_Motor) refers to pwm.o(i.Init_PWM) for Init_PWM
    motor.o(i.Init_Single_Motor) refers to pwm.o(i.Set_PWM_DutyCycle) for Set_PWM_DutyCycle
    motor.o(i.Stop_Car) refers to pwm.o(i.Set_PWM_DutyCycle) for Set_PWM_DutyCycle
    motor.o(i.Stop_Turn) refers to pwm.o(i.Set_PWM_DutyCycle) for Set_PWM_DutyCycle
    motor.o(i.Turn_Left) refers to pwm.o(i.Set_PWM_DutyCycle) for Set_PWM_DutyCycle
    motor.o(i.Turn_Left) refers to motor.o(i.Calcul_DutyCycle) for Calcul_DutyCycle
    motor.o(i.Turn_Right) refers to pwm.o(i.Set_PWM_DutyCycle) for Set_PWM_DutyCycle
    motor.o(i.Turn_Right) refers to motor.o(i.Calcul_DutyCycle) for Calcul_DutyCycle
    pwm.o(i.Init_PWM) refers to stm32f10x_tim.o(i.TIM_OC1Init) for TIM_OC1Init
    pwm.o(i.Init_PWM) refers to stm32f10x_tim.o(i.TIM_OC1PreloadConfig) for TIM_OC1PreloadConfig
    pwm.o(i.Init_PWM) refers to stm32f10x_tim.o(i.TIM_OC2Init) for TIM_OC2Init
    pwm.o(i.Init_PWM) refers to stm32f10x_tim.o(i.TIM_OC2PreloadConfig) for TIM_OC2PreloadConfig
    pwm.o(i.Init_PWM) refers to stm32f10x_tim.o(i.TIM_OC3Init) for TIM_OC3Init
    pwm.o(i.Init_PWM) refers to stm32f10x_tim.o(i.TIM_OC3PreloadConfig) for TIM_OC3PreloadConfig
    pwm.o(i.Init_PWM) refers to stm32f10x_tim.o(i.TIM_OC4Init) for TIM_OC4Init
    pwm.o(i.Init_PWM) refers to stm32f10x_tim.o(i.TIM_OC4PreloadConfig) for TIM_OC4PreloadConfig
    pwm.o(i.Init_PWM) refers to stm32f10x_tim.o(i.TIM_ARRPreloadConfig) for TIM_ARRPreloadConfig
    pwm.o(i.Init_PWM) refers to stm32f10x_tim.o(i.TIM_Cmd) for TIM_Cmd
    pwm.o(i.Init_Timer) refers to stm32f10x_tim.o(i.TIM_TimeBaseInit) for TIM_TimeBaseInit
    pwm.o(i.Init_Timer) refers to pwm.o(.data) for AUTORELOAD_VALUE_TIM1
    pwm.o(i.Set_PWM_DutyCycle) refers to fflt_clz.o(x$fpl$fflt) for __aeabi_i2f
    pwm.o(i.Set_PWM_DutyCycle) refers to fmul.o(x$fpl$fmul) for __aeabi_fmul
    pwm.o(i.Set_PWM_DutyCycle) refers to ffixu.o(x$fpl$ffixu) for __aeabi_f2uiz
    pwm.o(i.Set_PWM_DutyCycle) refers to pwm.o(.data) for AUTORELOAD_VALUE_TIM1
    spi_interface.o(i.InitializeSPI2) refers to stm32f10x_rcc.o(i.RCC_APB2PeriphClockCmd) for RCC_APB2PeriphClockCmd
    spi_interface.o(i.InitializeSPI2) refers to stm32f10x_gpio.o(i.GPIO_Init) for GPIO_Init
    spi_interface.o(i.InitializeSPI2) refers to stm32f10x_rcc.o(i.RCC_APB1PeriphClockCmd) for RCC_APB1PeriphClockCmd
    spi_interface.o(i.InitializeSPI2) refers to stm32f10x_spi.o(i.SPI_I2S_DeInit) for SPI_I2S_DeInit
[...]
    Sources\\SPI_Interface\\SPI_Interface.c  0x00000000   Number         0  spi_interface.o ABSOLUTE
    Sources\\gpio.c                          0x00000000   Number         0  gpio.o ABSOLUTE
    Sources\\main.c                          0x00000000   Number         0  main.o ABSOLUTE
    Sources\\motor.c                         0x00000000   Number         0  motor.o ABSOLUTE
    Sources\\pwm.c                           0x00000000   Number         0  pwm.o ABSOLUTE
    Sources\gpio.c                           0x00000000   Number         0  gpio.o ABSOLUTE
    Sources\main.c                           0x00000000   Number         0  main.o ABSOLUTE
    Sources\motor.c                          0x00000000   Number         0  motor.o ABSOLUTE
    Sources\pwm.c                            0x00000000   Number         0  pwm.o ABSOLUTE
    dc.s                                     0x00000000   Number         0  dc.o ABSOLUTE
    RESET                                    0x08000000   Section      236  startup_stm32f10x_md.o(RESET)
    !!!main                                  0x080000ec   Section        8  __main.o(!!!main)
    !!!scatter                               0x080000f4   Section       52  __scatter.o(!!!scatter)
    !!handler_copy                           0x08000128   Section       26  __scatter_copy.o(!!handler_copy)
    !!handler_zi                             0x08000144   Section       28  __scatter_zi.o(!!handler_zi)
    .ARM.Collect$$libinit$$00000000          0x08000160   Section        2  libinit.o(.ARM.Collect$$libinit$$00000000)
    .ARM.Collect$$libinit$$00000002          0x08000162   Section        0  libinit2.o(.ARM.Collect$$libinit$$00000002)
    .ARM.Collect$$libinit$$00000004          0x08000162   Section        0  libinit2.o(.ARM.Collect$$libinit$$00000004)
    .ARM.Collect$$libinit$$0000000A          0x08000162   Section        0  libinit2.o(.ARM.Collect$$libinit$$0000000A)
    .ARM.Collect$$libinit$$0000000C          0x08000162   Section        0  libinit2.o(.ARM.Collect$$libinit$$0000000C)
    .ARM.Collect$$libinit$$0000000E          0x08000162   Section        0  libinit2.o(.ARM.Collect$$libinit$$0000000E)
    .ARM.Collect$$libinit$$00000011          0x08000162   Section        0  libinit2.o(.ARM.Collect$$libinit$$00000011)
    .ARM.Collect$$libinit$$00000013          0x08000162   Section        0  libinit2.o(.ARM.Collect$$libinit$$00000013)
    .ARM.Collect$$libinit$$00000015          0x08000162   Section        0  libinit2.o(.ARM.Collect$$libinit$$00000015)
    .ARM.Collect$$libinit$$00000017          0x08000162   Section        0  libinit2.o(.ARM.Collect$$libinit$$00000017)
    .ARM.Collect$$libinit$$00000019          0x08000162   Section        0  libinit2.o(.ARM.Collect$$libinit$$00000019)
    .ARM.Collect$$libinit$$0000001B          0x08000162   Section        0  libinit2.o(.ARM.Collect$$libinit$$0000001B)
    .ARM.Collect$$libinit$$0000001D          0x08000162   Section        0  libinit2.o(.ARM.Collect$$libinit$$0000001D)
    .ARM.Collect$$libinit$$0000001F          0x08000162   Section        0  libinit2.o(.ARM.Collect$$libinit$$0000001F)
    .ARM.Collect$$libinit$$00000021          0x08000162   Section        0  libinit2.o(.ARM.Collect$$libinit$$00000021)
    .ARM.Collect$$libinit$$00000023          0x08000162   Section        0  libinit2.o(.ARM.Collect$$libinit$$00000023)
    .ARM.Collect$$libinit$$00000025          0x08000162   Section        0  libinit2.o(.ARM.Collect$$libinit$$00000025)
    .ARM.Collect$$libinit$$0000002C          0x08000162   Section        0  libinit2.o(.ARM.Collect$$libinit$$0000002C)
    .ARM.Collect$$libinit$$0000002E          0x08000162   Section        0  libinit2.o(.ARM.Collect$$libinit$$0000002E)
    .ARM.Collect$$libinit$$00000030          0x08000162   Section        0  libinit2.o(.ARM.Collect$$libinit$$00000030)
    .ARM.Collect$$libinit$$00000032          0x08000162   Section        0  libinit2.o(.ARM.Collect$$libinit$$00000032)
    .ARM.Collect$$libinit$$00000033          0x08000162   Section        2  libinit2.o(.ARM.Collect$$libinit$$00000033)
    .ARM.Collect$$libshutdown$$00000000      0x08000164   Section        2  libshutdown.o(.ARM.Collect$$libshutdown$$00000000)
    .ARM.Collect$$libshutdown$$00000002      0x08000166   Section        0  libshutdown2.o(.ARM.Collect$$libshutdown$$00000002)
    .ARM.Collect$$libshutdown$$00000004      0x08000166   Section        0  libshutdown2.o(.ARM.Collect$$libshutdown$$00000004)
    .ARM.Collect$$libshutdown$$00000007      0x08000166   Section        0  libshutdown2.o(.ARM.Collect$$libshutdown$$00000007)
    .ARM.Collect$$libshutdown$$0000000A      0x08000166   Section        0  libshutdown2.o(.ARM.Collect$$libshutdown$$0000000A)
    .ARM.Collect$$libshutdown$$0000000C      0x08000166   Section        0  libshutdown2.o(.ARM.Collect$$libshutdown$$0000000C)
    .ARM.Collect$$libshutdown$$0000000F      0x08000166   Section        0  libshutdown2.o(.ARM.Collect$$libshutdown$$0000000F)
    .ARM.Collect$$libshutdown$$00000010      0x08000166   Section        2  libshutdown2.o(.ARM.Collect$$libshutdown$$00000010)
    .ARM.Collect$$rtentry$$00000000          0x08000168   Section        0  __rtentry.o(.ARM.Collect$$rtentry$$00000000)
    .ARM.Collect$$rtentry$$00000002          0x08000168   Section        0  __rtentry2.o(.ARM.Collect$$rtentry$$00000002)
    .ARM.Collect$$rtentry$$00000004          0x08000168   Section        6  __rtentry4.o(.ARM.Collect$$rtentry$$00000004)
    .ARM.Collect$$rtentry$$00000009          0x0800016e   Section        0  __rtentry2.o(.ARM.Collect$$rtentry$$00000009)
    .ARM.Collect$$rtentry$$0000000A          0x0800016e   Section        4  __rtentry2.o(.ARM.Collect$$rtentry$$0000000A)
    .ARM.Collect$$rtentry$$0000000B          0x08000172   Section        8  __rtentry2.o(.ARM.Collect$$rtentry$$0000000B)
    .ARM.Collect$$rtentry$$0000000D          0x0800017a   Section        8  __rtentry2.o(.ARM.Collect$$rtentry$$0000000D)
    .ARM.Collect$$rtexit$$00000000           0x08000182   Section        2  rtexit.o(.ARM.Collect$$rtexit$$00000000)
    .ARM.Collect$$rtexit$$00000002           0x08000184   Section        0  rtexit2.o(.ARM.Collect$$rtexit$$00000002)
    .ARM.Collect$$rtexit$$00000003           0x08000184   Section        4  rtexit2.o(.ARM.Collect$$rtexit$$00000003)
    .ARM.Collect$$rtexit$$00000004           0x08000188   Section        6  rtexit2.o(.ARM.Collect$$rtexit$$00000004)
    .emb_text                                0x08000190   Section       28  rtx_conf_cm.o(.emb_text)
    .emb_text                                0x080001ac   Section      304  hal_cm3.o(.emb_text)
    .text                                    0x080002dc   Section       64  startup_stm32f10x_md.o(.text)
    .text                                    0x0800031c   Section        8  libspace.o(.text)
    .text                                    0x08000324   Section        0  exit.o(.text)
    .text                                    0x08000336   Section        0  heapauxi.o(.text)
    .text                                    0x0800033c   Section        0  sys_exit.o(.text)
    .text                                    0x08000348   Section       74  sys_stackheap_outer.o(.text)
    .text                                    0x08000392   Section        2  use_no_semi.o(.text)
    .text                                    0x08000394   Section        0  indicate_semi.o(.text)
    SVC_TABLE                                0x08000394   Section        4  svc_table.o(SVC_TABLE)
    i.Calcul_DutyCycle                       0x08000398   Section        0  motor.o(i.Calcul_DutyCycle)
    i.DMA1_Channel1_Event                    0x080003e8   Section        0  dma_stm32f10x.o(i.DMA1_Channel1_Event)
    i.DMA1_Channel1_IRQHandler               0x080003ec   Section        0  dma_stm32f10x.o(i.DMA1_Channel1_IRQHandler)
    i.DMA1_Channel2_Event                    0x08000408   Section        0  dma_stm32f10x.o(i.DMA1_Channel2_Event)
    i.DMA1_Channel2_IRQHandler               0x0800040c   Section        0  dma_stm32f10x.o(i.DMA1_Channel2_IRQHandler)
    i.DMA1_Channel3_Event                    0x08000428   Section        0  dma_stm32f10x.o(i.DMA1_Channel3_Event)
    i.DMA1_Channel3_IRQHandler               0x0800042c   Section        0  dma_stm32f10x.o(i.DMA1_Channel3_IRQHandler)
    i.DMA1_Channel4_Event                    0x08000448   Section        0  dma_stm32f10x.o(i.DMA1_Channel4_Event)
    i.DMA1_Channel4_IRQHandler               0x0800044c   Section        0  dma_stm32f10x.o(i.DMA1_Channel4_IRQHandler)
    i.DMA1_Channel5_Event                    0x08000468   Section        0  dma_stm32f10x.o(i.DMA1_Channel5_Event)
    i.DMA1_Channel5_IRQHandler               0x0800046c   Section        0  dma_stm32f10x.o(i.DMA1_Channel5_IRQHandler)
    i.DMA1_Channel6_Event                    0x08000488   Section        0  dma_stm32f10x.o(i.DMA1_Channel6_Event)
    i.DMA1_Channel6_IRQHandler               0x0800048c   Section        0  dma_stm32f10x.o(i.DMA1_Channel6_IRQHandler)
    i.DMA1_Channel7_Event                    0x080004a8   Section        0  dma_stm32f10x.o(i.DMA1_Channel7_Event)
    i.DMA1_Channel7_IRQHandler               0x080004ac   Section        0  dma_stm32f10x.o(i.DMA1_Channel7_IRQHandler)
    i.DMA_Cmd                                0x080004c8   Section        0  stm32f10x_dma.o(i.DMA_Cmd)
    i.DMA_DeInit                             0x080004e0   Section        0  stm32f10x_dma.o(i.DMA_DeInit)
    i.DMA_ITConfig                           0x0800062c   Section        0  stm32f10x_dma.o(i.DMA_ITConfig)
    i.DMA_Init                               0x0800063e   Section        0  stm32f10x_dma.o(i.DMA_Init)
    i.DMA_StructInit                         0x0800067a   Section        0  stm32f10x_dma.o(i.DMA_StructInit)
    i.Find_GPIO_Pin                          0x08000694   Section        0  motor.o(i.Find_GPIO_Pin)
    i.GPIO_Init                              0x0800079c   Section        0  stm32f10x_gpio.o(i.GPIO_Init)
    i.GPIO_SetBits                           0x080008b2   Section        0  stm32f10x_gpio.o(i.GPIO_SetBits)
    i.Go_Back                                0x080008b8   Section        0  motor.o(i.Go_Back)
    i.Init_All_Motor                         0x080008e4   Section        0  motor.o(i.Init_All_Motor)
    i.Init_GPIO_Out                          0x08000924   Section        0  gpio.o(i.Init_GPIO_Out)
    i.Init_GPIO_PWM                          0x08000946   Section        0  gpio.o(i.Init_GPIO_PWM)
    i.Init_PWM                               0x08000968   Section        0  pwm.o(i.Init_PWM)
    i.Init_Single_Motor                      0x080009ec   Section        0  motor.o(i.Init_Single_Motor)
    i.Init_Timer                             0x08000a24   Section        0  pwm.o(i.Init_Timer)
    i.InitializeSPI2                         0x08000aa0   Section        0  spi_interface.o(i.InitializeSPI2)
    i.NVIC_Init                              0x08000c34   Section        0  misc.o(i.NVIC_Init)
    i.RCC_AHBPeriphClockCmd                  0x08000ca4   Section        0  stm32f10x_rcc.o(i.RCC_AHBPeriphClockCmd)
    i.RCC_APB1PeriphClockCmd                 0x08000cc4   Section        0  stm32f10x_rcc.o(i.RCC_APB1PeriphClockCmd)
    i.RCC_APB1PeriphResetCmd                 0x08000ce4   Section        0  stm32f10x_rcc.o(i.RCC_APB1PeriphResetCmd)
    i.RCC_APB2PeriphClockCmd                 0x08000d04   Section        0  stm32f10x_rcc.o(i.RCC_APB2PeriphClockCmd)
    i.RCC_APB2PeriphResetCmd                 0x08000d24   Section        0  stm32f10x_rcc.o(i.RCC_APB2PeriphResetCmd)
    i.RCC_Configuration                      0x08000d44   Section        0  main.o(i.RCC_Configuration)
    i.RCC_PCLK1Config                        0x08000d68   Section        0  stm32f10x_rcc.o(i.RCC_PCLK1Config)
    i.SPI_Cmd                                0x08000d80   Section        0  stm32f10x_spi.o(i.SPI_Cmd)
    i.SPI_I2S_DMACmd                         0x08000d98   Section        0  stm32f10x_spi.o(i.SPI_I2S_DMACmd)
    i.SPI_I2S_DeInit                         0x08000dac   Section        0  stm32f10x_spi.o(i.SPI_I2S_DeInit)
    i.SPI_Init                               0x08000e04   Section        0  stm32f10x_spi.o(i.SPI_Init)
    i.SPI_StructInit                         0x08000e40   Section        0  stm32f10x_spi.o(i.SPI_StructInit)
    i.SetSysClock                            0x08000e58   Section        0  system_stm32f10x.o(i.SetSysClock)
    SetSysClock                              0x08000e59   Thumb Code     8  system_stm32f10x.o(i.SetSysClock)
    i.SetSysClockTo72                        0x08000e60   Section        0  system_stm32f10x.o(i.SetSysClockTo72)
    SetSysClockTo72                          0x08000e61   Thumb Code   214  system_stm32f10x.o(i.SetSysClockTo72)
    i.Set_PWM_DutyCycle                      0x08000f40   Section        0  pwm.o(i.Set_PWM_DutyCycle)
    i.SystemInit                             0x08000fe0   Section        0  system_stm32f10x.o(i.SystemInit)
    i.TIM_ARRPreloadConfig                   0x08001040   Section        0  stm32f10x_tim.o(i.TIM_ARRPreloadConfig)
    i.TIM_Cmd                                0x08001058   Section        0  stm32f10x_tim.o(i.TIM_Cmd)
    i.TIM_OC1Init                            0x08001070   Section        0  stm32f10x_tim.o(i.TIM_OC1Init)
    i.TIM_OC1PreloadConfig                   0x08001108   Section        0  stm32f10x_tim.o(i.TIM_OC1PreloadConfig)
    i.TIM_OC2Init                            0x0800111c   Section        0  stm32f10x_tim.o(i.TIM_OC2Init)
    i.TIM_OC2PreloadConfig                   0x080011c0   Section        0  stm32f10x_tim.o(i.TIM_OC2PreloadConfig)
    i.TIM_OC3Init                            0x080011dc   Section        0  stm32f10x_tim.o(i.TIM_OC3Init)
    i.TIM_OC3PreloadConfig                   0x0800127c   Section        0  stm32f10x_tim.o(i.TIM_OC3PreloadConfig)
    i.TIM_OC4Init                            0x08001290   Section        0  stm32f10x_tim.o(i.TIM_OC4Init)
    i.TIM_OC4PreloadConfig                   0x0800130c   Section        0  stm32f10x_tim.o(i.TIM_OC4PreloadConfig)
    i.TIM_TimeBaseInit                       0x08001328   Section        0  stm32f10x_tim.o(i.TIM_TimeBaseInit)
    i.Turn_Right                             0x080013cc   Section        0  motor.o(i.Turn_Right)
    i._init_box                              0x080013f4   Section        0  rt_membox.o(i._init_box)
    i._mutex_acquire                         0x0800143c   Section        0  rtx_conf_cm.o(i._mutex_acquire)
    __tagsym$$used                           0x0800143d   Number         0  rtx_conf_cm.o(i._mutex_acquire)
    i._mutex_release                         0x0800145c   Section        0  rtx_conf_cm.o(i._mutex_release)
    __tagsym$$used                           0x0800145d   Number         0  rtx_conf_cm.o(i._mutex_release)
    i.dbg_init                               0x08001478   Section        0  hal_cm.o(i.dbg_init)
    i.dbg_task_notify                        0x080014a8   Section        0  hal_cm.o(i.dbg_task_notify)
    i.dbg_task_switch                        0x080014c8   Section        0  hal_cm.o(i.dbg_task_switch)
    i.isrMessageGet                          0x080014d8   Section        0  rt_cmsis.o(i.isrMessageGet)
    i.isrMessagePut                          0x08001502   Section        0  rt_cmsis.o(i.isrMessagePut)
    i.isr_mbx_receive                        0x08001530   Section        0  rt_mailbox.o(i.isr_mbx_receive)
    i.isr_mbx_send                           0x08001582   Section        0  rt_mailbox.o(i.isr_mbx_send)
    i.main                                   0x08001590   Section        0  main.o(i.main)
    i.osKernelInitialize                     0x080015c8   Section        0  rt_cmsis.o(i.osKernelInitialize)
    i.osKernelStart                          0x080015ec   Section        0  rt_cmsis.o(i.osKernelStart)
    i.osMessageGet                           0x08001658   Section        0  rt_cmsis.o(i.osMessageGet)
    i.osThreadCreate                         0x08001670   Section        0  rt_cmsis.o(i.osThreadCreate)
    i.osThreadExit                           0x080016a0   Section        0  rt_cmsis.o(i.osThreadExit)
    i.osTimerCall                            0x080016b8   Section        0  rt_cmsis.o(i.osTimerCall)
    i.osTimerThread                          0x080016c4   Section        0  rt_cmsis.o(i.osTimerThread)
    i.os_error                               0x080016f0   Section        0  rtx_conf_cm.o(i.os_error)
    i.os_idle_demon                          0x08001712   Section        0  rtx_conf_cm.o(i.os_idle_demon)
    i.os_tick_init                           0x08001718   Section        0  rt_system.o(i.os_tick_init)
    i.os_tick_irqack                         0x08001740   Section        0  rt_system.o(i.os_tick_irqack)
    i.rt_alloc_box                           0x08001742   Section        0  rt_membox.o(i.rt_alloc_box)
    i.rt_alloc_mem                           0x0800175c   Section        0  rt_memory.o(i.rt_alloc_mem)
    i.rt_block                               0x0800179c   Section        0  rt_task.o(i.rt_block)
    i.rt_chk_robin                           0x080017d4   Section        0  rt_robin.o(i.rt_chk_robin)
    i.rt_dec_dly                             0x0800181c   Section        0  rt_list.o(i.rt_dec_dly)
    i.rt_dispatch                            0x0800188c   Section        0  rt_task.o(i.rt_dispatch)
    i.rt_evt_psh                             0x080018d0   Section        0  rt_event.o(i.rt_evt_psh)
    i.rt_free_box                            0x08001920   Section        0  rt_membox.o(i.rt_free_box)
    i.rt_free_mem                            0x0800194c   Section        0  rt_memory.o(i.rt_free_mem)
    i.rt_get_first                           0x08001974   Section        0  rt_list.o(i.rt_get_first)
    i.rt_id2obj                              0x0800199c   Section        0  rt_cmsis.o(i.rt_id2obj)
    rt_id2obj                                0x0800199d   Thumb Code     8  rt_cmsis.o(i.rt_id2obj)
    i.rt_init_context                        0x080019a4   Section        0  rt_task.o(i.rt_init_context)
    rt_init_context                          0x080019a5   Thumb Code    66  rt_task.o(i.rt_init_context)
    i.rt_init_mem                            0x080019ec   Section        0  rt_memory.o(i.rt_init_mem)
    i.rt_init_robin                          0x08001a08   Section        0  rt_robin.o(i.rt_init_robin)
    i.rt_init_stack                          0x08001a20   Section        0  hal_cm.o(i.rt_init_stack)
    i.rt_mbx_check                           0x08001aa0   Section        0  rt_mailbox.o(i.rt_mbx_check)
    i.rt_mbx_init                            0x08001aa8   Section        0  rt_mailbox.o(i.rt_mbx_init)
    i.rt_mbx_psh                             0x08001ac4   Section        0  rt_mailbox.o(i.rt_mbx_psh)
    i.rt_mbx_wait                            0x08001bb4   Section        0  rt_mailbox.o(i.rt_mbx_wait)
    i.rt_ms2tick                             0x08001c68   Section        0  rt_cmsis.o(i.rt_ms2tick)
    rt_ms2tick                               0x08001c69   Thumb Code    58  rt_cmsis.o(i.rt_ms2tick)
    i.rt_mut_release                         0x08001cac   Section        0  rt_mutex.o(i.rt_mut_release)
    i.rt_mut_wait                            0x08001d84   Section        0  rt_mutex.o(i.rt_mut_wait)
    i.rt_pop_req                             0x08001dec   Section        0  rt_system.o(i.rt_pop_req)
    i.rt_psh_req                             0x08001e68   Section        0  rt_system.o(i.rt_psh_req)
    i.rt_psq_enq                             0x08001e88   Section        0  rt_list.o(i.rt_psq_enq)
    i.rt_put_dly                             0x08001ee4   Section        0  rt_list.o(i.rt_put_dly)
    i.rt_put_prio                            0x08001f2c   Section        0  rt_list.o(i.rt_put_prio)
    i.rt_put_rdy_first                       0x08001f64   Section        0  rt_list.o(i.rt_put_rdy_first)
    i.rt_resort_prio                         0x08001f78   Section        0  rt_list.o(i.rt_resort_prio)
    i.rt_ret_val                             0x08001fac   Section        0  hal_cm.o(i.rt_ret_val)
    i.rt_ret_val2                            0x08001fb2   Section        0  hal_cm.o(i.rt_ret_val2)
    i.rt_rmv_dly                             0x08001fba   Section        0  rt_list.o(i.rt_rmv_dly)
    i.rt_rmv_list                            0x08001fe4   Section        0  rt_list.o(i.rt_rmv_list)
    i.rt_sem_psh                             0x08002014   Section        0  rt_semaphore.o(i.rt_sem_psh)
    i.rt_stk_check                           0x08002048   Section        0  rt_system.o(i.rt_stk_check)
    i.rt_switch_req                          0x0800206c   Section        0  rt_task.o(i.rt_switch_req)
    i.rt_sys_init                            0x08002094   Section        0  rt_task.o(i.rt_sys_init)
    i.rt_sys_start                           0x08002160   Section        0  rt_task.o(i.rt_sys_start)
    i.rt_systick                             0x080021d8   Section        0  rt_system.o(i.rt_systick)
    i.rt_tid2ptcb                            0x08002218   Section        0  rt_cmsis.o(i.rt_tid2ptcb)
    rt_tid2ptcb                              0x08002219   Thumb Code    18  rt_cmsis.o(i.rt_tid2ptcb)
    i.rt_timer_insert                        0x0800222c   Section        0  rt_cmsis.o(i.rt_timer_insert)
    rt_timer_insert                          0x0800222d   Thumb Code    48  rt_cmsis.o(i.rt_timer_insert)
    i.rt_tsk_create                          0x08002260   Section        0  rt_task.o(i.rt_tsk_create)
    i.rt_tsk_delete                          0x080022e8   Section        0  rt_task.o(i.rt_tsk_delete)
    i.rt_tsk_prio                            0x08002464   Section        0  rt_task.o(i.rt_tsk_prio)
    i.rt_tsk_self                            0x080024e0   Section        0  rt_task.o(i.rt_tsk_self)
    i.svcKernelInitialize                    0x080024f0   Section        0  rt_cmsis.o(i.svcKernelInitialize)
    i.svcKernelStart                         0x08002560   Section        0  rt_cmsis.o(i.svcKernelStart)
    i.svcMessageCreate                       0x080025a8   Section        0  rt_cmsis.o(i.svcMessageCreate)
    i.svcMessageGet                          0x080025cc   Section        0  rt_cmsis.o(i.svcMessageGet)
    i.svcThreadCreate                        0x08002608   Section        0  rt_cmsis.o(i.svcThreadCreate)
    i.svcThreadGetId                         0x08002678   Section        0  rt_cmsis.o(i.svcThreadGetId)
    i.svcThreadTerminate                     0x08002694   Section        0  rt_cmsis.o(i.svcThreadTerminate)
    i.svcTimerCall                           0x080026cc   Section        0  rt_cmsis.o(i.svcTimerCall)
    i.sysTimerTick                           0x080026e4   Section        0  rt_cmsis.o(i.sysTimerTick)
    x$fpl$d2f                                0x08002740   Section       98  d2f.o(x$fpl$d2f)
    x$fpl$dcmpinf                            0x080027a2   Section       24  dcmpi.o(x$fpl$dcmpinf)
    x$fpl$dleqf                              0x080027bc   Section      120  dleqf.o(x$fpl$dleqf)
    x$fpl$dmul                               0x08002834   Section      340  dmul.o(x$fpl$dmul)
    x$fpl$dnaninf                            0x08002988   Section      156  dnaninf.o(x$fpl$dnaninf)
    x$fpl$dretinf                            0x08002a24   Section       12  dretinf.o(x$fpl$dretinf)
    x$fpl$drleqf                             0x08002a30   Section      108  drleqf.o(x$fpl$drleqf)
    x$fpl$f2d                                0x08002a9c   Section       86  f2d.o(x$fpl$f2d)
    x$fpl$ffixu                              0x08002af4   Section       62  ffixu.o(x$fpl$ffixu)
    x$fpl$fflt                               0x08002b34   Section       48  fflt_clz.o(x$fpl$fflt)
    x$fpl$fmul                               0x08002b64   Section      258  fmul.o(x$fpl$fmul)
    x$fpl$fnaninf                            0x08002c66   Section      140  fnaninf.o(x$fpl$fnaninf)
    x$fpl$fretinf                            0x08002cf2   Section       10  fretinf.o(x$fpl$fretinf)
    .constdata                               0x08002cfc   Section       86  rtx_conf_cm.o(.constdata)
    x$fpl$usenofp                            0x08002cfc   Section        0  usenofp.o(x$fpl$usenofp)
    __tagsym$$used                           0x08002d18   Number         0  rtx_conf_cm.o(.constdata)
    __tagsym$$used                           0x08002d1c   Number         0  rtx_conf_cm.o(.constdata)
    __tagsym$$used                           0x08002d20   Number         0  rtx_conf_cm.o(.constdata)
    __tagsym$$used                           0x08002d24   Number         0  rtx_conf_cm.o(.constdata)
    .data                                    0x20000000   Section       16  pwm.o(.data)
    .data                                    0x20000010   Section       20  spi_interface.o(.data)
    .data                                    0x20000024   Section       36  rtx_conf_cm.o(.data)
    nr_mutex                                 0x20000034   Data           4  rtx_conf_cm.o(.data)
    .data                                    0x20000048   Section        8  rt_cmsis.o(.data)
    .data                                    0x20000050   Section        8  rt_task.o(.data)
    .data                                    0x20000058   Section        8  rt_system.o(.data)
    os_lock                                  0x20000058   Data           1  rt_system.o(.data)
    os_psh_flag                              0x20000059   Data           1  rt_system.o(.data)
    pend_flags                               0x2000005a   Data           1  rt_system.o(.data)
    .data                                    0x20000060   Section        4  rt_time.o(.data)
    .data                                    0x20000064   Section        8  rt_robin.o(.data)
    .data                                    0x2000006c   Section        1  hal_cm.o(.data)
    .bss                                     0x20000070   Section       20  spi_interface.o(.bss)
    .bss                                     0x20000088   Section     3016  rtx_conf_cm.o(.bss)
    std_libspace                             0x20000930   Data         672  rtx_conf_cm.o(.bss)
    std_libmutex                             0x20000bd0   Data         128  rtx_conf_cm.o(.bss)
    .bss                                     0x20000c50   Section       52  rt_task.o(.bss)
    .bss                                     0x20000c84   Section       48  rt_list.o(.bss)
    .bss                                     0x20000cb4   Section       96  libspace.o(.bss)
    HEAP                                     0x20000d18   Section      512  startup_stm32f10x_md.o(HEAP)
    Heap_Mem                                 0x20000d18   Data         512  startup_stm32f10x_md.o(HEAP)
    STACK                                    0x20000f18   Section     1024  startup_stm32f10x_md.o(STACK)
    Stack_Mem                                0x20000f18   Data        1024  startup_stm32f10x_md.o(STACK)
    __initial_sp                             0x20001318   Data           0  startup_stm32f10x_md.o(STACK)

    Global Symbols

    Symbol Name                              Value     Ov Type        Size  Object(Section)

    BuildAttributes$$THM_ISAv4$P$D$K$B$S$PE$A:L22UL41UL21$X:L11$S22US41US21$IEEE1$IW$USESV6$~STKCKD$USESV7$~SHL$OSPACE$ROPI$EBA8$UX$STANDARDLIB$REQ8$PRES8$EABIv2 0x00000000   Number         0  anon$$obj.o ABSOLUTE
    __ARM_use_no_argv                        0x00000000   Number         0  main.o ABSOLUTE
    __ARM_exceptions_init                     - Undefined Weak Reference
    __alloca_initialize                       - Undefined Weak Reference
    __arm_preinit_                            - Undefined Weak Reference
    __cpp_initialize__aeabi_                  - Undefined Weak Reference
    __cxa_finalize                            - Undefined Weak Reference
    __rt_locale                               - Undefined Weak Reference
    __sigvec_lookup                           - Undefined Weak Reference
    _atexit_init                              - Undefined Weak Reference
    _call_atexit_fns                          - Undefined Weak Reference
    _clock_init                               - Undefined Weak Reference
    _fp_trap_init                             - Undefined Weak Reference
    _fp_trap_shutdown                         - Undefined Weak Reference
    _get_lc_collate                           - Undefined Weak Reference
    _get_lc_ctype                             - Undefined Weak Reference
    _get_lc_monetary                          - Undefined Weak Reference
    _get_lc_numeric                           - Undefined Weak Reference
    _get_lc_time                              - Undefined Weak Reference
    _getenv_init                              - Undefined Weak Reference
    _handle_redirection                       - Undefined Weak Reference
    _init_alloc                               - Undefined Weak Reference
    _init_user_alloc                          - Undefined Weak Reference
    _initio                                   - Undefined Weak Reference
    _rand_init                                - Undefined Weak Reference
    _signal_finish                            - Undefined Weak Reference
    _signal_init                              - Undefined Weak Reference
    _terminate_alloc                          - Undefined Weak Reference
    _terminate_user_alloc                     - Undefined Weak Reference
    _terminateio                              - Undefined Weak Reference
    __Vectors_Size                           0x000000ec   Number         0  startup_stm32f10x_md.o ABSOLUTE
    __RL_RTX_VER                             0x00000480   Number         0  rt_system.o ABSOLUTE
    __Vectors                                0x08000000   Data           4  startup_stm32f10x_md.o(RESET)
    __Vectors_End                            0x080000ec   Data           0  startup_stm32f10x_md.o(RESET)
    __main                                   0x080000ed   Thumb Code     8  __main.o(!!!main)
    __scatterload                            0x080000f5   Thumb Code     0  __scatter.o(!!!scatter)
    __scatterload_rt2                        0x080000f5   Thumb Code    44  __scatter.o(!!!scatter)
    __scatterload_rt2_thumb_only             0x080000f5   Thumb Code     0  __scatter.o(!!!scatter)
    __scatterload_null                       0x08000103   Thumb Code     0  __scatter.o(!!!scatter)
    __scatterload_copy                       0x08000129   Thumb Code    26  __scatter_copy.o(!!handler_copy)
    __scatterload_zeroinit                   0x08000145   Thumb Code    28  __scatter_zi.o(!!handler_zi)
    __rt_lib_init                            0x08000161   Thumb Code     0  libinit.o(.ARM.Collect$$libinit$$00000000)
    __rt_lib_init_alloca_1                   0x08000163   Thumb Code     0  libinit2.o(.ARM.Collect$$libinit$$0000002E)
    __rt_lib_init_argv_1                     0x08000163   Thumb Code     0  libinit2.o(.ARM.Collect$$libinit$$0000002C)
    __rt_lib_init_atexit_1                   0x08000163   Thumb Code     0  libinit2.o(.ARM.Collect$$libinit$$0000001B)
    __rt_lib_init_clock_1                    0x08000163   Thumb Code     0  libinit2.o(.ARM.Collect$$libinit$$00000021)
    __rt_lib_init_cpp_1                      0x08000163   Thumb Code     0  libinit2.o(.ARM.Collect$$libinit$$00000032)
    __rt_lib_init_exceptions_1               0x08000163   Thumb Code     0  libinit2.o(.ARM.Collect$$libinit$$00000030)
    __rt_lib_init_fp_1                       0x08000163   Thumb Code     0  libinit2.o(.ARM.Collect$$libinit$$00000002)
    __rt_lib_init_fp_trap_1                  0x08000163   Thumb Code     0  libinit2.o(.ARM.Collect$$libinit$$0000001F)
    __rt_lib_init_getenv_1                   0x08000163   Thumb Code     0  libinit2.o(.ARM.Collect$$libinit$$00000023)
    __rt_lib_init_heap_1                     0x08000163   Thumb Code     0  libinit2.o(.ARM.Collect$$libinit$$0000000A)
    __rt_lib_init_lc_collate_1               0x08000163   Thumb Code     0  libinit2.o(.ARM.Collect$$libinit$$00000011)
    __rt_lib_init_lc_ctype_1                 0x08000163   Thumb Code     0  libinit2.o(.ARM.Collect$$libinit$$00000013)
    __rt_lib_init_lc_monetary_1              0x08000163   Thumb Code     0  libinit2.o(.ARM.Collect$$libinit$$00000015)
    __rt_lib_init_lc_numeric_1               0x08000163   Thumb Code     0  libinit2.o(.ARM.Collect$$libinit$$00000017)
    __rt_lib_init_lc_time_1                  0x08000163   Thumb Code     0  libinit2.o(.ARM.Collect$$libinit$$00000019)
    __rt_lib_init_preinit_1                  0x08000163   Thumb Code     0  libinit2.o(.ARM.Collect$$libinit$$00000004)
    __rt_lib_init_rand_1                     0x08000163   Thumb Code     0  libinit2.o(.ARM.Collect$$libinit$$0000000E)
    __rt_lib_init_return                     0x08000163   Thumb Code     0  libinit2.o(.ARM.Collect$$libinit$$00000033)
    __rt_lib_init_signal_1                   0x08000163   Thumb Code     0  libinit2.o(.ARM.Collect$$libinit$$0000001D)
    __rt_lib_init_stdio_1                    0x08000163   Thumb Code     0  libinit2.o(.ARM.Collect$$libinit$$00000025)
    __rt_lib_init_user_alloc_1               0x08000163   Thumb Code     0  libinit2.o(.ARM.Collect$$libinit$$0000000C)
    __rt_lib_shutdown                        0x08000165   Thumb Code     0  libshutdown.o(.ARM.Collect$$libshutdown$$00000000)
    __rt_lib_shutdown_cpp_1                  0x08000167   Thumb Code     0  libshutdown2.o(.ARM.Collect$$libshutdown$$00000002)
    __rt_lib_shutdown_fp_trap_1              0x08000167   Thumb Code     0  libshutdown2.o(.ARM.Collect$$libshutdown$$00000007)
    __rt_lib_shutdown_heap_1                 0x08000167   Thumb Code     0  libshutdown2.o(.ARM.Collect$$libshutdown$$0000000F)
    __rt_lib_shutdown_return                 0x08000167   Thumb Code     0  libshutdown2.o(.ARM.Collect$$libshutdown$$00000010)
    __rt_lib_shutdown_signal_1               0x08000167   Thumb Code     0  libshutdown2.o(.ARM.Collect$$libshutdown$$0000000A)
    __rt_lib_shutdown_stdio_1                0x08000167   Thumb Code     0  libshutdown2.o(.ARM.Collect$$libshutdown$$00000004)
    __rt_lib_shutdown_user_alloc_1           0x08000167   Thumb Code     0  libshutdown2.o(.ARM.Collect$$libshutdown$$0000000C)
    __rt_entry                               0x08000169   Thumb Code     0  __rtentry.o(.ARM.Collect$$rtentry$$00000000)
    __rt_entry_presh_1                       0x08000169   Thumb Code     0  __rtentry2.o(.ARM.Collect$$rtentry$$00000002)
    __rt_entry_sh                            0x08000169   Thumb Code     0  __rtentry4.o(.ARM.Collect$$rtentry$$00000004)
    __rt_entry_li                            0x0800016f   Thumb Code     0  __rtentry2.o(.ARM.Collect$$rtentry$$0000000A)
    __rt_entry_postsh_1                      0x0800016f   Thumb Code     0  __rtentry2.o(.ARM.Collect$$rtentry$$00000009)
    __rt_entry_postli_1                      0x08000173   Thumb Code     0  __rtentry2.o(.ARM.Collect$$rtentry$$0000000B)
    __rt_entry_main                          0x0800017b   Thumb Code     0  __rtentry2.o(.ARM.Collect$$rtentry$$0000000D)
    __rt_exit                                0x08000183   Thumb Code     0  rtexit.o(.ARM.Collect$$rtexit$$00000000)
    __rt_exit_ls                             0x08000185   Thumb Code     0  rtexit2.o(.ARM.Collect$$rtexit$$00000003)
    __rt_exit_prels_1                        0x08000185   Thumb Code     0  rtexit2.o(.ARM.Collect$$rtexit$$00000002)
    __rt_exit_exit                           0x08000189   Thumb Code     0  rtexit2.o(.ARM.Collect$$rtexit$$00000004)
    _platform_post_lib_init                  0x08000191   Thumb Code    24  rtx_conf_cm.o(.emb_text)
    rt_set_PSP                               0x080001ad   Thumb Code     6  hal_cm3.o(.emb_text)
    rt_get_PSP                               0x080001b3   Thumb Code     6  hal_cm3.o(.emb_text)
    os_set_env                               0x080001b9   Thumb Code    24  hal_cm3.o(.emb_text)
    _alloc_box                               0x080001d5   Thumb Code    28  hal_cm3.o(.emb_text)
    _free_box                                0x080001f5   Thumb Code    28  hal_cm3.o(.emb_text)
    SVC_Handler                              0x08000215   Thumb Code   108  hal_cm3.o(.emb_text)
    PendSV_Handler                           0x0800028d   Thumb Code    56  hal_cm3.o(.emb_text)
    SysTick_Handler                          0x080002c9   Thumb Code     8  hal_cm3.o(.emb_text)
    OS_Tick_Handler                          0x080002d1   Thumb Code    12  hal_cm3.o(.emb_text)
    Reset_Handler                            0x080002dd   Thumb Code     8  startup_stm32f10x_md.o(.text)
    NMI_Handler                              0x080002e5   Thumb Code     2  startup_stm32f10x_md.o(.text)
    HardFault_Handler                        0x080002e7   Thumb Code     2  startup_stm32f10x_md.o(.text)
    MemManage_Handler                        0x080002e9   Thumb Code     2  startup_stm32f10x_md.o(.text)
    BusFault_Handler                         0x080002eb   Thumb Code     2  startup_stm32f10x_md.o(.text)
    UsageFault_Handler                       0x080002ed   Thumb Code     2  startup_stm32f10x_md.o(.text)
    DebugMon_Handler                         0x080002f1   Thumb Code     2  startup_stm32f10x_md.o(.text)
    ADC1_2_IRQHandler                        0x080002f7   Thumb Code     0  startup_stm32f10x_md.o(.text)
    CAN1_RX1_IRQHandler                      0x080002f7   Thumb Code     0  startup_stm32f10x_md.o(.text)
    CAN1_SCE_IRQHandler                      0x080002f7   Thumb Code     0  startup_stm32f10x_md.o(.text)
    EXTI0_IRQHandler                         0x080002f7   Thumb Code     0  startup_stm32f10x_md.o(.text)
    EXTI15_10_IRQHandler                     0x080002f7   Thumb Code     0  startup_stm32f10x_md.o(.text)
    EXTI1_IRQHandler                         0x080002f7   Thumb Code     0  startup_stm32f10x_md.o(.text)
    EXTI2_IRQHandler                         0x080002f7   Thumb Code     0  startup_stm32f10x_md.o(.text)
    EXTI3_IRQHandler                         0x080002f7   Thumb Code     0  startup_stm32f10x_md.o(.text)
    EXTI4_IRQHandler                         0x080002f7   Thumb Code     0  startup_stm32f10x_md.o(.text)
    EXTI9_5_IRQHandler                       0x080002f7   Thumb Code     0  startup_stm32f10x_md.o(.text)
    FLASH_IRQHandler                         0x080002f7   Thumb Code     0  startup_stm32f10x_md.o(.text)
    I2C1_ER_IRQHandler                       0x080002f7   Thumb Code     0  startup_stm32f10x_md.o(.text)
    I2C1_EV_IRQHandler                       0x080002f7   Thumb Code     0  startup_stm32f10x_md.o(.text)
    I2C2_ER_IRQHandler                       0x080002f7   Thumb Code     0  startup_stm32f10x_md.o(.text)
    I2C2_EV_IRQHandler                       0x080002f7   Thumb Code     0  startup_stm32f10x_md.o(.text)
    PVD_IRQHandler                           0x080002f7   Thumb Code     0  startup_stm32f10x_md.o(.text)
    RCC_IRQHandler                           0x080002f7   Thumb Code     0  startup_stm32f10x_md.o(.text)
    RTCAlarm_IRQHandler                      0x080002f7   Thumb Code     0  startup_stm32f10x_md.o(.text)
    RTC_IRQHandler                           0x080002f7   Thumb Code     0  startup_stm32f10x_md.o(.text)
    SPI1_IRQHandler                          0x080002f7   Thumb Code     0  startup_stm32f10x_md.o(.text)
    SPI2_IRQHandler                          0x080002f7   Thumb Code     0  startup_stm32f10x_md.o(.text)
    TAMPER_IRQHandler                        0x080002f7   Thumb Code     0  startup_stm32f10x_md.o(.text)
    TIM1_BRK_IRQHandler                      0x080002f7   Thumb Code     0  startup_stm32f10x_md.o(.text)
    TIM1_CC_IRQHandler                       0x080002f7   Thumb Code     0  startup_stm32f10x_md.o(.text)
    TIM1_TRG_COM_IRQHandler                  0x080002f7   Thumb Code     0  startup_stm32f10x_md.o(.text)
    TIM1_UP_IRQHandler                       0x080002f7   Thumb Code     0  startup_stm32f10x_md.o(.text)
    TIM2_IRQHandler                          0x080002f7   Thumb Code     0  startup_stm32f10x_md.o(.text)
    TIM3_IRQHandler                          0x080002f7   Thumb Code     0  startup_stm32f10x_md.o(.text)
    TIM4_IRQHandler                          0x080002f7   Thumb Code     0  startup_stm32f10x_md.o(.text)
    USART1_IRQHandler                        0x080002f7   Thumb Code     0  startup_stm32f10x_md.o(.text)
    USART2_IRQHandler                        0x080002f7   Thumb Code     0  startup_stm32f10x_md.o(.text)
    USART3_IRQHandler                        0x080002f7   Thumb Code     0  startup_stm32f10x_md.o(.text)
    USBWakeUp_IRQHandler                     0x080002f7   Thumb Code     0  startup_stm32f10x_md.o(.text)
    USB_HP_CAN1_TX_IRQHandler                0x080002f7   Thumb Code     0  startup_stm32f10x_md.o(.text)
    USB_LP_CAN1_RX0_IRQHandler               0x080002f7   Thumb Code     0  startup_stm32f10x_md.o(.text)
    WWDG_IRQHandler                          0x080002f7   Thumb Code     0  startup_stm32f10x_md.o(.text)
    __user_initial_stackheap                 0x080002f9   Thumb Code     0  startup_stm32f10x_md.o(.text)
    __user_libspace                          0x0800031d   Thumb Code     8  libspace.o(.text)
    __user_perproc_libspace                  0x0800031d   Thumb Code     0  libspace.o(.text)
    exit                                     0x08000325   Thumb Code    18  exit.o(.text)
    __use_two_region_memory                  0x08000337   Thumb Code     2  heapauxi.o(.text)
    __rt_heap_escrow$2region                 0x08000339   Thumb Code     2  heapauxi.o(.text)
    __rt_heap_expand$2region                 0x0800033b   Thumb Code     2  heapauxi.o(.text)
    _sys_exit                                0x0800033d   Thumb Code     8  sys_exit.o(.text)
    __user_setup_stackheap                   0x08000349   Thumb Code    74  sys_stackheap_outer.o(.text)
    __I$use$semihosting                      0x08000393   Thumb Code     0  use_no_semi.o(.text)
    __use_no_semihosting_swi                 0x08000393   Thumb Code     2  use_no_semi.o(.text)
    SVC_Count                                0x08000394   Data           4  svc_table.o(SVC_TABLE)
    __semihosting_library_function           0x08000395   Thumb Code     0  indicate_semi.o(.text)
    Calcul_DutyCycle                         0x08000399   Thumb Code    72  motor.o(i.Calcul_DutyCycle)
    SVC_Table                                0x08000398   Data           0  svc_table.o(SVC_TABLE)
    DMA1_Channel1_Event                      0x080003e9   Thumb Code     2  dma_stm32f10x.o(i.DMA1_Channel1_Event)
    DMA1_Channel1_IRQHandler                 0x080003ed   Thumb Code    22  dma_stm32f10x.o(i.DMA1_Channel1_IRQHandler)
    DMA1_Channel2_Event                      0x08000409   Thumb Code     2  dma_stm32f10x.o(i.DMA1_Channel2_Event)
    DMA1_Channel2_IRQHandler                 0x0800040d   Thumb Code    24  dma_stm32f10x.o(i.DMA1_Channel2_IRQHandler)
    DMA1_Channel3_Event                      0x08000429   Thumb Code     2  dma_stm32f10x.o(i.DMA1_Channel3_Event)
    DMA1_Channel3_IRQHandler                 0x0800042d   Thumb Code    24  dma_stm32f10x.o(i.DMA1_Channel3_IRQHandler)
    DMA1_Channel4_Event                      0x08000449   Thumb Code     2  dma_stm32f10x.o(i.DMA1_Channel4_Event)
    DMA1_Channel4_IRQHandler                 0x0800044d   Thumb Code    24  dma_stm32f10x.o(i.DMA1_Channel4_IRQHandler)
    DMA1_Channel5_Event                      0x08000469   Thumb Code     2  dma_stm32f10x.o(i.DMA1_Channel5_Event)
    DMA1_Channel5_IRQHandler                 0x0800046d   Thumb Code    24  dma_stm32f10x.o(i.DMA1_Channel5_IRQHandler)
    DMA1_Channel6_Event                      0x08000489   Thumb Code     2  dma_stm32f10x.o(i.DMA1_Channel6_Event)
    DMA1_Channel6_IRQHandler                 0x0800048d   Thumb Code    24  dma_stm32f10x.o(i.DMA1_Channel6_IRQHandler)
    DMA1_Channel7_Event                      0x080004a9   Thumb Code     2  dma_stm32f10x.o(i.DMA1_Channel7_Event)
    DMA1_Channel7_IRQHandler                 0x080004ad   Thumb Code    24  dma_stm32f10x.o(i.DMA1_Channel7_IRQHandler)
    DMA_Cmd                                  0x080004c9   Thumb Code    24  stm32f10x_dma.o(i.DMA_Cmd)
    DMA_DeInit                               0x080004e1   Thumb Code   324  stm32f10x_dma.o(i.DMA_DeInit)
    DMA_ITConfig                             0x0800062d   Thumb Code    18  stm32f10x_dma.o(i.DMA_ITConfig)
    DMA_Init                                 0x0800063f   Thumb Code    60  stm32f10x_dma.o(i.DMA_Init)
    DMA_StructInit                           0x0800067b   Thumb Code    26  stm32f10x_dma.o(i.DMA_StructInit)
    Find_GPIO_Pin                            0x08000695   Thumb Code   244  motor.o(i.Find_GPIO_Pin)
    GPIO_Init                                0x0800079d   Thumb Code   278  stm32f10x_gpio.o(i.GPIO_Init)
    GPIO_SetBits                             0x080008b3   Thumb Code     4  stm32f10x_gpio.o(i.GPIO_SetBits)
    Go_Back                                  0x080008b9   Thumb Code    34  motor.o(i.Go_Back)
    Init_All_Motor                           0x080008e5   Thumb Code    52  motor.o(i.Init_All_Motor)
    Init_GPIO_Out                            0x08000925   Thumb Code    34  gpio.o(i.Init_GPIO_Out)
    Init_GPIO_PWM                            0x08000947   Thumb Code    34  gpio.o(i.Init_GPIO_PWM)
    Init_PWM                                 0x08000969   Thumb Code   132  pwm.o(i.Init_PWM)
    Init_Single_Motor                        0x080009ed   Thumb Code    54  motor.o(i.Init_Single_Motor)
    Init_Timer                               0x08000a25   Thumb Code    92  pwm.o(i.Init_Timer)
    InitializeSPI2                           0x08000aa1   Thumb Code   384  spi_interface.o(i.InitializeSPI2)
    NVIC_Init                                0x08000c35   Thumb Code   100  misc.o(i.NVIC_Init)
    RCC_AHBPeriphClockCmd                    0x08000ca5   Thumb Code    26  stm32f10x_rcc.o(i.RCC_AHBPeriphClockCmd)
    RCC_APB1PeriphClockCmd                   0x08000cc5   Thumb Code    26  stm32f10x_rcc.o(i.RCC_APB1PeriphClockCmd)
    RCC_APB1PeriphResetCmd                   0x08000ce5   Thumb Code    26  stm32f10x_rcc.o(i.RCC_APB1PeriphResetCmd)
    RCC_APB2PeriphClockCmd                   0x08000d05   Thumb Code    26  stm32f10x_rcc.o(i.RCC_APB2PeriphClockCmd)
    RCC_APB2PeriphResetCmd                   0x08000d25   Thumb Code    26  stm32f10x_rcc.o(i.RCC_APB2PeriphResetCmd)
    RCC_Configuration                        0x08000d45   Thumb Code    36  main.o(i.RCC_Configuration)
    RCC_PCLK1Config                          0x08000d69   Thumb Code    18  stm32f10x_rcc.o(i.RCC_PCLK1Config)
    SPI_Cmd                                  0x08000d81   Thumb Code    24  stm32f10x_spi.o(i.SPI_Cmd)
    SPI_I2S_DMACmd                           0x08000d99   Thumb Code    18  stm32f10x_spi.o(i.SPI_I2S_DMACmd)
    SPI_I2S_DeInit                           0x08000dad   Thumb Code    76  stm32f10x_spi.o(i.SPI_I2S_DeInit)
    SPI_Init                                 0x08000e05   Thumb Code    60  stm32f10x_spi.o(i.SPI_Init)
    SPI_StructInit                           0x08000e41   Thumb Code    24  stm32f10x_spi.o(i.SPI_StructInit)
    Set_PWM_DutyCycle                        0x08000f41   Thumb Code   130  pwm.o(i.Set_PWM_DutyCycle)
    SystemInit                               0x08000fe1   Thumb Code    78  system_stm32f10x.o(i.SystemInit)
    TIM_ARRPreloadConfig                     0x08001041   Thumb Code    24  stm32f10x_tim.o(i.TIM_ARRPreloadConfig)
    TIM_Cmd                                  0x08001059   Thumb Code    24  stm32f10x_tim.o(i.TIM_Cmd)
    TIM_OC1Init                              0x08001071   Thumb Code   132  stm32f10x_tim.o(i.TIM_OC1Init)
    TIM_OC1PreloadConfig                     0x08001109   Thumb Code    18  stm32f10x_tim.o(i.TIM_OC1PreloadConfig)
    TIM_OC2Init                              0x0800111d   Thumb Code   154  stm32f10x_tim.o(i.TIM_OC2Init)
    TIM_OC2PreloadConfig                     0x080011c1   Thumb Code    26  stm32f10x_tim.o(i.TIM_OC2PreloadConfig)
    TIM_OC3Init                              0x080011dd   Thumb Code   150  stm32f10x_tim.o(i.TIM_OC3Init)
    TIM_OC3PreloadConfig                     0x0800127d   Thumb Code    18  stm32f10x_tim.o(i.TIM_OC3PreloadConfig)
    TIM_OC4Init                              0x08001291   Thumb Code   114  stm32f10x_tim.o(i.TIM_OC4Init)
    TIM_OC4PreloadConfig                     0x0800130d   Thumb Code    26  stm32f10x_tim.o(i.TIM_OC4PreloadConfig)
    TIM_TimeBaseInit                         0x08001329   Thumb Code   122  stm32f10x_tim.o(i.TIM_TimeBaseInit)
    Turn_Right                               0x080013cd   Thumb Code    34  motor.o(i.Turn_Right)
    _init_box                                0x080013f5   Thumb Code    70  rt_membox.o(i._init_box)
    _mutex_acquire                           0x0800143d   Thumb Code    22  rtx_conf_cm.o(i._mutex_acquire)
    _mutex_release                           0x0800145d   Thumb Code    18  rtx_conf_cm.o(i._mutex_release)
    dbg_init                                 0x08001479   Thumb Code    34  hal_cm.o(i.dbg_init)
    dbg_task_notify                          0x080014a9   Thumb Code    32  hal_cm.o(i.dbg_task_notify)
    dbg_task_switch                          0x080014c9   Thumb Code    16  hal_cm.o(i.dbg_task_switch)
    isrMessageGet                            0x080014d9   Thumb Code    42  rt_cmsis.o(i.isrMessageGet)
    isrMessagePut                            0x08001503   Thumb Code    44  rt_cmsis.o(i.isrMessagePut)
    isr_mbx_receive                          0x08001531   Thumb Code    82  rt_mailbox.o(i.isr_mbx_receive)
    isr_mbx_send                             0x08001583   Thumb Code    14  rt_mailbox.o(i.isr_mbx_send)
    main                                     0x08001591   Thumb Code    52  main.o(i.main)
    osKernelInitialize                       0x080015c9   Thumb Code    30  rt_cmsis.o(i.osKernelInitialize)
    osKernelStart                            0x080015ed   Thumb Code    98  rt_cmsis.o(i.osKernelStart)
    osMessageGet                             0x08001659   Thumb Code    18  rt_cmsis.o(i.osMessageGet)
    osThreadCreate                           0x08001671   Thumb Code    38  rt_cmsis.o(i.osThreadCreate)
    osThreadExit                             0x080016a1   Thumb Code    14  rt_cmsis.o(i.osThreadExit)
    osTimerCall                              0x080016b9   Thumb Code     8  rt_cmsis.o(i.osTimerCall)
    osTimerThread                            0x080016c5   Thumb Code    38  rt_cmsis.o(i.osTimerThread)
    os_error                                 0x080016f1   Thumb Code    34  rtx_conf_cm.o(i.os_error)
    os_idle_demon                            0x08001713   Thumb Code     4  rtx_conf_cm.o(i.os_idle_demon)
    os_tick_init                             0x08001719   Thumb Code    32  rt_system.o(i.os_tick_init)
    os_tick_irqack                           0x08001741   Thumb Code     2  rt_system.o(i.os_tick_irqack)
    rt_alloc_box                             0x08001743   Thumb Code    26  rt_membox.o(i.rt_alloc_box)
    rt_alloc_mem                             0x0800175d   Thumb Code    62  rt_memory.o(i.rt_alloc_mem)
    rt_block                                 0x0800179d   Thumb Code    48  rt_task.o(i.rt_block)
    rt_chk_robin                             0x080017d5   Thumb Code    60  rt_robin.o(i.rt_chk_robin)
    rt_dec_dly                               0x0800181d   Thumb Code   102  rt_list.o(i.rt_dec_dly)
    rt_dispatch                              0x0800188d   Thumb Code    60  rt_task.o(i.rt_dispatch)
    rt_evt_psh                               0x080018d1   Thumb Code    76  rt_event.o(i.rt_evt_psh)
    rt_free_box                              0x08001921   Thumb Code    44  rt_membox.o(i.rt_free_box)
    rt_free_mem                              0x0800194d   Thumb Code    40  rt_memory.o(i.rt_free_mem)
    rt_get_first                             0x08001975   Thumb Code    40  rt_list.o(i.rt_get_first)
    rt_init_mem                              0x080019ed   Thumb Code    26  rt_memory.o(i.rt_init_mem)
    rt_init_robin                            0x08001a09   Thumb Code    14  rt_robin.o(i.rt_init_robin)
    rt_init_stack                            0x08001a21   Thumb Code   118  hal_cm.o(i.rt_init_stack)
    rt_mbx_check                             0x08001aa1   Thumb Code     8  rt_mailbox.o(i.rt_mbx_check)
    rt_mbx_init                              0x08001aa9   Thumb Code    26  rt_mailbox.o(i.rt_mbx_init)
    rt_mbx_psh                               0x08001ac5   Thumb Code   236  rt_mailbox.o(i.rt_mbx_psh)
    rt_mbx_wait                              0x08001bb5   Thumb Code   174  rt_mailbox.o(i.rt_mbx_wait)
    rt_mut_release                           0x08001cad   Thumb Code   208  rt_mutex.o(i.rt_mut_release)
    rt_mut_wait                              0x08001d85   Thumb Code   100  rt_mutex.o(i.rt_mut_wait)
    rt_pop_req                               0x08001ded   Thumb Code   112  rt_system.o(i.rt_pop_req)
    rt_psh_req                               0x08001e69   Thumb Code    22  rt_system.o(i.rt_psh_req)
    rt_psq_enq                               0x08001e89   Thumb Code    88  rt_list.o(i.rt_psq_enq)
    rt_put_dly                               0x08001ee5   Thumb Code    68  rt_list.o(i.rt_put_dly)
    rt_put_prio                              0x08001f2d   Thumb Code    54  rt_list.o(i.rt_put_prio)
    rt_put_rdy_first                         0x08001f65   Thumb Code    14  rt_list.o(i.rt_put_rdy_first)
    rt_resort_prio                           0x08001f79   Thumb Code    46  rt_list.o(i.rt_resort_prio)
    rt_ret_val                               0x08001fad   Thumb Code     6  hal_cm.o(i.rt_ret_val)
    rt_ret_val2                              0x08001fb3   Thumb Code     8  hal_cm.o(i.rt_ret_val2)
    rt_rmv_dly                               0x08001fbb   Thumb Code    40  rt_list.o(i.rt_rmv_dly)
    rt_rmv_list                              0x08001fe5   Thumb Code    44  rt_list.o(i.rt_rmv_list)
    rt_sem_psh                               0x08002015   Thumb Code    48  rt_semaphore.o(i.rt_sem_psh)
    rt_stk_check                             0x08002049   Thumb Code    28  rt_system.o(i.rt_stk_check)
    rt_switch_req                            0x0800206d   Thumb Code    30  rt_task.o(i.rt_switch_req)
    rt_sys_init                              0x08002095   Thumb Code   138  rt_task.o(i.rt_sys_init)
    rt_sys_start                             0x08002161   Thumb Code   110  rt_task.o(i.rt_sys_start)
    rt_systick                               0x080021d9   Thumb Code    50  rt_system.o(i.rt_systick)
    rt_tsk_create                            0x08002261   Thumb Code   118  rt_task.o(i.rt_tsk_create)
    rt_tsk_delete                            0x080022e9   Thumb Code   352  rt_task.o(i.rt_tsk_delete)
    rt_tsk_prio                              0x08002465   Thumb Code   108  rt_task.o(i.rt_tsk_prio)
    rt_tsk_self                              0x080024e1   Thumb Code    12  rt_task.o(i.rt_tsk_self)
    svcKernelInitialize                      0x080024f1   Thumb Code    80  rt_cmsis.o(i.svcKernelInitialize)
    svcKernelStart                           0x08002561   Thumb Code    62  rt_cmsis.o(i.svcKernelStart)
    svcMessageCreate                         0x080025a9   Thumb Code    36  rt_cmsis.o(i.svcMessageCreate)
    svcMessageGet                            0x080025cd   Thumb Code    58  rt_cmsis.o(i.svcMessageGet)
    svcThreadCreate                          0x08002609   Thumb Code   100  rt_cmsis.o(i.svcThreadCreate)
    svcThreadGetId                           0x08002679   Thumb Code    22  rt_cmsis.o(i.svcThreadGetId)
    svcThreadTerminate                       0x08002695   Thumb Code    50  rt_cmsis.o(i.svcThreadTerminate)
    svcTimerCall                             0x080026cd   Thumb Code    24  rt_cmsis.o(i.svcTimerCall)
    sysTimerTick                             0x080026e5   Thumb Code    84  rt_cmsis.o(i.sysTimerTick)
    __aeabi_d2f                              0x08002741   Thumb Code     0  d2f.o(x$fpl$d2f)
    _d2f                                     0x08002741   Thumb Code    98  d2f.o(x$fpl$d2f)
    __fpl_dcmp_Inf                           0x080027a3   Thumb Code    24  dcmpi.o(x$fpl$dcmpinf)
    __aeabi_cdcmple                          0x080027bd   Thumb Code     0  dleqf.o(x$fpl$dleqf)
    _dcmple                                  0x080027bd   Thumb Code   120  dleqf.o(x$fpl$dleqf)
    __fpl_dcmple_InfNaN                      0x0800281f   Thumb Code     0  dleqf.o(x$fpl$dleqf)
    __aeabi_dmul                             0x08002835   Thumb Code     0  dmul.o(x$fpl$dmul)
    _dmul                                    0x08002835   Thumb Code   332  dmul.o(x$fpl$dmul)
    __fpl_dnaninf                            0x08002989   Thumb Code   156  dnaninf.o(x$fpl$dnaninf)
    __fpl_dretinf                            0x08002a25   Thumb Code    12  dretinf.o(x$fpl$dretinf)
    __aeabi_cdrcmple                         0x08002a31   Thumb Code     0  drleqf.o(x$fpl$drleqf)
    _drcmple                                 0x08002a31   Thumb Code   108  drleqf.o(x$fpl$drleqf)
    __aeabi_f2d                              0x08002a9d   Thumb Code     0  f2d.o(x$fpl$f2d)
    _f2d                                     0x08002a9d   Thumb Code    86  f2d.o(x$fpl$f2d)
    __aeabi_f2uiz                            0x08002af5   Thumb Code     0  ffixu.o(x$fpl$ffixu)
    _ffixu                                   0x08002af5   Thumb Code    62  ffixu.o(x$fpl$ffixu)
    __aeabi_i2f                              0x08002b35   Thumb Code     0  fflt_clz.o(x$fpl$fflt)
    _fflt                                    0x08002b35   Thumb Code    48  fflt_clz.o(x$fpl$fflt)
    __aeabi_fmul                             0x08002b65   Thumb Code     0  fmul.o(x$fpl$fmul)
    _fmul                                    0x08002b65   Thumb Code   258  fmul.o(x$fpl$fmul)
    __fpl_fnaninf                            0x08002c67   Thumb Code   140  fnaninf.o(x$fpl$fnaninf)
    __fpl_fretinf                            0x08002cf3   Thumb Code    10  fretinf.o(x$fpl$fretinf)
    __I$use$fp                               0x08002cfc   Number         0  usenofp.o(x$fpl$usenofp)
    os_maxtaskrun                            0x08002cfc   Data           2  rtx_conf_cm.o(.constdata)
    os_stackinfo                             0x08002d00   Data           4  rtx_conf_cm.o(.constdata)
    os_rrobin                                0x08002d04   Data           4  rtx_conf_cm.o(.constdata)
    os_tickfreq                              0x08002d08   Data           4  rtx_conf_cm.o(.constdata)
    os_tickus_i                              0x08002d0c   Data           2  rtx_conf_cm.o(.constdata)
    os_tickus_f                              0x08002d0e   Data           2  rtx_conf_cm.o(.constdata)
    os_trv                                   0x08002d10   Data           4  rtx_conf_cm.o(.constdata)
    os_flags                                 0x08002d14   Data           1  rtx_conf_cm.o(.constdata)
    CMSIS_RTOS_API_Version                   0x08002d18   Data           4  rtx_conf_cm.o(.constdata)
    CMSIS_RTOS_RTX_Version                   0x08002d1c   Data           4  rtx_conf_cm.o(.constdata)
    os_clockrate                             0x08002d20   Data           4  rtx_conf_cm.o(.constdata)
    os_timernum                              0x08002d24   Data           4  rtx_conf_cm.o(.constdata)
    mp_tcb_size                              0x08002d28   Data           2  rtx_conf_cm.o(.constdata)
    mp_stk_size                              0x08002d2c   Data           4  rtx_conf_cm.o(.constdata)
    os_stack_sz                              0x08002d30   Data           4  rtx_conf_cm.o(.constdata)
    os_fifo_size                             0x08002d34   Data           1  rtx_conf_cm.o(.constdata)
    os_thread_def_osTimerThread              0x08002d38   Data          16  rtx_conf_cm.o(.constdata)
    os_messageQ_def_osTimerMessageQ          0x08002d48   Data           8  rtx_conf_cm.o(.constdata)
    mp_tmr_size                              0x08002d50   Data           2  rtx_conf_cm.o(.constdata)
    Region$$Table$$Base                      0x08002d54   Number         0  anon$$obj.o(Region$$Table)
    Region$$Table$$Limit                     0x08002d74   Number         0  anon$$obj.o(Region$$Table)
    AUTORELOAD_VALUE_TIM1                    0x20000000   Data           4  pwm.o(.data)
    AUTORELOAD_VALUE_TIM2                    0x20000004   Data           4  pwm.o(.data)
    AUTORELOAD_VALUE_TIM3                    0x20000008   Data           4  pwm.o(.data)
    AUTORELOAD_VALUE_TIM4                    0x2000000c   Data           4  pwm.o(.data)
    SPITransmittedValue                      0x20000010   Data          20  spi_interface.o(.data)
    osThreadId_osTimerThread                 0x20000024   Data           4  rtx_conf_cm.o(.data)
    osMessageQId_osTimerMessageQ             0x20000028   Data           4  rtx_conf_cm.o(.data)
    os_tmr                                   0x2000002c   Data           4  rtx_conf_cm.o(.data)
    m_tmr                                    0x20000030   Data           4  rtx_conf_cm.o(.data)
    os_thread_def_main                       0x20000038   Data          16  rtx_conf_cm.o(.data)
    os_initialized                           0x20000048   Data           1  rt_cmsis.o(.data)
    os_running                               0x20000049   Data           1  rt_cmsis.o(.data)
    os_timer_head                            0x2000004c   Data           4  rt_cmsis.o(.data)
    os_tsk                                   0x20000050   Data           8  rt_task.o(.data)
    os_tick_irqn                             0x2000005c   Data           4  rt_system.o(.data)
    os_time                                  0x20000060   Data           4  rt_time.o(.data)
    os_robin                                 0x20000064   Data           8  rt_robin.o(.data)
    dbg_msg                                  0x2000006c   Data           1  hal_cm.o(.data)
    SPIReceivedValue                         0x20000070   Data          20  spi_interface.o(.bss)
    mp_tcb                                   0x20000088   Data         376  rtx_conf_cm.o(.bss)
    mp_stk                                   0x20000200   Data        1216  rtx_conf_cm.o(.bss)
    os_stack_mem                             0x200006c0   Data         432  rtx_conf_cm.o(.bss)
    os_fifo                                  0x20000870   Data         132  rtx_conf_cm.o(.bss)
    os_active_TCB                            0x200008f4   Data          28  rtx_conf_cm.o(.bss)
    os_messageQ_q_osTimerMessageQ            0x20000910   Data          32  rtx_conf_cm.o(.bss)
    os_idle_TCB                              0x20000c50   Data          52  rt_task.o(.bss)
    os_rdy                                   0x20000c84   Data          24  rt_list.o(.bss)
    os_dly                                   0x20000c9c   Data          24  rt_list.o(.bss)
    __libspace_start                         0x20000cb4   Data          96  libspace.o(.bss)
    __temporary_stack_top$libspace           0x20000d14   Data           0  libspace.o(.bss)



==============================================================================

Memory Map of the image

  Image Entry point : 0x080002dd

  Load Region LR_1 (Base: 0x08000000, Size: 0x00002de4, Max: 0xffffffff, ABSOLUTE)

    Execution Region ER_RO (Base: 0x08000000, Size: 0x00002d74, Max: 0xffffffff, ABSOLUTE)

    Base Addr    Size         Type   Attr      Idx    E Section Name        Object

    0x08000000   0x000000ec   Data   RO         2840    RESET               startup_stm32f10x_md.o
    0x080000ec   0x00000008   Code   RO         4113  * !!!main             c_w.l(__main.o)
    0x080000f4   0x00000034   Code   RO         4307    !!!scatter          c_w.l(__scatter.o)
    0x08000128   0x0000001a   Code   RO         4309    !!handler_copy      c_w.l(__scatter_copy.o)
    0x08000142   0x00000002   PAD
    0x08000144   0x0000001c   Code   RO         4311    !!handler_zi        c_w.l(__scatter_zi.o)
    0x08000160   0x00000002   Code   RO         4193    .ARM.Collect$$libinit$$00000000  c_w.l(libinit.o)
    0x08000162   0x00000000   Code   RO         4205    .ARM.Collect$$libinit$$00000002  c_w.l(libinit2.o)
    0x08000162   0x00000000   Code   RO         4207    .ARM.Collect$$libinit$$00000004  c_w.l(libinit2.o)
    0x08000162   0x00000000   Code   RO         4210    .ARM.Collect$$libinit$$0000000A  c_w.l(libinit2.o)
    0x08000162   0x00000000   Code   RO         4212    .ARM.Collect$$libinit$$0000000C  c_w.l(libinit2.o)
    0x08000162   0x00000000   Code   RO         4214    .ARM.Collect$$libinit$$0000000E  c_w.l(libinit2.o)
    0x08000162   0x00000000   Code   RO         4217    .ARM.Collect$$libinit$$00000011  c_w.l(libinit2.o)
    0x08000162   0x00000000   Code   RO         4219    .ARM.Collect$$libinit$$00000013  c_w.l(libinit2.o)
    0x08000162   0x00000000   Code   RO         4221    .ARM.Collect$$libinit$$00000015  c_w.l(libinit2.o)
    0x08000162   0x00000000   Code   RO         4223    .ARM.Collect$$libinit$$00000017  c_w.l(libinit2.o)
    0x08000162   0x00000000   Code   RO         4225    .ARM.Collect$$libinit$$00000019  c_w.l(libinit2.o)
    0x08000162   0x00000000   Code   RO         4227    .ARM.Collect$$libinit$$0000001B  c_w.l(libinit2.o)
    0x08000162   0x00000000   Code   RO         4229    .ARM.Collect$$libinit$$0000001D  c_w.l(libinit2.o)
    0x08000162   0x00000000   Code   RO         4231    .ARM.Collect$$libinit$$0000001F  c_w.l(libinit2.o)
    0x08000162   0x00000000   Code   RO         4233    .ARM.Collect$$libinit$$00000021  c_w.l(libinit2.o)
    0x08000162   0x00000000   Code   RO         4235    .ARM.Collect$$libinit$$00000023  c_w.l(libinit2.o)
    0x08000162   0x00000000   Code   RO         4237    .ARM.Collect$$libinit$$00000025  c_w.l(libinit2.o)
    0x08000162   0x00000000   Code   RO         4241    .ARM.Collect$$libinit$$0000002C  c_w.l(libinit2.o)
    0x08000162   0x00000000   Code   RO         4243    .ARM.Collect$$libinit$$0000002E  c_w.l(libinit2.o)
    0x08000162   0x00000000   Code   RO         4245    .ARM.Collect$$libinit$$00000030  c_w.l(libinit2.o)
    0x08000162   0x00000000   Code   RO         4247    .ARM.Collect$$libinit$$00000032  c_w.l(libinit2.o)
    0x08000162   0x00000002   Code   RO         4248    .ARM.Collect$$libinit$$00000033  c_w.l(libinit2.o)
    0x08000164   0x00000002   Code   RO         4194    .ARM.Collect$$libshutdown$$00000000  c_w.l(libshutdown.o)
    0x08000166   0x00000000   Code   RO         4250    .ARM.Collect$$libshutdown$$00000002  c_w.l(libshutdown2.o)
    0x08000166   0x00000000   Code   RO         4252    .ARM.Collect$$libshutdown$$00000004  c_w.l(libshutdown2.o)
    0x08000166   0x00000000   Code   RO         4255    .ARM.Collect$$libshutdown$$00000007  c_w.l(libshutdown2.o)
    0x08000166   0x00000000   Code   RO         4258    .ARM.Collect$$libshutdown$$0000000A  c_w.l(libshutdown2.o)
    0x08000166   0x00000000   Code   RO         4260    .ARM.Collect$$libshutdown$$0000000C  c_w.l(libshutdown2.o)
    0x08000166   0x00000000   Code   RO         4263    .ARM.Collect$$libshutdown$$0000000F  c_w.l(libshutdown2.o)
    0x08000166   0x00000002   Code   RO         4264    .ARM.Collect$$libshutdown$$00000010  c_w.l(libshutdown2.o)
    0x08000168   0x00000000   Code   RO         4137    .ARM.Collect$$rtentry$$00000000  c_w.l(__rtentry.o)
    0x08000168   0x00000000   Code   RO         4156    .ARM.Collect$$rtentry$$00000002  c_w.l(__rtentry2.o)
    0x08000168   0x00000006   Code   RO         4168    .ARM.Collect$$rtentry$$00000004  c_w.l(__rtentry4.o)
    0x0800016e   0x00000000   Code   RO         4158    .ARM.Collect$$rtentry$$00000009  c_w.l(__rtentry2.o)
    0x0800016e   0x00000004   Code   RO         4159    .ARM.Collect$$rtentry$$0000000A  c_w.l(__rtentry2.o)
    0x08000172   0x00000008   Code   RO         4160    .ARM.Collect$$rtentry$$0000000B  c_w.l(__rtentry2.o)
    0x0800017a   0x00000008   Code   RO         4162    .ARM.Collect$$rtentry$$0000000D  c_w.l(__rtentry2.o)
    0x08000182   0x00000002   Code   RO         4138    .ARM.Collect$$rtexit$$00000000  c_w.l(rtexit.o)
    0x08000184   0x00000000   Code   RO         4171    .ARM.Collect$$rtexit$$00000002  c_w.l(rtexit2.o)
    0x08000184   0x00000004   Code   RO         4172    .ARM.Collect$$rtexit$$00000003  c_w.l(rtexit2.o)
    0x08000188   0x00000006   Code   RO         4173    .ARM.Collect$$rtexit$$00000004  c_w.l(rtexit2.o)
    0x0800018e   0x00000002   PAD
    0x08000190   0x0000001c   Code   RO          422    .emb_text           rtx_conf_cm.o
    0x080001ac   0x00000130   Code   RO         4089    .emb_text           RTX_CM3.lib(hal_cm3.o)
    0x080002dc   0x00000040   Code   RO         2841  * .text               startup_stm32f10x_md.o
    0x0800031c   0x00000008   Code   RO         4104    .text               c_w.l(libspace.o)
    0x08000324   0x00000012   Code   RO         4109    .text               c_w.l(exit.o)
    0x08000336   0x00000006   Code   RO         4111    .text               c_w.l(heapauxi.o)
    0x0800033c   0x0000000c   Code   RO         4179    .text               c_w.l(sys_exit.o)
    0x08000348   0x0000004a   Code   RO         4181    .text               c_w.l(sys_stackheap_outer.o)
    0x08000392   0x00000002   Code   RO         4195    .text               c_w.l(use_no_semi.o)
    0x08000394   0x00000000   Code   RO         4197    .text               c_w.l(indicate_semi.o)
    0x08000394   0x00000004   Code   RO         4099    SVC_TABLE           RTX_CM3.lib(svc_table.o)
    0x08000398   0x00000050   Code   RO          157    i.Calcul_DutyCycle  motor.o
    0x080003e8   0x00000002   Code   RO         2643    i.DMA1_Channel1_Event  dma_stm32f10x.o
    0x080003ea   0x00000002   PAD
    0x080003ec   0x0000001c   Code   RO         2644    i.DMA1_Channel1_IRQHandler  dma_stm32f10x.o
    0x08000408   0x00000002   Code   RO         2645    i.DMA1_Channel2_Event  dma_stm32f10x.o
    0x0800040a   0x00000002   PAD
    0x0800040c   0x0000001c   Code   RO         2646    i.DMA1_Channel2_IRQHandler  dma_stm32f10x.o
    0x08000428   0x00000002   Code   RO         2647    i.DMA1_Channel3_Event  dma_stm32f10x.o
    0x0800042a   0x00000002   PAD
    0x0800042c   0x0000001c   Code   RO         2648    i.DMA1_Channel3_IRQHandler  dma_stm32f10x.o
    0x08000448   0x00000002   Code   RO         2649    i.DMA1_Channel4_Event  dma_stm32f10x.o
    0x0800044a   0x00000002   PAD
    0x0800044c   0x0000001c   Code   RO         2650    i.DMA1_Channel4_IRQHandler  dma_stm32f10x.o
    0x08000468   0x00000002   Code   RO         2651    i.DMA1_Channel5_Event  dma_stm32f10x.o
    0x0800046a   0x00000002   PAD
    0x0800046c   0x0000001c   Code   RO         2652    i.DMA1_Channel5_IRQHandler  dma_stm32f10x.o
    0x08000488   0x00000002   Code   RO         2653    i.DMA1_Channel6_Event  dma_stm32f10x.o
    0x0800048a   0x00000002   PAD
    0x0800048c   0x0000001c   Code   RO         2654    i.DMA1_Channel6_IRQHandler  dma_stm32f10x.o
    0x080004a8   0x00000002   Code   RO         2655    i.DMA1_Channel7_Event  dma_stm32f10x.o
    0x080004aa   0x00000002   PAD
    0x080004ac   0x0000001c   Code   RO         2656    i.DMA1_Channel7_IRQHandler  dma_stm32f10x.o
    0x080004c8   0x00000018   Code   RO         1027    i.DMA_Cmd           stm32f10x_dma.o
    0x080004e0   0x0000014c   Code   RO         1028    i.DMA_DeInit        stm32f10x_dma.o
    0x0800062c   0x00000012   Code   RO         1032    i.DMA_ITConfig      stm32f10x_dma.o
    0x0800063e   0x0000003c   Code   RO         1033    i.DMA_Init          stm32f10x_dma.o
    0x0800067a   0x0000001a   Code   RO         1035    i.DMA_StructInit    stm32f10x_dma.o
    0x08000694   0x00000108   Code   RO          158    i.Find_GPIO_Pin     motor.o
    0x0800079c   0x00000116   Code   RO         1115    i.GPIO_Init         stm32f10x_gpio.o
    0x080008b2   0x00000004   Code   RO         1123    i.GPIO_SetBits      stm32f10x_gpio.o
    0x080008b6   0x00000002   PAD
    0x080008b8   0x0000002c   Code   RO          159    i.Go_Back           motor.o
    0x080008e4   0x00000040   Code   RO          161    i.Init_All_Motor    motor.o
    0x08000924   0x00000022   Code   RO          122    i.Init_GPIO_Out     gpio.o
    0x08000946   0x00000022   Code   RO          123    i.Init_GPIO_PWM     gpio.o
    0x08000968   0x00000084   Code   RO          247    i.Init_PWM          pwm.o
    0x080009ec   0x00000036   Code   RO          162    i.Init_Single_Motor  motor.o
    0x08000a22   0x00000002   PAD
    0x08000a24   0x0000007c   Code   RO          248    i.Init_Timer        pwm.o
    0x08000aa0   0x00000194   Code   RO          289    i.InitializeSPI2    spi_interface.o
    0x08000c34   0x00000070   Code   RO          486    i.NVIC_Init         misc.o
    0x08000ca4   0x00000020   Code   RO         1524    i.RCC_AHBPeriphClockCmd  stm32f10x_rcc.o
    0x08000cc4   0x00000020   Code   RO         1525    i.RCC_APB1PeriphClockCmd  stm32f10x_rcc.o
    0x08000ce4   0x00000020   Code   RO         1526    i.RCC_APB1PeriphResetCmd  stm32f10x_rcc.o
    0x08000d04   0x00000020   Code   RO         1527    i.RCC_APB2PeriphClockCmd  stm32f10x_rcc.o
    0x08000d24   0x00000020   Code   RO         1528    i.RCC_APB2PeriphResetCmd  stm32f10x_rcc.o
    0x08000d44   0x00000024   Code   RO            4    i.RCC_Configuration  main.o
    0x08000d68   0x00000018   Code   RO         1546    i.RCC_PCLK1Config   stm32f10x_rcc.o
    0x08000d80   0x00000018   Code   RO         1740    i.SPI_Cmd           stm32f10x_spi.o
    0x08000d98   0x00000012   Code   RO         1746    i.SPI_I2S_DMACmd    stm32f10x_spi.o
    0x08000daa   0x00000002   PAD
    0x08000dac   0x00000058   Code   RO         1747    i.SPI_I2S_DeInit    stm32f10x_spi.o
    0x08000e04   0x0000003c   Code   RO         1753    i.SPI_Init          stm32f10x_spi.o
    0x08000e40   0x00000018   Code   RO         1756    i.SPI_StructInit    stm32f10x_spi.o
    0x08000e58   0x00000008   Code   RO         2848    i.SetSysClock       system_stm32f10x.o
    0x08000e60   0x000000e0   Code   RO         2849    i.SetSysClockTo72   system_stm32f10x.o
    0x08000f40   0x000000a0   Code   RO          249    i.Set_PWM_DutyCycle  pwm.o
    0x08000fe0   0x00000060   Code   RO         2851    i.SystemInit        system_stm32f10x.o
    0x08001040   0x00000018   Code   RO         1895    i.TIM_ARRPreloadConfig  stm32f10x_tim.o
    0x08001058   0x00000018   Code   RO         1907    i.TIM_Cmd           stm32f10x_tim.o
    0x08001070   0x00000098   Code   RO         1936    i.TIM_OC1Init       stm32f10x_tim.o
    0x08001108   0x00000012   Code   RO         1939    i.TIM_OC1PreloadConfig  stm32f10x_tim.o
    0x0800111a   0x00000002   PAD
    0x0800111c   0x000000a4   Code   RO         1941    i.TIM_OC2Init       stm32f10x_tim.o
    0x080011c0   0x0000001a   Code   RO         1944    i.TIM_OC2PreloadConfig  stm32f10x_tim.o
    0x080011da   0x00000002   PAD
    0x080011dc   0x000000a0   Code   RO         1946    i.TIM_OC3Init       stm32f10x_tim.o
    0x0800127c   0x00000012   Code   RO         1949    i.TIM_OC3PreloadConfig  stm32f10x_tim.o
    0x0800128e   0x00000002   PAD
    0x08001290   0x0000007c   Code   RO         1951    i.TIM_OC4Init       stm32f10x_tim.o
    0x0800130c   0x0000001a   Code   RO         1953    i.TIM_OC4PreloadConfig  stm32f10x_tim.o
    0x08001326   0x00000002   PAD
    0x08001328   0x000000a4   Code   RO         1978    i.TIM_TimeBaseInit  stm32f10x_tim.o
    0x080013cc   0x00000028   Code   RO          168    i.Turn_Right        motor.o
    0x080013f4   0x00000046   Code   RO         3988    i._init_box         RTX_CM3.lib(rt_membox.o)
    0x0800143a   0x00000002   PAD
    0x0800143c   0x00000020   Code   RO          424    i._mutex_acquire    rtx_conf_cm.o
    0x0800145c   0x0000001c   Code   RO          426    i._mutex_release    rtx_conf_cm.o
    0x08001478   0x00000030   Code   RO         4041    i.dbg_init          RTX_CM3.lib(hal_cm.o)
    0x080014a8   0x00000020   Code   RO         4042    i.dbg_task_notify   RTX_CM3.lib(hal_cm.o)
    0x080014c8   0x00000010   Code   RO         4043    i.dbg_task_switch   RTX_CM3.lib(hal_cm.o)
    0x080014d8   0x0000002a   Code   RO         2894    i.isrMessageGet     RTX_CM3.lib(rt_cmsis.o)
    0x08001502   0x0000002c   Code   RO         2895    i.isrMessagePut     RTX_CM3.lib(rt_cmsis.o)
    0x0800152e   0x00000002   PAD
    0x08001530   0x00000052   Code   RO         3843    i.isr_mbx_receive   RTX_CM3.lib(rt_mailbox.o)
    0x08001582   0x0000000e   Code   RO         3844    i.isr_mbx_send      RTX_CM3.lib(rt_mailbox.o)
    0x08001590   0x00000038   Code   RO            5    i.main              main.o
    0x080015c8   0x00000024   Code   RO         2899    i.osKernelInitialize  RTX_CM3.lib(rt_cmsis.o)
    0x080015ec   0x0000006c   Code   RO         2901    i.osKernelStart     RTX_CM3.lib(rt_cmsis.o)
    0x08001658   0x00000018   Code   RO         2910    i.osMessageGet      RTX_CM3.lib(rt_cmsis.o)
    0x08001670   0x00000030   Code   RO         2927    i.osThreadCreate    RTX_CM3.lib(rt_cmsis.o)
    0x080016a0   0x00000018   Code   RO         2928    i.osThreadExit      RTX_CM3.lib(rt_cmsis.o)
    0x080016b8   0x0000000c   Code   RO         2934    i.osTimerCall       RTX_CM3.lib(rt_cmsis.o)
    0x080016c4   0x0000002c   Code   RO         2939    i.osTimerThread     RTX_CM3.lib(rt_cmsis.o)
    0x080016f0   0x00000022   Code   RO          427    i.os_error          rtx_conf_cm.o
    0x08001712   0x00000004   Code   RO          428    i.os_idle_demon     rtx_conf_cm.o
    0x08001716   0x00000002   PAD
    0x08001718   0x00000028   Code   RO         3635    i.os_tick_init      RTX_CM3.lib(rt_system.o)
    0x08001740   0x00000002   Code   RO         3636    i.os_tick_irqack    RTX_CM3.lib(rt_system.o)
    0x08001742   0x0000001a   Code   RO         3989    i.rt_alloc_box      RTX_CM3.lib(rt_membox.o)
    0x0800175c   0x0000003e   Code   RO         4017    i.rt_alloc_mem      RTX_CM3.lib(rt_memory.o)
    0x0800179a   0x00000002   PAD
    0x0800179c   0x00000038   Code   RO         3516    i.rt_block          RTX_CM3.lib(rt_task.o)
    0x080017d4   0x00000048   Code   RO         3966    i.rt_chk_robin      RTX_CM3.lib(rt_robin.o)
    0x0800181c   0x00000070   Code   RO         3767    i.rt_dec_dly        RTX_CM3.lib(rt_list.o)
    0x0800188c   0x00000044   Code   RO         3517    i.rt_dispatch       RTX_CM3.lib(rt_task.o)
    0x080018d0   0x00000050   Code   RO         3728    i.rt_evt_psh        RTX_CM3.lib(rt_event.o)
    0x08001920   0x0000002c   Code   RO         3990    i.rt_free_box       RTX_CM3.lib(rt_membox.o)
    0x0800194c   0x00000028   Code   RO         4018    i.rt_free_mem       RTX_CM3.lib(rt_memory.o)
    0x08001974   0x00000028   Code   RO         3768    i.rt_get_first      RTX_CM3.lib(rt_list.o)
    0x0800199c   0x00000008   Code   RO         2944    i.rt_id2obj         RTX_CM3.lib(rt_cmsis.o)
    0x080019a4   0x00000048   Code   RO         3518    i.rt_init_context   RTX_CM3.lib(rt_task.o)
    0x080019ec   0x0000001a   Code   RO         4019    i.rt_init_mem       RTX_CM3.lib(rt_memory.o)
    0x08001a06   0x00000002   PAD
    0x08001a08   0x00000018   Code   RO         3967    i.rt_init_robin     RTX_CM3.lib(rt_robin.o)
    0x08001a20   0x00000080   Code   RO         4044    i.rt_init_stack     RTX_CM3.lib(hal_cm.o)
    0x08001aa0   0x00000008   Code   RO         3845    i.rt_mbx_check      RTX_CM3.lib(rt_mailbox.o)
    0x08001aa8   0x0000001a   Code   RO         3846    i.rt_mbx_init       RTX_CM3.lib(rt_mailbox.o)
    0x08001ac2   0x00000002   PAD
    0x08001ac4   0x000000f0   Code   RO         3847    i.rt_mbx_psh        RTX_CM3.lib(rt_mailbox.o)
    0x08001bb4   0x000000b4   Code   RO         3849    i.rt_mbx_wait       RTX_CM3.lib(rt_mailbox.o)
    0x08001c68   0x00000044   Code   RO         2945    i.rt_ms2tick        RTX_CM3.lib(rt_cmsis.o)
    0x08001cac   0x000000d8   Code   RO         3602    i.rt_mut_release    RTX_CM3.lib(rt_mutex.o)
    0x08001d84   0x00000068   Code   RO         3603    i.rt_mut_wait       RTX_CM3.lib(rt_mutex.o)
    0x08001dec   0x0000007c   Code   RO         3639    i.rt_pop_req        RTX_CM3.lib(rt_system.o)
    0x08001e68   0x00000020   Code   RO         3640    i.rt_psh_req        RTX_CM3.lib(rt_system.o)
    0x08001e88   0x0000005c   Code   RO         3770    i.rt_psq_enq        RTX_CM3.lib(rt_list.o)
    0x08001ee4   0x00000048   Code   RO         3771    i.rt_put_dly        RTX_CM3.lib(rt_list.o)
    0x08001f2c   0x00000036   Code   RO         3772    i.rt_put_prio       RTX_CM3.lib(rt_list.o)
    0x08001f62   0x00000002   PAD
    0x08001f64   0x00000014   Code   RO         3773    i.rt_put_rdy_first  RTX_CM3.lib(rt_list.o)
    0x08001f78   0x00000034   Code   RO         3774    i.rt_resort_prio    RTX_CM3.lib(rt_list.o)
    0x08001fac   0x00000006   Code   RO         4045    i.rt_ret_val        RTX_CM3.lib(hal_cm.o)
    0x08001fb2   0x00000008   Code   RO         4046    i.rt_ret_val2       RTX_CM3.lib(hal_cm.o)
    0x08001fba   0x00000028   Code   RO         3775    i.rt_rmv_dly        RTX_CM3.lib(rt_list.o)
    0x08001fe2   0x00000002   PAD
    0x08001fe4   0x00000030   Code   RO         3776    i.rt_rmv_list       RTX_CM3.lib(rt_list.o)
    0x08002014   0x00000034   Code   RO         3894    i.rt_sem_psh        RTX_CM3.lib(rt_semaphore.o)
    0x08002048   0x00000024   Code   RO         3642    i.rt_stk_check      RTX_CM3.lib(rt_system.o)
    0x0800206c   0x00000028   Code   RO         3519    i.rt_switch_req     RTX_CM3.lib(rt_task.o)
    0x08002094   0x000000cc   Code   RO         3520    i.rt_sys_init       RTX_CM3.lib(rt_task.o)
    0x08002160   0x00000078   Code   RO         3521    i.rt_sys_start      RTX_CM3.lib(rt_task.o)
    0x080021d8   0x00000040   Code   RO         3644    i.rt_systick        RTX_CM3.lib(rt_system.o)
    0x08002218   0x00000012   Code   RO         2946    i.rt_tid2ptcb       RTX_CM3.lib(rt_cmsis.o)
    0x0800222a   0x00000002   PAD
    0x0800222c   0x00000034   Code   RO         2947    i.rt_timer_insert   RTX_CM3.lib(rt_cmsis.o)
    0x08002260   0x00000088   Code   RO         3522    i.rt_tsk_create     RTX_CM3.lib(rt_task.o)
    0x080022e8   0x0000017c   Code   RO         3523    i.rt_tsk_delete     RTX_CM3.lib(rt_task.o)
    0x08002464   0x0000007c   Code   RO         3525    i.rt_tsk_prio       RTX_CM3.lib(rt_task.o)
    0x080024e0   0x00000010   Code   RO         3526    i.rt_tsk_self       RTX_CM3.lib(rt_task.o)
    0x080024f0   0x00000070   Code   RO         2950    i.svcKernelInitialize  RTX_CM3.lib(rt_cmsis.o)
    0x08002560   0x00000048   Code   RO         2952    i.svcKernelStart    RTX_CM3.lib(rt_cmsis.o)
    0x080025a8   0x00000024   Code   RO         2955    i.svcMessageCreate  RTX_CM3.lib(rt_cmsis.o)
    0x080025cc   0x0000003a   Code   RO         2956    i.svcMessageGet     RTX_CM3.lib(rt_cmsis.o)
    0x08002606   0x00000002   PAD
    0x08002608   0x00000070   Code   RO         2970    i.svcThreadCreate   RTX_CM3.lib(rt_cmsis.o)
    0x08002678   0x0000001c   Code   RO         2971    i.svcThreadGetId    RTX_CM3.lib(rt_cmsis.o)
    0x08002694   0x00000038   Code   RO         2974    i.svcThreadTerminate  RTX_CM3.lib(rt_cmsis.o)
    0x080026cc   0x00000018   Code   RO         2976    i.svcTimerCall      RTX_CM3.lib(rt_cmsis.o)
    0x080026e4   0x0000005c   Code   RO         2985    i.sysTimerTick      RTX_CM3.lib(rt_cmsis.o)
    0x08002740   0x00000062   Code   RO         4115    x$fpl$d2f           fz_ws.l(d2f.o)
    0x080027a2   0x00000018   Code   RO         4144    x$fpl$dcmpinf       fz_ws.l(dcmpi.o)
    0x080027ba   0x00000002   PAD
    0x080027bc   0x00000078   Code   RO         4117    x$fpl$dleqf         fz_ws.l(dleqf.o)
    0x08002834   0x00000154   Code   RO         4119    x$fpl$dmul          fz_ws.l(dmul.o)
    0x08002988   0x0000009c   Code   RO         4146    x$fpl$dnaninf       fz_ws.l(dnaninf.o)
    0x08002a24   0x0000000c   Code   RO         4148    x$fpl$dretinf       fz_ws.l(dretinf.o)
    0x08002a30   0x0000006c   Code   RO         4121    x$fpl$drleqf        fz_ws.l(drleqf.o)
    0x08002a9c   0x00000056   Code   RO         4123    x$fpl$f2d           fz_ws.l(f2d.o)
    0x08002af2   0x00000002   PAD
    0x08002af4   0x0000003e   Code   RO         4125    x$fpl$ffixu         fz_ws.l(ffixu.o)
    0x08002b32   0x00000002   PAD
    0x08002b34   0x00000030   Code   RO         4130    x$fpl$fflt          fz_ws.l(fflt_clz.o)
    0x08002b64   0x00000102   Code   RO         4135    x$fpl$fmul          fz_ws.l(fmul.o)
    0x08002c66   0x0000008c   Code   RO         4150    x$fpl$fnaninf       fz_ws.l(fnaninf.o)
    0x08002cf2   0x0000000a   Code   RO         4152    x$fpl$fretinf       fz_ws.l(fretinf.o)
    0x08002cfc   0x00000000   Code   RO         4154    x$fpl$usenofp       fz_ws.l(usenofp.o)
    0x08002cfc   0x00000056   Data   RO          430    .constdata          rtx_conf_cm.o
    0x08002d52   0x00000002   PAD
    0x08002d54   0x00000020   Data   RO         4305    Region$$Table       anon$$obj.o


    Execution Region ER_RW (Base: 0x20000000, Size: 0x00000070, Max: 0xffffffff, ABSOLUTE)

    Base Addr    Size         Type   Attr      Idx    E Section Name        Object

    0x20000000   0x00000010   Data   RW          250    .data               pwm.o
    0x20000010   0x00000014   Data   RW          291    .data               spi_interface.o
    0x20000024   0x00000024   Data   RW          431    .data               rtx_conf_cm.o
    0x20000048   0x00000008   Data   RW         2988    .data               RTX_CM3.lib(rt_cmsis.o)
    0x20000050   0x00000008   Data   RW         3528    .data               RTX_CM3.lib(rt_task.o)
    0x20000058   0x00000008   Data   RW         3647    .data               RTX_CM3.lib(rt_system.o)
    0x20000060   0x00000004   Data   RW         3937    .data               RTX_CM3.lib(rt_time.o)
    0x20000064   0x00000008   Data   RW         3968    .data               RTX_CM3.lib(rt_robin.o)
    0x2000006c   0x00000001   Data   RW         4047    .data               RTX_CM3.lib(hal_cm.o)


    Execution Region ER_ZI (Base: 0x20000070, Size: 0x000012a8, Max: 0xffffffff, ABSOLUTE)

    Base Addr    Size         Type   Attr      Idx    E Section Name        Object

    0x20000070   0x00000014   Zero   RW          290    .bss                spi_interface.o
    0x20000084   0x00000004   PAD
    0x20000088   0x00000bc8   Zero   RW          429    .bss                rtx_conf_cm.o
    0x20000c50   0x00000034   Zero   RW         3527    .bss                RTX_CM3.lib(rt_task.o)
    0x20000c84   0x00000030   Zero   RW         3777    .bss                RTX_CM3.lib(rt_list.o)
    0x20000cb4   0x00000060   Zero   RW         4105    .bss                c_w.l(libspace.o)
    0x20000d14   0x00000004   PAD
    0x20000d18   0x00000200   Zero   RW         2839    HEAP                startup_stm32f10x_md.o
    0x20000f18   0x00000400   Zero   RW         2838    STACK               startup_stm32f10x_md.o


==============================================================================

Image component sizes


      Code (inc. data)   RO Data    RW Data    ZI Data      Debug   Object Name

       210         30          0          0          0       7259   dma_stm32f10x.o
        68          0          0          0          0       1448   gpio.o
        92          4          0          0          0     255739   main.o
       112         12          0          0          0       1140   misc.o
       546         56          0          0          0       3715   motor.o
       416         62          0         16          0       2758   pwm.o
       126         26         86         36       3016       9179   rtx_conf_cm.o
       404         20          0         20         20       1736   spi_interface.o
        64         26        236          0       1536        836   startup_stm32f10x_md.o
       460          8          0          0          0       4778   stm32f10x_dma.o
       282          0          0          0          0       2647   stm32f10x_gpio.o
       184         36          0          0          0       3602   stm32f10x_rcc.o
       214         12          0          0          0       4076   stm32f10x_spi.o
       900         92          0          0          0       7976   stm32f10x_tim.o
       328         28          0          0          0       2061   system_stm32f10x.o

    ----------------------------------------------------------------------
      4436        412        356         72       4576     308950   Object Totals
         0          0         32          0          0          0   (incl. Generated)
        30          0          2          0          4          0   (incl. Padding)

    ----------------------------------------------------------------------

      Code (inc. data)   RO Data    RW Data    ZI Data      Debug   Library Member Name

       238         24          0          1          0       3256   hal_cm.o
       304         36          0          0          0        760   hal_cm3.o
      1118        140          0          8          0      31165   rt_cmsis.o
        80          4          0          0          0        653   rt_event.o
       530         34          0          0         48       8165   rt_list.o
       550         10          0          0          0       3897   rt_mailbox.o
       140          0          0          0          0       1901   rt_membox.o
       128          0          0          0          0       2275   rt_memory.o
       320         12          0          0          0       1603   rt_mutex.o
        96         22          0          8          0       1134   rt_robin.o
        52          4          0          0          0        565   rt_semaphore.o
       298         52          0          8          0       6151   rt_system.o
      1216        174          0          8         52       9545   rt_task.o
         0          0          0          4          0        206   rt_time.o
         4          4          0          0          0        200   svc_table.o
         8          0          0          0          0         68   __main.o
         0          0          0          0          0          0   __rtentry.o
        20          0          0          0          0          0   __rtentry2.o
         6          0          0          0          0          0   __rtentry4.o
        52          8          0          0          0          0   __scatter.o
        26          0          0          0          0          0   __scatter_copy.o
        28          0          0          0          0          0   __scatter_zi.o
        18          0          0          0          0         80   exit.o
         6          0          0          0          0        152   heapauxi.o
         0          0          0          0          0          0   indicate_semi.o
         2          0          0          0          0          0   libinit.o
         2          0          0          0          0          0   libinit2.o
         2          0          0          0          0          0   libshutdown.o
         2          0          0          0          0          0   libshutdown2.o
         8          4          0          0         96         68   libspace.o
         2          0          0          0          0          0   rtexit.o
        10          0          0          0          0          0   rtexit2.o
        12          4          0          0          0         68   sys_exit.o
        74          0          0          0          0         80   sys_stackheap_outer.o
         2          0          0          0          0         68   use_no_semi.o
        98          4          0          0          0         92   d2f.o
        24          0          0          0          0         68   dcmpi.o
       120          4          0          0          0         92   dleqf.o
       340         12          0          0          0        104   dmul.o
       156          4          0          0          0         92   dnaninf.o
        12          0          0          0          0         68   dretinf.o
       108          0          0          0          0         80   drleqf.o
        86          4          0          0          0         84   f2d.o
        62          4          0          0          0         84   ffixu.o
        48          0          0          0          0         68   fflt_clz.o
       258          4          0          0          0         84   fmul.o
       140          4          0          0          0         84   fnaninf.o
        10          0          0          0          0         68   fretinf.o
         0          0          0          0          0          0   usenofp.o

    ----------------------------------------------------------------------
      6844        572          0         40        200      73128   Library Totals
        28          0          0          3          4          0   (incl. Padding)

    ----------------------------------------------------------------------

      Code (inc. data)   RO Data    RW Data    ZI Data      Debug   Library Name

      5074        516          0         37        100      71476   RTX_CM3.lib
       280         16          0          0         96        584   c_w.l
      1462         40          0          0          0       1068   fz_ws.l

    ----------------------------------------------------------------------
      6844        572          0         40        200      73128   Library Totals

    ----------------------------------------------------------------------

==============================================================================


      Code (inc. data)   RO Data    RW Data    ZI Data      Debug   

     11280        984        356        112       4776     374534   Grand Totals
     11280        984        356        112       4776     374534   ELF Image Totals
     11280        984        356        112          0          0   ROM Totals

==============================================================================

    Total RO  Size (Code + RO Data)                11636 (  11.36kB)
    Total RW  Size (RW Data + ZI Data)              4888 (   4.77kB)
    Total ROM Size (Code + RO Data + RW Data)      11748 (  11.47kB)

==============================================================================

