Component: ARM Compiler 5.06 update 3 (build 300) Tool: armlink [4d35c9]

==============================================================================

Section Cross References

    adc.o(i.ADC_Configuration) refers to stm32f10x_rcc.o(i.RCC_ADCCLKConfig) for RCC_ADCCLKConfig
    adc.o(i.ADC_Configuration) refers to stm32f10x_adc.o(i.ADC_DeInit) for ADC_DeInit
    adc.o(i.ADC_Configuration) refers to stm32f10x_adc.o(i.ADC_Init) for ADC_Init
    adc.o(i.ADC_Configuration) refers to stm32f10x_adc.o(i.ADC_Cmd) for ADC_Cmd
    adc.o(i.ADC_Configuration) refers to stm32f10x_adc.o(i.ADC_ResetCalibration) for ADC_ResetCalibration
    adc.o(i.ADC_Configuration) refers to stm32f10x_adc.o(i.ADC_GetResetCalibrationStatus) for ADC_GetResetCalibrationStatus
    adc.o(i.ADC_Configuration) refers to stm32f10x_adc.o(i.ADC_StartCalibration) for ADC_StartCalibration
    adc.o(i.ADC_Configuration) refers to stm32f10x_adc.o(i.ADC_GetCalibrationStatus) for ADC_GetCalibrationStatus
    adc.o(i.Read_ADC) refers to stm32f10x_adc.o(i.ADC_RegularChannelConfig) for ADC_RegularChannelConfig
    adc.o(i.Read_ADC) refers to stm32f10x_adc.o(i.ADC_SoftwareStartConvCmd) for ADC_SoftwareStartConvCmd
    adc.o(i.Read_ADC) refers to stm32f10x_adc.o(i.ADC_GetFlagStatus) for ADC_GetFlagStatus
    adc.o(i.Read_ADC) refers to stm32f10x_adc.o(i.ADC_GetConversionValue) for ADC_GetConversionValue
    gpio.o(i.Init_GPIO) refers to stm32f10x_gpio.o(i.GPIO_Init) for GPIO_Init
    gpio.o(i.Init_GPIO_IPU) refers to stm32f10x_gpio.o(i.GPIO_Init) for GPIO_Init
    gpio.o(i.Init_GPIO_In) refers to stm32f10x_gpio.o(i.GPIO_Init) for GPIO_Init
    gpio.o(i.Init_GPIO_Out) refers to stm32f10x_gpio.o(i.GPIO_Init) for GPIO_Init
    gpio.o(i.Init_GPIO_PWM) refers to stm32f10x_gpio.o(i.GPIO_Init) for GPIO_Init
    gpio.o(i.Send_impulse_GPIO) refers to stm32f10x_gpio.o(i.GPIO_ResetBits) for GPIO_ResetBits
    gpio.o(i.Send_impulse_GPIO) refers to stm32f10x_gpio.o(i.GPIO_SetBits) for GPIO_SetBits
    gpio.o(i.Send_impulse_GPIO) refers to delay.o(i.Delay_us) for Delay_us
    gpio.o(i.Toggle_LED) refers to stm32f10x_gpio.o(i.GPIO_ReadOutputDataBit) for GPIO_ReadOutputDataBit
    gpio.o(i.Toggle_LED) refers to stm32f10x_gpio.o(i.GPIO_SetBits) for GPIO_SetBits
    gpio.o(i.Toggle_LED) refers to stm32f10x_gpio.o(i.GPIO_ResetBits) for GPIO_ResetBits
    timer.o(i.Config_EXTI_Falling) refers to stm32f10x_exti.o(i.EXTI_Init) for EXTI_Init
    timer.o(i.Config_EXTI_Rising) refers to stm32f10x_exti.o(i.EXTI_Init) for EXTI_Init
    timer.o(i.Config_EXTI_Rising_Falling) refers to stm32f10x_exti.o(i.EXTI_Init) for EXTI_Init
    timer.o(i.Config_NVIC_EXTI) refers to misc.o(i.NVIC_Init) for NVIC_Init
    timer.o(i.Config_NVIC_TIM2) refers to misc.o(i.NVIC_Init) for NVIC_Init
    timer.o(i.Init_Channel_trigger) refers to stm32f10x_tim.o(i.TIM_ICInit) for TIM_ICInit
    timer.o(i.Init_Channel_trigger) refers to stm32f10x_tim.o(i.TIM_SelectInputTrigger) for TIM_SelectInputTrigger
    timer.o(i.Init_Channel_trigger) refers to stm32f10x_tim.o(i.TIM_Cmd) for TIM_Cmd
    timer.o(i.Init_PWM) refers to stm32f10x_tim.o(i.TIM_OC1Init) for TIM_OC1Init
    timer.o(i.Init_PWM) refers to stm32f10x_tim.o(i.TIM_OC1PreloadConfig) for TIM_OC1PreloadConfig
    timer.o(i.Init_PWM) refers to stm32f10x_tim.o(i.TIM_OC2Init) for TIM_OC2Init
    timer.o(i.Init_PWM) refers to stm32f10x_tim.o(i.TIM_OC2PreloadConfig) for TIM_OC2PreloadConfig
    timer.o(i.Init_PWM) refers to stm32f10x_tim.o(i.TIM_OC3Init) for TIM_OC3Init
    timer.o(i.Init_PWM) refers to stm32f10x_tim.o(i.TIM_OC3PreloadConfig) for TIM_OC3PreloadConfig
    timer.o(i.Init_PWM) refers to stm32f10x_tim.o(i.TIM_OC4Init) for TIM_OC4Init
    timer.o(i.Init_PWM) refers to stm32f10x_tim.o(i.TIM_OC4PreloadConfig) for TIM_OC4PreloadConfig
    timer.o(i.Init_PWM) refers to stm32f10x_tim.o(i.TIM_ARRPreloadConfig) for TIM_ARRPreloadConfig
    timer.o(i.Init_PWM) refers to stm32f10x_tim.o(i.TIM_Cmd) for TIM_Cmd
    timer.o(i.Init_Timer) refers to stm32f10x_tim.o(i.TIM_TimeBaseInit) for TIM_TimeBaseInit
    timer.o(i.Init_Timer) refers to timer.o(.data) for AUTORELOAD_VALUE_TIM1
    timer.o(i.Reset_counter) refers to stm32f10x_tim.o(i.TIM_SetCounter) for TIM_SetCounter
    timer.o(i.Set_PWM_DutyCycle) refers to fflt_clz.o(x$fpl$fflt) for __aeabi_i2f
    timer.o(i.Set_PWM_DutyCycle) refers to fmul.o(x$fpl$fmul) for __aeabi_fmul
    timer.o(i.Set_PWM_DutyCycle) refers to ffixu.o(x$fpl$ffixu) for __aeabi_f2uiz
    timer.o(i.Set_PWM_DutyCycle) refers to timer.o(.data) for AUTORELOAD_VALUE_TIM1
    timer.o(i.TIM2_IRQHandler) refers to timer.o(.data) for pFnc2
    timer.o(i.TIM3_IRQHandler) refers to timer.o(.data) for pFnc3
    timer.o(i.TIM4_IRQHandler) refers to timer.o(.data) for pFnc4
    timer.o(i.Timer_Configure) refers to stm32f10x_tim.o(i.TIM_DeInit) for TIM_DeInit
    timer.o(i.Timer_Configure) refers to stm32f10x_tim.o(i.TIM_TimeBaseInit) for TIM_TimeBaseInit
    timer.o(i.Timer_Configure) refers to stm32f10x_tim.o(i.TIM_Cmd) for TIM_Cmd
[...]
    i.isrMessageGet                          0x08001ddc   Section        0  rt_cmsis.o(i.isrMessageGet)
    i.isrMessagePut                          0x08001e06   Section        0  rt_cmsis.o(i.isrMessagePut)
    i.isr_mbx_receive                        0x08001e34   Section        0  rt_mailbox.o(i.isr_mbx_receive)
    i.isr_mbx_send                           0x08001e86   Section        0  rt_mailbox.o(i.isr_mbx_send)
    i.main                                   0x08001e94   Section        0  main.o(i.main)
    i.osKernelInitialize                     0x08001ea0   Section        0  rt_cmsis.o(i.osKernelInitialize)
    i.osKernelStart                          0x08001ec4   Section        0  rt_cmsis.o(i.osKernelStart)
    i.osMessageGet                           0x08001f30   Section        0  rt_cmsis.o(i.osMessageGet)
    i.osThreadCreate                         0x08001f48   Section        0  rt_cmsis.o(i.osThreadCreate)
    i.osThreadExit                           0x08001f78   Section        0  rt_cmsis.o(i.osThreadExit)
    i.osTimerCall                            0x08001f90   Section        0  rt_cmsis.o(i.osTimerCall)
    i.osTimerThread                          0x08001f9c   Section        0  rt_cmsis.o(i.osTimerThread)
    i.os_error                               0x08001fc8   Section        0  rtx_conf_cm.o(i.os_error)
    i.os_idle_demon                          0x08001fea   Section        0  rtx_conf_cm.o(i.os_idle_demon)
    i.os_tick_init                           0x08001ff0   Section        0  rt_system.o(i.os_tick_init)
    i.os_tick_irqack                         0x08002018   Section        0  rt_system.o(i.os_tick_irqack)
    i.rt_alloc_box                           0x0800201a   Section        0  rt_membox.o(i.rt_alloc_box)
    i.rt_alloc_mem                           0x08002034   Section        0  rt_memory.o(i.rt_alloc_mem)
    i.rt_block                               0x08002074   Section        0  rt_task.o(i.rt_block)
    i.rt_chk_robin                           0x080020ac   Section        0  rt_robin.o(i.rt_chk_robin)
    i.rt_dec_dly                             0x080020f4   Section        0  rt_list.o(i.rt_dec_dly)
    i.rt_dispatch                            0x08002164   Section        0  rt_task.o(i.rt_dispatch)
    i.rt_evt_psh                             0x080021a8   Section        0  rt_event.o(i.rt_evt_psh)
    i.rt_free_box                            0x080021f8   Section        0  rt_membox.o(i.rt_free_box)
    i.rt_free_mem                            0x08002224   Section        0  rt_memory.o(i.rt_free_mem)
    i.rt_get_first                           0x0800224c   Section        0  rt_list.o(i.rt_get_first)
    i.rt_id2obj                              0x08002274   Section        0  rt_cmsis.o(i.rt_id2obj)
    rt_id2obj                                0x08002275   Thumb Code     8  rt_cmsis.o(i.rt_id2obj)
    i.rt_init_context                        0x0800227c   Section        0  rt_task.o(i.rt_init_context)
    rt_init_context                          0x0800227d   Thumb Code    66  rt_task.o(i.rt_init_context)
    i.rt_init_mem                            0x080022c4   Section        0  rt_memory.o(i.rt_init_mem)
    i.rt_init_robin                          0x080022e0   Section        0  rt_robin.o(i.rt_init_robin)
    i.rt_init_stack                          0x080022f8   Section        0  hal_cm.o(i.rt_init_stack)
    i.rt_mbx_check                           0x08002378   Section        0  rt_mailbox.o(i.rt_mbx_check)
    i.rt_mbx_init                            0x08002380   Section        0  rt_mailbox.o(i.rt_mbx_init)
    i.rt_mbx_psh                             0x0800239c   Section        0  rt_mailbox.o(i.rt_mbx_psh)
    i.rt_mbx_wait                            0x0800248c   Section        0  rt_mailbox.o(i.rt_mbx_wait)
    i.rt_ms2tick                             0x08002540   Section        0  rt_cmsis.o(i.rt_ms2tick)
    rt_ms2tick                               0x08002541   Thumb Code    58  rt_cmsis.o(i.rt_ms2tick)
    i.rt_mut_init                            0x08002584   Section        0  rt_mutex.o(i.rt_mut_init)
    i.rt_mut_release                         0x08002594   Section        0  rt_mutex.o(i.rt_mut_release)
    i.rt_mut_wait                            0x0800266c   Section        0  rt_mutex.o(i.rt_mut_wait)
    i.rt_pop_req                             0x080026d4   Section        0  rt_system.o(i.rt_pop_req)
    i.rt_psh_req                             0x08002750   Section        0  rt_system.o(i.rt_psh_req)
    i.rt_psq_enq                             0x08002770   Section        0  rt_list.o(i.rt_psq_enq)
    i.rt_put_dly                             0x080027cc   Section        0  rt_list.o(i.rt_put_dly)
    i.rt_put_prio                            0x08002814   Section        0  rt_list.o(i.rt_put_prio)
    i.rt_put_rdy_first                       0x0800284c   Section        0  rt_list.o(i.rt_put_rdy_first)
    i.rt_resort_prio                         0x08002860   Section        0  rt_list.o(i.rt_resort_prio)
    i.rt_ret_val                             0x08002894   Section        0  hal_cm.o(i.rt_ret_val)
    i.rt_ret_val2                            0x0800289a   Section        0  hal_cm.o(i.rt_ret_val2)
    i.rt_rmv_dly                             0x080028a2   Section        0  rt_list.o(i.rt_rmv_dly)
    i.rt_rmv_list                            0x080028cc   Section        0  rt_list.o(i.rt_rmv_list)
    i.rt_sem_psh                             0x080028fc   Section        0  rt_semaphore.o(i.rt_sem_psh)
    i.rt_stk_check                           0x08002930   Section        0  rt_system.o(i.rt_stk_check)
    i.rt_switch_req                          0x08002954   Section        0  rt_task.o(i.rt_switch_req)
    i.rt_sys_init                            0x0800297c   Section        0  rt_task.o(i.rt_sys_init)
    i.rt_sys_start                           0x08002a48   Section        0  rt_task.o(i.rt_sys_start)
    i.rt_systick                             0x08002ac0   Section        0  rt_system.o(i.rt_systick)
    i.rt_tid2ptcb                            0x08002b00   Section        0  rt_cmsis.o(i.rt_tid2ptcb)
    rt_tid2ptcb                              0x08002b01   Thumb Code    18  rt_cmsis.o(i.rt_tid2ptcb)
    i.rt_timer_insert                        0x08002b14   Section        0  rt_cmsis.o(i.rt_timer_insert)
    rt_timer_insert                          0x08002b15   Thumb Code    48  rt_cmsis.o(i.rt_timer_insert)
    i.rt_tsk_create                          0x08002b48   Section        0  rt_task.o(i.rt_tsk_create)
    i.rt_tsk_delete                          0x08002bd0   Section        0  rt_task.o(i.rt_tsk_delete)
    i.rt_tsk_prio                            0x08002d4c   Section        0  rt_task.o(i.rt_tsk_prio)
    i.rt_tsk_self                            0x08002dc8   Section        0  rt_task.o(i.rt_tsk_self)
    i.svcKernelInitialize                    0x08002dd8   Section        0  rt_cmsis.o(i.svcKernelInitialize)
    i.svcKernelStart                         0x08002e48   Section        0  rt_cmsis.o(i.svcKernelStart)
    i.svcMessageCreate                       0x08002e90   Section        0  rt_cmsis.o(i.svcMessageCreate)
    i.svcMessageGet                          0x08002eb4   Section        0  rt_cmsis.o(i.svcMessageGet)
    i.svcThreadCreate                        0x08002ef0   Section        0  rt_cmsis.o(i.svcThreadCreate)
    i.svcThreadGetId                         0x08002f60   Section        0  rt_cmsis.o(i.svcThreadGetId)
    i.svcThreadTerminate                     0x08002f7c   Section        0  rt_cmsis.o(i.svcThreadTerminate)
    i.svcTimerCall                           0x08002fb4   Section        0  rt_cmsis.o(i.svcTimerCall)
    i.sysTimerTick                           0x08002fcc   Section        0  rt_cmsis.o(i.sysTimerTick)
    x$fpl$d2f                                0x08003028   Section       98  d2f.o(x$fpl$d2f)
    x$fpl$dcmpinf                            0x0800308a   Section       24  dcmpi.o(x$fpl$dcmpinf)
    x$fpl$ddiv                               0x080030a4   Section      688  ddiv.o(x$fpl$ddiv)
    ddiv_entry                               0x080030ab   Thumb Code     0  ddiv.o(x$fpl$ddiv)
    x$fpl$dleqf                              0x08003354   Section      120  dleqf.o(x$fpl$dleqf)
    x$fpl$dmul                               0x080033cc   Section      340  dmul.o(x$fpl$dmul)
    x$fpl$dnaninf                            0x08003520   Section      156  dnaninf.o(x$fpl$dnaninf)
    x$fpl$dretinf                            0x080035bc   Section       12  dretinf.o(x$fpl$dretinf)
    x$fpl$drleqf                             0x080035c8   Section      108  drleqf.o(x$fpl$drleqf)
    x$fpl$f2d                                0x08003634   Section       86  f2d.o(x$fpl$f2d)
    x$fpl$fdiv                               0x0800368c   Section      388  fdiv.o(x$fpl$fdiv)
    _fdiv1                                   0x0800368d   Thumb Code     0  fdiv.o(x$fpl$fdiv)
    x$fpl$ffixu                              0x08003810   Section       62  ffixu.o(x$fpl$ffixu)
    x$fpl$fflt                               0x08003850   Section       48  fflt_clz.o(x$fpl$fflt)
    x$fpl$ffltu                              0x08003880   Section       38  fflt_clz.o(x$fpl$ffltu)
    x$fpl$fmul                               0x080038a8   Section      258  fmul.o(x$fpl$fmul)
    x$fpl$fnaninf                            0x080039aa   Section      140  fnaninf.o(x$fpl$fnaninf)
    x$fpl$fretinf                            0x08003a36   Section       10  fretinf.o(x$fpl$fretinf)
    .constdata                               0x08003a40   Section       86  rtx_conf_cm.o(.constdata)
    x$fpl$usenofp                            0x08003a40   Section        0  usenofp.o(x$fpl$usenofp)
    __tagsym$$used                           0x08003a5c   Number         0  rtx_conf_cm.o(.constdata)
    __tagsym$$used                           0x08003a60   Number         0  rtx_conf_cm.o(.constdata)
    __tagsym$$used                           0x08003a64   Number         0  rtx_conf_cm.o(.constdata)
    __tagsym$$used                           0x08003a68   Number         0  rtx_conf_cm.o(.constdata)
    .data                                    0x20000000   Section       28  timer.o(.data)
    .data                                    0x2000001c   Section        4  timer_systick.o(.data)
    Ptr_Systick                              0x2000001c   Data           4  timer_systick.o(.data)
    .data                                    0x20000020   Section      144  us_sensor.o(.data)
    .data                                    0x200000b0   Section       36  rtx_conf_cm.o(.data)
    nr_mutex                                 0x200000c0   Data           4  rtx_conf_cm.o(.data)
    .data                                    0x200000d4   Section        8  rt_cmsis.o(.data)
    .data                                    0x200000dc   Section        8  rt_task.o(.data)
    .data                                    0x200000e4   Section        8  rt_system.o(.data)
    os_lock                                  0x200000e4   Data           1  rt_system.o(.data)
    os_psh_flag                              0x200000e5   Data           1  rt_system.o(.data)
    pend_flags                               0x200000e6   Data           1  rt_system.o(.data)
    .data                                    0x200000ec   Section        4  rt_time.o(.data)
    .data                                    0x200000f0   Section        8  rt_robin.o(.data)
    .data                                    0x200000f8   Section        1  hal_cm.o(.data)
    .bss                                     0x20000100   Section     3016  rtx_conf_cm.o(.bss)
    std_libspace                             0x200009a8   Data         672  rtx_conf_cm.o(.bss)
    std_libmutex                             0x20000c48   Data         128  rtx_conf_cm.o(.bss)
    .bss                                     0x20000cc8   Section       52  rt_task.o(.bss)
    .bss                                     0x20000cfc   Section       48  rt_list.o(.bss)
    .bss                                     0x20000d2c   Section       96  libspace.o(.bss)
    HEAP                                     0x20000d90   Section      512  startup_stm32f10x_md.o(HEAP)
    Heap_Mem                                 0x20000d90   Data         512  startup_stm32f10x_md.o(HEAP)
    STACK                                    0x20000f90   Section     1024  startup_stm32f10x_md.o(STACK)
    Stack_Mem                                0x20000f90   Data        1024  startup_stm32f10x_md.o(STACK)
    __initial_sp                             0x20001390   Data           0  startup_stm32f10x_md.o(STACK)

    Global Symbols

    Symbol Name                              Value     Ov Type        Size  Object(Section)

    BuildAttributes$$THM_ISAv4$P$D$K$B$S$PE$A:L22UL41UL21$X:L11$S22US41US21$IEEE1$IW$USESV6$~STKCKD$USESV7$~SHL$OTIME$ROPI$EBA8$UX$STANDARDLIB$REQ8$PRES8$EABIv2 0x00000000   Number         0  anon$$obj.o ABSOLUTE
    __ARM_use_no_argv                        0x00000000   Number         0  main.o ABSOLUTE
    __ARM_exceptions_init                     - Undefined Weak Reference
    __alloca_initialize                       - Undefined Weak Reference
    __arm_preinit_                            - Undefined Weak Reference
    __cpp_initialize__aeabi_                  - Undefined Weak Reference
    __cxa_finalize                            - Undefined Weak Reference
    __rt_locale                               - Undefined Weak Reference
    __sigvec_lookup                           - Undefined Weak Reference
    __user_heap_extent                        - Undefined Weak Reference
    _atexit_init                              - Undefined Weak Reference
    _call_atexit_fns                          - Undefined Weak Reference
    _clock_init                               - Undefined Weak Reference
    _fp_trap_init                             - Undefined Weak Reference
    _fp_trap_shutdown                         - Undefined Weak Reference
    _get_lc_collate                           - Undefined Weak Reference
    _get_lc_ctype                             - Undefined Weak Reference
    _get_lc_monetary                          - Undefined Weak Reference
    _get_lc_numeric                           - Undefined Weak Reference
    _get_lc_time                              - Undefined Weak Reference
    _getenv_init                              - Undefined Weak Reference
    _handle_redirection                       - Undefined Weak Reference
    _initio                                   - Undefined Weak Reference
    _mutex_free                               - Undefined Weak Reference
    _rand_init                                - Undefined Weak Reference
    _signal_finish                            - Undefined Weak Reference
    _signal_init                              - Undefined Weak Reference
    _terminateio                              - Undefined Weak Reference
    __Vectors_Size                           0x000000ec   Number         0  startup_stm32f10x_md.o ABSOLUTE
    __RL_RTX_VER                             0x00000480   Number         0  rt_system.o ABSOLUTE
    __Vectors                                0x08000000   Data           4  startup_stm32f10x_md.o(RESET)
    __Vectors_End                            0x080000ec   Data           0  startup_stm32f10x_md.o(RESET)
    __main                                   0x080000ed   Thumb Code     8  __main.o(!!!main)
    __scatterload                            0x080000f5   Thumb Code     0  __scatter.o(!!!scatter)
    __scatterload_rt2                        0x080000f5   Thumb Code    44  __scatter.o(!!!scatter)
    __scatterload_rt2_thumb_only             0x080000f5   Thumb Code     0  __scatter.o(!!!scatter)
    __scatterload_null                       0x08000103   Thumb Code     0  __scatter.o(!!!scatter)
    __scatterload_copy                       0x08000129   Thumb Code    26  __scatter_copy.o(!!handler_copy)
    __scatterload_zeroinit                   0x08000145   Thumb Code    28  __scatter_zi.o(!!handler_zi)
    __rt_lib_init                            0x08000161   Thumb Code     0  libinit.o(.ARM.Collect$$libinit$$00000000)
    __rt_lib_init_fp_1                       0x08000163   Thumb Code     0  libinit2.o(.ARM.Collect$$libinit$$00000002)
    __rt_lib_init_heap_2                     0x08000163   Thumb Code     0  libinit2.o(.ARM.Collect$$libinit$$00000005)
    __rt_lib_init_preinit_1                  0x08000163   Thumb Code     0  libinit2.o(.ARM.Collect$$libinit$$00000004)
    __rt_lib_init_alloca_1                   0x0800016b   Thumb Code     0  libinit2.o(.ARM.Collect$$libinit$$0000002E)
    __rt_lib_init_argv_1                     0x0800016b   Thumb Code     0  libinit2.o(.ARM.Collect$$libinit$$0000002C)
    __rt_lib_init_atexit_1                   0x0800016b   Thumb Code     0  libinit2.o(.ARM.Collect$$libinit$$0000001B)
    __rt_lib_init_clock_1                    0x0800016b   Thumb Code     0  libinit2.o(.ARM.Collect$$libinit$$00000021)
    __rt_lib_init_cpp_1                      0x0800016b   Thumb Code     0  libinit2.o(.ARM.Collect$$libinit$$00000032)
    __rt_lib_init_exceptions_1               0x0800016b   Thumb Code     0  libinit2.o(.ARM.Collect$$libinit$$00000030)
    __rt_lib_init_fp_trap_1                  0x0800016b   Thumb Code     0  libinit2.o(.ARM.Collect$$libinit$$0000001F)
    __rt_lib_init_getenv_1                   0x0800016b   Thumb Code     0  libinit2.o(.ARM.Collect$$libinit$$00000023)
    __rt_lib_init_heap_1                     0x0800016b   Thumb Code     0  libinit2.o(.ARM.Collect$$libinit$$0000000A)
    __rt_lib_init_lc_collate_1               0x0800016b   Thumb Code     0  libinit2.o(.ARM.Collect$$libinit$$00000011)
    __rt_lib_init_lc_ctype_1                 0x0800016b   Thumb Code     0  libinit2.o(.ARM.Collect$$libinit$$00000013)
    __rt_lib_init_lc_monetary_1              0x0800016b   Thumb Code     0  libinit2.o(.ARM.Collect$$libinit$$00000015)
    __rt_lib_init_lc_numeric_1               0x0800016b   Thumb Code     0  libinit2.o(.ARM.Collect$$libinit$$00000017)
    __rt_lib_init_lc_time_1                  0x0800016b   Thumb Code     0  libinit2.o(.ARM.Collect$$libinit$$00000019)
    __rt_lib_init_rand_1                     0x0800016b   Thumb Code     0  libinit2.o(.ARM.Collect$$libinit$$0000000E)
    __rt_lib_init_return                     0x0800016b   Thumb Code     0  libinit2.o(.ARM.Collect$$libinit$$00000033)
    __rt_lib_init_signal_1                   0x0800016b   Thumb Code     0  libinit2.o(.ARM.Collect$$libinit$$0000001D)
    __rt_lib_init_stdio_1                    0x0800016b   Thumb Code     0  libinit2.o(.ARM.Collect$$libinit$$00000025)
    __rt_lib_init_user_alloc_1               0x0800016b   Thumb Code     0  libinit2.o(.ARM.Collect$$libinit$$0000000C)
    __rt_lib_shutdown                        0x0800016d   Thumb Code     0  libshutdown.o(.ARM.Collect$$libshutdown$$00000000)
    __rt_lib_shutdown_cpp_1                  0x0800016f   Thumb Code     0  libshutdown2.o(.ARM.Collect$$libshutdown$$00000002)
    __rt_lib_shutdown_fp_trap_1              0x0800016f   Thumb Code     0  libshutdown2.o(.ARM.Collect$$libshutdown$$00000007)
    __rt_lib_shutdown_heap_1                 0x0800016f   Thumb Code     0  libshutdown2.o(.ARM.Collect$$libshutdown$$0000000F)
    __rt_lib_shutdown_return                 0x0800016f   Thumb Code     0  libshutdown2.o(.ARM.Collect$$libshutdown$$00000010)
    __rt_lib_shutdown_signal_1               0x0800016f   Thumb Code     0  libshutdown2.o(.ARM.Collect$$libshutdown$$0000000A)
    __rt_lib_shutdown_stdio_1                0x0800016f   Thumb Code     0  libshutdown2.o(.ARM.Collect$$libshutdown$$00000004)
    __rt_lib_shutdown_user_alloc_1           0x0800016f   Thumb Code     0  libshutdown2.o(.ARM.Collect$$libshutdown$$0000000C)
    __rt_entry                               0x08000171   Thumb Code     0  __rtentry.o(.ARM.Collect$$rtentry$$00000000)
    __rt_entry_presh_1                       0x08000171   Thumb Code     0  __rtentry2.o(.ARM.Collect$$rtentry$$00000002)
    __rt_entry_sh                            0x08000171   Thumb Code     0  __rtentry4.o(.ARM.Collect$$rtentry$$00000004)
    __rt_entry_li                            0x08000177   Thumb Code     0  __rtentry2.o(.ARM.Collect$$rtentry$$0000000A)
    __rt_entry_postsh_1                      0x08000177   Thumb Code     0  __rtentry2.o(.ARM.Collect$$rtentry$$00000009)
    __rt_entry_postli_1                      0x0800017b   Thumb Code     0  __rtentry2.o(.ARM.Collect$$rtentry$$0000000B)
    __rt_entry_main                          0x08000183   Thumb Code     0  __rtentry2.o(.ARM.Collect$$rtentry$$0000000D)
    __rt_exit                                0x0800018b   Thumb Code     0  rtexit.o(.ARM.Collect$$rtexit$$00000000)
    __rt_exit_ls                             0x0800018d   Thumb Code     0  rtexit2.o(.ARM.Collect$$rtexit$$00000003)
    __rt_exit_prels_1                        0x0800018d   Thumb Code     0  rtexit2.o(.ARM.Collect$$rtexit$$00000002)
    __rt_exit_exit                           0x08000191   Thumb Code     0  rtexit2.o(.ARM.Collect$$rtexit$$00000004)
    _platform_post_lib_init                  0x08000199   Thumb Code    24  rtx_conf_cm.o(.emb_text)
    rt_set_PSP                               0x080001b5   Thumb Code     6  hal_cm3.o(.emb_text)
    rt_get_PSP                               0x080001bb   Thumb Code     6  hal_cm3.o(.emb_text)
    os_set_env                               0x080001c1   Thumb Code    24  hal_cm3.o(.emb_text)
    _alloc_box                               0x080001dd   Thumb Code    28  hal_cm3.o(.emb_text)
    _free_box                                0x080001fd   Thumb Code    28  hal_cm3.o(.emb_text)
    SVC_Handler                              0x0800021d   Thumb Code   108  hal_cm3.o(.emb_text)
    PendSV_Handler                           0x08000295   Thumb Code    56  hal_cm3.o(.emb_text)
    SysTick_Handler                          0x080002d1   Thumb Code     8  hal_cm3.o(.emb_text)
    OS_Tick_Handler                          0x080002d9   Thumb Code    12  hal_cm3.o(.emb_text)
    Reset_Handler                            0x080002e5   Thumb Code     8  startup_stm32f10x_md.o(.text)
    _maybe_terminate_alloc                   0x080002e5   Thumb Code     0  maybetermalloc1.o(.emb_text)
    NMI_Handler                              0x080002ed   Thumb Code     2  startup_stm32f10x_md.o(.text)
    HardFault_Handler                        0x080002ef   Thumb Code     2  startup_stm32f10x_md.o(.text)
    MemManage_Handler                        0x080002f1   Thumb Code     2  startup_stm32f10x_md.o(.text)
    BusFault_Handler                         0x080002f3   Thumb Code     2  startup_stm32f10x_md.o(.text)
    UsageFault_Handler                       0x080002f5   Thumb Code     2  startup_stm32f10x_md.o(.text)
    DebugMon_Handler                         0x080002f9   Thumb Code     2  startup_stm32f10x_md.o(.text)
    ADC1_2_IRQHandler                        0x080002ff   Thumb Code     0  startup_stm32f10x_md.o(.text)
    CAN1_RX1_IRQHandler                      0x080002ff   Thumb Code     0  startup_stm32f10x_md.o(.text)
    CAN1_SCE_IRQHandler                      0x080002ff   Thumb Code     0  startup_stm32f10x_md.o(.text)
    EXTI15_10_IRQHandler                     0x080002ff   Thumb Code     0  startup_stm32f10x_md.o(.text)
    EXTI1_IRQHandler                         0x080002ff   Thumb Code     0  startup_stm32f10x_md.o(.text)
    EXTI2_IRQHandler                         0x080002ff   Thumb Code     0  startup_stm32f10x_md.o(.text)
    EXTI3_IRQHandler                         0x080002ff   Thumb Code     0  startup_stm32f10x_md.o(.text)
    EXTI4_IRQHandler                         0x080002ff   Thumb Code     0  startup_stm32f10x_md.o(.text)
    EXTI9_5_IRQHandler                       0x080002ff   Thumb Code     0  startup_stm32f10x_md.o(.text)
    FLASH_IRQHandler                         0x080002ff   Thumb Code     0  startup_stm32f10x_md.o(.text)
    I2C1_ER_IRQHandler                       0x080002ff   Thumb Code     0  startup_stm32f10x_md.o(.text)
    I2C1_EV_IRQHandler                       0x080002ff   Thumb Code     0  startup_stm32f10x_md.o(.text)
    I2C2_ER_IRQHandler                       0x080002ff   Thumb Code     0  startup_stm32f10x_md.o(.text)
    I2C2_EV_IRQHandler                       0x080002ff   Thumb Code     0  startup_stm32f10x_md.o(.text)
    PVD_IRQHandler                           0x080002ff   Thumb Code     0  startup_stm32f10x_md.o(.text)
    RCC_IRQHandler                           0x080002ff   Thumb Code     0  startup_stm32f10x_md.o(.text)
    RTCAlarm_IRQHandler                      0x080002ff   Thumb Code     0  startup_stm32f10x_md.o(.text)
    RTC_IRQHandler                           0x080002ff   Thumb Code     0  startup_stm32f10x_md.o(.text)
    SPI1_IRQHandler                          0x080002ff   Thumb Code     0  startup_stm32f10x_md.o(.text)
    SPI2_IRQHandler                          0x080002ff   Thumb Code     0  startup_stm32f10x_md.o(.text)
    TAMPER_IRQHandler                        0x080002ff   Thumb Code     0  startup_stm32f10x_md.o(.text)
    TIM1_BRK_IRQHandler                      0x080002ff   Thumb Code     0  startup_stm32f10x_md.o(.text)
    TIM1_CC_IRQHandler                       0x080002ff   Thumb Code     0  startup_stm32f10x_md.o(.text)
    TIM1_TRG_COM_IRQHandler                  0x080002ff   Thumb Code     0  startup_stm32f10x_md.o(.text)
    TIM1_UP_IRQHandler                       0x080002ff   Thumb Code     0  startup_stm32f10x_md.o(.text)
    USART1_IRQHandler                        0x080002ff   Thumb Code     0  startup_stm32f10x_md.o(.text)
    USART2_IRQHandler                        0x080002ff   Thumb Code     0  startup_stm32f10x_md.o(.text)
    USART3_IRQHandler                        0x080002ff   Thumb Code     0  startup_stm32f10x_md.o(.text)
    USBWakeUp_IRQHandler                     0x080002ff   Thumb Code     0  startup_stm32f10x_md.o(.text)
    USB_HP_CAN1_TX_IRQHandler                0x080002ff   Thumb Code     0  startup_stm32f10x_md.o(.text)
    USB_LP_CAN1_RX0_IRQHandler               0x080002ff   Thumb Code     0  startup_stm32f10x_md.o(.text)
    WWDG_IRQHandler                          0x080002ff   Thumb Code     0  startup_stm32f10x_md.o(.text)
    __user_initial_stackheap                 0x08000301   Thumb Code     0  startup_stm32f10x_md.o(.text)
    __user_libspace                          0x08000325   Thumb Code     8  libspace.o(.text)
    __user_perproc_libspace                  0x08000325   Thumb Code     0  libspace.o(.text)
    _malloc_internal                         0x08000335   Thumb Code   130  h1_alloc_mt.o(.text)
    malloc                                   0x080003b7   Thumb Code    20  h1_alloc_mt.o(.text)
    exit                                     0x080003cb   Thumb Code    18  exit.o(.text)
    __use_two_region_memory                  0x080003dd   Thumb Code     2  heapauxi.o(.text)
    __rt_heap_escrow                         0x080003df   Thumb Code     2  heapauxi.o(.text)
    __rt_heap_expand                         0x080003e1   Thumb Code     2  heapauxi.o(.text)
    __rt_heap_descriptor                     0x080003e3   Thumb Code    10  rt_heap_descriptor_twolibspace.o(.text)
    __use_no_heap                            0x080003ed   Thumb Code     2  hguard.o(.text)
    __heap$guard                             0x080003ef   Thumb Code     2  hguard.o(.text)
    _terminate_user_alloc                    0x080003f1   Thumb Code     2  init_alloc.o(.text)
    _init_user_alloc                         0x080003f3   Thumb Code     2  init_alloc.o(.text)
    __Heap_Full                              0x080003f5   Thumb Code    34  init_alloc.o(.text)
    __Heap_Broken                            0x08000417   Thumb Code     6  init_alloc.o(.text)
    _init_alloc                              0x0800041d   Thumb Code    94  init_alloc.o(.text)
    __Heap_Initialize                        0x0800047b   Thumb Code    14  h1_init_mt.o(.text)
    __Heap_DescSize                          0x08000489   Thumb Code     4  h1_init_mt.o(.text)
    _free_internal                           0x0800048d   Thumb Code    98  h1_free_mt.o(.text)
    free                                     0x080004ef   Thumb Code    20  h1_free_mt.o(.text)
    __Heap_ProvideMemory                     0x08000503   Thumb Code    62  h1_extend_mt.o(.text)
    __rt_SIGRTMEM                            0x08000541   Thumb Code    14  defsig_rtmem_outer.o(.text)
    _sys_exit                                0x08000551   Thumb Code     8  sys_exit.o(.text)
    __I$use$semihosting                      0x0800055d   Thumb Code     0  use_no_semi.o(.text)
    __use_no_semihosting_swi                 0x0800055d   Thumb Code     2  use_no_semi.o(.text)
    __semihosting_library_function           0x0800055f   Thumb Code     0  indicate_semi.o(.text)
    __user_setup_stackheap                   0x0800055f   Thumb Code    74  sys_stackheap_outer.o(.text)
    __sig_exit                               0x080005a9   Thumb Code    10  defsig_exit.o(.text)
    __rt_SIGRTMEM_inner                      0x080005b5   Thumb Code    22  defsig_rtmem_inner.o(.text)
    __default_signal_display                 0x08000605   Thumb Code    50  defsig_general.o(.text)
    _ttywrch                                 0x08000637   Thumb Code    14  sys_wrch.o(.text)
    SVC_Count                                0x08000644   Data           4  svc_table.o(SVC_TABLE)
    CLOCK_GetHCLK                            0x08000649   Thumb Code     4  clock.o(i.CLOCK_GetHCLK)
    SVC_Table                                0x08000648   Data           0  svc_table.o(SVC_TABLE)
    Calcul_DutyCycle                         0x08000651   Thumb Code    72  motor.o(i.Calcul_DutyCycle)
    Capture_echo                             0x080006a1   Thumb Code    72  us_sensor.o(i.Capture_echo)
    Config_EXTI_Rising_Falling               0x080006f9   Thumb Code    32  timer.o(i.Config_EXTI_Rising_Falling)
    Config_NVIC_EXTI                         0x08000719   Thumb Code    38  timer.o(i.Config_NVIC_EXTI)
    Config_NVIC_TIM2                         0x0800073f   Thumb Code    32  timer.o(i.Config_NVIC_TIM2)
    DMA1_Channel1_Event                      0x0800075f   Thumb Code     2  dma_stm32f10x.o(i.DMA1_Channel1_Event)
    DMA1_Channel1_IRQHandler                 0x08000761   Thumb Code    22  dma_stm32f10x.o(i.DMA1_Channel1_IRQHandler)
    DMA1_Channel2_Event                      0x0800077d   Thumb Code     2  dma_stm32f10x.o(i.DMA1_Channel2_Event)
    DMA1_Channel2_IRQHandler                 0x08000781   Thumb Code    24  dma_stm32f10x.o(i.DMA1_Channel2_IRQHandler)
    DMA1_Channel3_Event                      0x0800079d   Thumb Code     2  dma_stm32f10x.o(i.DMA1_Channel3_Event)
    DMA1_Channel3_IRQHandler                 0x080007a1   Thumb Code    24  dma_stm32f10x.o(i.DMA1_Channel3_IRQHandler)
    DMA1_Channel4_Event                      0x080007bd   Thumb Code     2  dma_stm32f10x.o(i.DMA1_Channel4_Event)
    DMA1_Channel4_IRQHandler                 0x080007c1   Thumb Code    24  dma_stm32f10x.o(i.DMA1_Channel4_IRQHandler)
    DMA1_Channel5_Event                      0x080007dd   Thumb Code     2  dma_stm32f10x.o(i.DMA1_Channel5_Event)
    DMA1_Channel5_IRQHandler                 0x080007e1   Thumb Code    24  dma_stm32f10x.o(i.DMA1_Channel5_IRQHandler)
    DMA1_Channel6_Event                      0x080007fd   Thumb Code     2  dma_stm32f10x.o(i.DMA1_Channel6_Event)
    DMA1_Channel6_IRQHandler                 0x08000801   Thumb Code    24  dma_stm32f10x.o(i.DMA1_Channel6_IRQHandler)
    DMA1_Channel7_Event                      0x0800081d   Thumb Code     2  dma_stm32f10x.o(i.DMA1_Channel7_Event)
    DMA1_Channel7_IRQHandler                 0x08000821   Thumb Code    24  dma_stm32f10x.o(i.DMA1_Channel7_IRQHandler)
    DMA_Cmd                                  0x0800083d   Thumb Code    24  stm32f10x_dma.o(i.DMA_Cmd)
    DMA_DeInit                               0x08000855   Thumb Code   324  stm32f10x_dma.o(i.DMA_DeInit)
    DMA_ITConfig                             0x080009a1   Thumb Code    18  stm32f10x_dma.o(i.DMA_ITConfig)
    DMA_Init                                 0x080009b3   Thumb Code    60  stm32f10x_dma.o(i.DMA_Init)
    DMA_StructInit                           0x080009ef   Thumb Code    26  stm32f10x_dma.o(i.DMA_StructInit)
    Delay_us                                 0x08000a09   Thumb Code    16  delay.o(i.Delay_us)
    EXTI0_IRQHandler                         0x08000a19   Thumb Code    30  us_sensor.o(i.EXTI0_IRQHandler)
    EXTI_ClearITPendingBit                   0x08000a3d   Thumb Code     6  stm32f10x_exti.o(i.EXTI_ClearITPendingBit)
    EXTI_Init                                0x08000a49   Thumb Code   142  stm32f10x_exti.o(i.EXTI_Init)
    Find_GPIO_Pin                            0x08000add   Thumb Code   244  motor.o(i.Find_GPIO_Pin)
    GPIO_EXTILineConfig                      0x08000be5   Thumb Code    60  stm32f10x_gpio.o(i.GPIO_EXTILineConfig)
    GPIO_Init                                0x08000c25   Thumb Code   278  stm32f10x_gpio.o(i.GPIO_Init)
    GPIO_ResetBits                           0x08000d3b   Thumb Code     4  stm32f10x_gpio.o(i.GPIO_ResetBits)
    GPIO_SetBits                             0x08000d3f   Thumb Code     4  stm32f10x_gpio.o(i.GPIO_SetBits)
    Go_Back                                  0x08000d45   Thumb Code    34  motor.o(i.Go_Back)
    Go_Forward                               0x08000d71   Thumb Code    34  motor.o(i.Go_Forward)
    Init_All_Motor                           0x08000d9d   Thumb Code    52  motor.o(i.Init_All_Motor)
    Init_All_US_Sensor                       0x08000ddd   Thumb Code    82  us_sensor.o(i.Init_All_US_Sensor)
    Init_GPIO                                0x08000e3d   Thumb Code    32  gpio.o(i.Init_GPIO)
    Init_GPIO_IPU                            0x08000e5d   Thumb Code    34  gpio.o(i.Init_GPIO_IPU)
    Init_GPIO_Out                            0x08000e7f   Thumb Code    32  gpio.o(i.Init_GPIO_Out)
    Init_GPIO_PWM                            0x08000e9f   Thumb Code    32  gpio.o(i.Init_GPIO_PWM)
    Init_PWM                                 0x08000ebf   Thumb Code   132  timer.o(i.Init_PWM)
    Init_Single_Motor                        0x08000f43   Thumb Code    56  motor.o(i.Init_Single_Motor)
    Init_Systick                             0x08000f7d   Thumb Code    54  us_sensor.o(i.Init_Systick)
    Init_Timer                               0x08000fc1   Thumb Code    92  timer.o(i.Init_Timer)
    Init_US_Sensor                           0x0800103d   Thumb Code    22  us_sensor.o(i.Init_US_Sensor)
    InitializeSPI2                           0x08001055   Thumb Code   320  spi.o(i.InitializeSPI2)
    NVIC_Init                                0x080011a1   Thumb Code   100  misc.o(i.NVIC_Init)
    Periodic_Impulse_3_Front_US              0x08001211   Thumb Code    52  us_sensor.o(i.Periodic_Impulse_3_Front_US)
    RCC_AHBPeriphClockCmd                    0x08001255   Thumb Code    26  stm32f10x_rcc.o(i.RCC_AHBPeriphClockCmd)
    RCC_APB1PeriphClockCmd                   0x08001275   Thumb Code    26  stm32f10x_rcc.o(i.RCC_APB1PeriphClockCmd)
    RCC_APB1PeriphResetCmd                   0x08001295   Thumb Code    26  stm32f10x_rcc.o(i.RCC_APB1PeriphResetCmd)
    RCC_APB2PeriphClockCmd                   0x080012b5   Thumb Code    26  stm32f10x_rcc.o(i.RCC_APB2PeriphClockCmd)
    RCC_APB2PeriphResetCmd                   0x080012d5   Thumb Code    26  stm32f10x_rcc.o(i.RCC_APB2PeriphResetCmd)
    RCC_Configuration                        0x080012f5   Thumb Code    40  main.o(i.RCC_Configuration)
    RCC_PCLK1Config                          0x0800131d   Thumb Code    18  stm32f10x_rcc.o(i.RCC_PCLK1Config)
    Relance_Compteur_Echo                    0x08001335   Thumb Code    12  us_sensor.o(i.Relance_Compteur_Echo)
    Reset_counter                            0x08001341   Thumb Code    14  timer.o(i.Reset_counter)
    SPI_Cmd                                  0x0800134f   Thumb Code    24  stm32f10x_spi.o(i.SPI_Cmd)
    SPI_I2S_DMACmd                           0x08001367   Thumb Code    18  stm32f10x_spi.o(i.SPI_I2S_DMACmd)
    SPI_I2S_DeInit                           0x08001379   Thumb Code    76  stm32f10x_spi.o(i.SPI_I2S_DeInit)
    SPI_Init                                 0x080013d1   Thumb Code    60  stm32f10x_spi.o(i.SPI_Init)
    SPI_StructInit                           0x0800140d   Thumb Code    24  stm32f10x_spi.o(i.SPI_StructInit)
    Send_impulse_GPIO                        0x08001425   Thumb Code    40  gpio.o(i.Send_impulse_GPIO)
    Set_PWM_DutyCycle                        0x08001535   Thumb Code   130  timer.o(i.Set_PWM_DutyCycle)
    StartBarstow                             0x080015d5   Thumb Code   102  barstow.o(i.StartBarstow)
    Start_US_Sensor                          0x0800163d   Thumb Code    26  us_sensor.o(i.Start_US_Sensor)
    Stop_Car                                 0x0800165d   Thumb Code    24  motor.o(i.Stop_Car)
    Stop_Turn                                0x0800167d   Thumb Code    24  motor.o(i.Stop_Turn)
    SystemInit                               0x08001699   Thumb Code    78  system_stm32f10x.o(i.SystemInit)
    Systick_Period                           0x080016f9   Thumb Code   264  timer_systick.o(i.Systick_Period)
    Systick_Prio_IT                          0x0800180d   Thumb Code    28  timer_systick.o(i.Systick_Prio_IT)
    TIM2_IRQHandler                          0x08001831   Thumb Code    26  timer.o(i.TIM2_IRQHandler)
    TIM3_IRQHandler                          0x08001851   Thumb Code    22  timer.o(i.TIM3_IRQHandler)
    TIM4_IRQHandler                          0x08001871   Thumb Code    22  timer.o(i.TIM4_IRQHandler)
    TIM_ARRPreloadConfig                     0x08001891   Thumb Code    24  stm32f10x_tim.o(i.TIM_ARRPreloadConfig)
    TIM_Cmd                                  0x080018a9   Thumb Code    24  stm32f10x_tim.o(i.TIM_Cmd)
    TIM_GetCounter                           0x080018c1   Thumb Code     6  stm32f10x_tim.o(i.TIM_GetCounter)
    TIM_OC1Init                              0x080018c9   Thumb Code   132  stm32f10x_tim.o(i.TIM_OC1Init)
    TIM_OC1PreloadConfig                     0x08001961   Thumb Code    18  stm32f10x_tim.o(i.TIM_OC1PreloadConfig)
    TIM_OC2Init                              0x08001975   Thumb Code   154  stm32f10x_tim.o(i.TIM_OC2Init)
    TIM_OC2PreloadConfig                     0x08001a19   Thumb Code    26  stm32f10x_tim.o(i.TIM_OC2PreloadConfig)
    TIM_OC3Init                              0x08001a35   Thumb Code   150  stm32f10x_tim.o(i.TIM_OC3Init)
    TIM_OC3PreloadConfig                     0x08001ad5   Thumb Code    18  stm32f10x_tim.o(i.TIM_OC3PreloadConfig)
    TIM_OC4Init                              0x08001ae9   Thumb Code   114  stm32f10x_tim.o(i.TIM_OC4Init)
    TIM_OC4PreloadConfig                     0x08001b65   Thumb Code    26  stm32f10x_tim.o(i.TIM_OC4PreloadConfig)
    TIM_SetCounter                           0x08001b7f   Thumb Code     4  stm32f10x_tim.o(i.TIM_SetCounter)
    TIM_TimeBaseInit                         0x08001b85   Thumb Code   122  stm32f10x_tim.o(i.TIM_TimeBaseInit)
    Turn_Left                                0x08001c29   Thumb Code    34  motor.o(i.Turn_Left)
    Turn_Right                               0x08001c51   Thumb Code    34  motor.o(i.Turn_Right)
    Update_Motors                            0x08001c79   Thumb Code    86  motor.o(i.Update_Motors)
    _init_box                                0x08001ccf   Thumb Code    70  rt_membox.o(i._init_box)
    _mutex_acquire                           0x08001d15   Thumb Code    22  rtx_conf_cm.o(i._mutex_acquire)
    _mutex_initialize                        0x08001d35   Thumb Code    34  rtx_conf_cm.o(i._mutex_initialize)
    _mutex_release                           0x08001d61   Thumb Code    18  rtx_conf_cm.o(i._mutex_release)
    dbg_init                                 0x08001d7d   Thumb Code    34  hal_cm.o(i.dbg_init)
    dbg_task_notify                          0x08001dad   Thumb Code    32  hal_cm.o(i.dbg_task_notify)
    dbg_task_switch                          0x08001dcd   Thumb Code    16  hal_cm.o(i.dbg_task_switch)
    isrMessageGet                            0x08001ddd   Thumb Code    42  rt_cmsis.o(i.isrMessageGet)
    isrMessagePut                            0x08001e07   Thumb Code    44  rt_cmsis.o(i.isrMessagePut)
    isr_mbx_receive                          0x08001e35   Thumb Code    82  rt_mailbox.o(i.isr_mbx_receive)
    isr_mbx_send                             0x08001e87   Thumb Code    14  rt_mailbox.o(i.isr_mbx_send)
    main                                     0x08001e95   Thumb Code    12  main.o(i.main)
    osKernelInitialize                       0x08001ea1   Thumb Code    30  rt_cmsis.o(i.osKernelInitialize)
    osKernelStart                            0x08001ec5   Thumb Code    98  rt_cmsis.o(i.osKernelStart)
    osMessageGet                             0x08001f31   Thumb Code    18  rt_cmsis.o(i.osMessageGet)
    osThreadCreate                           0x08001f49   Thumb Code    38  rt_cmsis.o(i.osThreadCreate)
    osThreadExit                             0x08001f79   Thumb Code    14  rt_cmsis.o(i.osThreadExit)
    osTimerCall                              0x08001f91   Thumb Code     8  rt_cmsis.o(i.osTimerCall)
    osTimerThread                            0x08001f9d   Thumb Code    38  rt_cmsis.o(i.osTimerThread)
    os_error                                 0x08001fc9   Thumb Code    34  rtx_conf_cm.o(i.os_error)
    os_idle_demon                            0x08001feb   Thumb Code     4  rtx_conf_cm.o(i.os_idle_demon)
    os_tick_init                             0x08001ff1   Thumb Code    32  rt_system.o(i.os_tick_init)
    os_tick_irqack                           0x08002019   Thumb Code     2  rt_system.o(i.os_tick_irqack)
    rt_alloc_box                             0x0800201b   Thumb Code    26  rt_membox.o(i.rt_alloc_box)
    rt_alloc_mem                             0x08002035   Thumb Code    62  rt_memory.o(i.rt_alloc_mem)
    rt_block                                 0x08002075   Thumb Code    48  rt_task.o(i.rt_block)
    rt_chk_robin                             0x080020ad   Thumb Code    60  rt_robin.o(i.rt_chk_robin)
    rt_dec_dly                               0x080020f5   Thumb Code   102  rt_list.o(i.rt_dec_dly)
    rt_dispatch                              0x08002165   Thumb Code    60  rt_task.o(i.rt_dispatch)
    rt_evt_psh                               0x080021a9   Thumb Code    76  rt_event.o(i.rt_evt_psh)
    rt_free_box                              0x080021f9   Thumb Code    44  rt_membox.o(i.rt_free_box)
    rt_free_mem                              0x08002225   Thumb Code    40  rt_memory.o(i.rt_free_mem)
    rt_get_first                             0x0800224d   Thumb Code    40  rt_list.o(i.rt_get_first)
    rt_init_mem                              0x080022c5   Thumb Code    26  rt_memory.o(i.rt_init_mem)
    rt_init_robin                            0x080022e1   Thumb Code    14  rt_robin.o(i.rt_init_robin)
    rt_init_stack                            0x080022f9   Thumb Code   118  hal_cm.o(i.rt_init_stack)
    rt_mbx_check                             0x08002379   Thumb Code     8  rt_mailbox.o(i.rt_mbx_check)
    rt_mbx_init                              0x08002381   Thumb Code    26  rt_mailbox.o(i.rt_mbx_init)
    rt_mbx_psh                               0x0800239d   Thumb Code   236  rt_mailbox.o(i.rt_mbx_psh)
    rt_mbx_wait                              0x0800248d   Thumb Code   174  rt_mailbox.o(i.rt_mbx_wait)
    rt_mut_init                              0x08002585   Thumb Code    16  rt_mutex.o(i.rt_mut_init)
    rt_mut_release                           0x08002595   Thumb Code   208  rt_mutex.o(i.rt_mut_release)
    rt_mut_wait                              0x0800266d   Thumb Code   100  rt_mutex.o(i.rt_mut_wait)
    rt_pop_req                               0x080026d5   Thumb Code   112  rt_system.o(i.rt_pop_req)
    rt_psh_req                               0x08002751   Thumb Code    22  rt_system.o(i.rt_psh_req)
    rt_psq_enq                               0x08002771   Thumb Code    88  rt_list.o(i.rt_psq_enq)
    rt_put_dly                               0x080027cd   Thumb Code    68  rt_list.o(i.rt_put_dly)
    rt_put_prio                              0x08002815   Thumb Code    54  rt_list.o(i.rt_put_prio)
    rt_put_rdy_first                         0x0800284d   Thumb Code    14  rt_list.o(i.rt_put_rdy_first)
    rt_resort_prio                           0x08002861   Thumb Code    46  rt_list.o(i.rt_resort_prio)
    rt_ret_val                               0x08002895   Thumb Code     6  hal_cm.o(i.rt_ret_val)
    rt_ret_val2                              0x0800289b   Thumb Code     8  hal_cm.o(i.rt_ret_val2)
    rt_rmv_dly                               0x080028a3   Thumb Code    40  rt_list.o(i.rt_rmv_dly)
    rt_rmv_list                              0x080028cd   Thumb Code    44  rt_list.o(i.rt_rmv_list)
    rt_sem_psh                               0x080028fd   Thumb Code    48  rt_semaphore.o(i.rt_sem_psh)
    rt_stk_check                             0x08002931   Thumb Code    28  rt_system.o(i.rt_stk_check)
    rt_switch_req                            0x08002955   Thumb Code    30  rt_task.o(i.rt_switch_req)
    rt_sys_init                              0x0800297d   Thumb Code   138  rt_task.o(i.rt_sys_init)
    rt_sys_start                             0x08002a49   Thumb Code   110  rt_task.o(i.rt_sys_start)
    rt_systick                               0x08002ac1   Thumb Code    50  rt_system.o(i.rt_systick)
    rt_tsk_create                            0x08002b49   Thumb Code   118  rt_task.o(i.rt_tsk_create)
    rt_tsk_delete                            0x08002bd1   Thumb Code   352  rt_task.o(i.rt_tsk_delete)
    rt_tsk_prio                              0x08002d4d   Thumb Code   108  rt_task.o(i.rt_tsk_prio)
    rt_tsk_self                              0x08002dc9   Thumb Code    12  rt_task.o(i.rt_tsk_self)
    svcKernelInitialize                      0x08002dd9   Thumb Code    80  rt_cmsis.o(i.svcKernelInitialize)
    svcKernelStart                           0x08002e49   Thumb Code    62  rt_cmsis.o(i.svcKernelStart)
    svcMessageCreate                         0x08002e91   Thumb Code    36  rt_cmsis.o(i.svcMessageCreate)
    svcMessageGet                            0x08002eb5   Thumb Code    58  rt_cmsis.o(i.svcMessageGet)
    svcThreadCreate                          0x08002ef1   Thumb Code   100  rt_cmsis.o(i.svcThreadCreate)
    svcThreadGetId                           0x08002f61   Thumb Code    22  rt_cmsis.o(i.svcThreadGetId)
    svcThreadTerminate                       0x08002f7d   Thumb Code    50  rt_cmsis.o(i.svcThreadTerminate)
    svcTimerCall                             0x08002fb5   Thumb Code    24  rt_cmsis.o(i.svcTimerCall)
    sysTimerTick                             0x08002fcd   Thumb Code    84  rt_cmsis.o(i.sysTimerTick)
    __aeabi_d2f                              0x08003029   Thumb Code     0  d2f.o(x$fpl$d2f)
    _d2f                                     0x08003029   Thumb Code    98  d2f.o(x$fpl$d2f)
    __fpl_dcmp_Inf                           0x0800308b   Thumb Code    24  dcmpi.o(x$fpl$dcmpinf)
    __aeabi_ddiv                             0x080030a5   Thumb Code     0  ddiv.o(x$fpl$ddiv)
    _ddiv                                    0x080030a5   Thumb Code   552  ddiv.o(x$fpl$ddiv)
    __aeabi_cdcmple                          0x08003355   Thumb Code     0  dleqf.o(x$fpl$dleqf)
    _dcmple                                  0x08003355   Thumb Code   120  dleqf.o(x$fpl$dleqf)
    __fpl_dcmple_InfNaN                      0x080033b7   Thumb Code     0  dleqf.o(x$fpl$dleqf)
    __aeabi_dmul                             0x080033cd   Thumb Code     0  dmul.o(x$fpl$dmul)
    _dmul                                    0x080033cd   Thumb Code   332  dmul.o(x$fpl$dmul)
    __fpl_dnaninf                            0x08003521   Thumb Code   156  dnaninf.o(x$fpl$dnaninf)
    __fpl_dretinf                            0x080035bd   Thumb Code    12  dretinf.o(x$fpl$dretinf)
    __aeabi_cdrcmple                         0x080035c9   Thumb Code     0  drleqf.o(x$fpl$drleqf)
    _drcmple                                 0x080035c9   Thumb Code   108  drleqf.o(x$fpl$drleqf)
    __aeabi_f2d                              0x08003635   Thumb Code     0  f2d.o(x$fpl$f2d)
    _f2d                                     0x08003635   Thumb Code    86  f2d.o(x$fpl$f2d)
    __aeabi_fdiv                             0x0800368d   Thumb Code     0  fdiv.o(x$fpl$fdiv)
    _fdiv                                    0x0800368d   Thumb Code   384  fdiv.o(x$fpl$fdiv)
    __aeabi_f2uiz                            0x08003811   Thumb Code     0  ffixu.o(x$fpl$ffixu)
    _ffixu                                   0x08003811   Thumb Code    62  ffixu.o(x$fpl$ffixu)
    __aeabi_i2f                              0x08003851   Thumb Code     0  fflt_clz.o(x$fpl$fflt)
    _fflt                                    0x08003851   Thumb Code    48  fflt_clz.o(x$fpl$fflt)
    __aeabi_ui2f                             0x08003881   Thumb Code     0  fflt_clz.o(x$fpl$ffltu)
    _ffltu                                   0x08003881   Thumb Code    38  fflt_clz.o(x$fpl$ffltu)
    __aeabi_fmul                             0x080038a9   Thumb Code     0  fmul.o(x$fpl$fmul)
    _fmul                                    0x080038a9   Thumb Code   258  fmul.o(x$fpl$fmul)
    __fpl_fnaninf                            0x080039ab   Thumb Code   140  fnaninf.o(x$fpl$fnaninf)
    __fpl_fretinf                            0x08003a37   Thumb Code    10  fretinf.o(x$fpl$fretinf)
    __I$use$fp                               0x08003a40   Number         0  usenofp.o(x$fpl$usenofp)
    os_maxtaskrun                            0x08003a40   Data           2  rtx_conf_cm.o(.constdata)
    os_stackinfo                             0x08003a44   Data           4  rtx_conf_cm.o(.constdata)
    os_rrobin                                0x08003a48   Data           4  rtx_conf_cm.o(.constdata)
    os_tickfreq                              0x08003a4c   Data           4  rtx_conf_cm.o(.constdata)
    os_tickus_i                              0x08003a50   Data           2  rtx_conf_cm.o(.constdata)
    os_tickus_f                              0x08003a52   Data           2  rtx_conf_cm.o(.constdata)
    os_trv                                   0x08003a54   Data           4  rtx_conf_cm.o(.constdata)
    os_flags                                 0x08003a58   Data           1  rtx_conf_cm.o(.constdata)
    CMSIS_RTOS_API_Version                   0x08003a5c   Data           4  rtx_conf_cm.o(.constdata)
    CMSIS_RTOS_RTX_Version                   0x08003a60   Data           4  rtx_conf_cm.o(.constdata)
    os_clockrate                             0x08003a64   Data           4  rtx_conf_cm.o(.constdata)
    os_timernum                              0x08003a68   Data           4  rtx_conf_cm.o(.constdata)
    mp_tcb_size                              0x08003a6c   Data           2  rtx_conf_cm.o(.constdata)
    mp_stk_size                              0x08003a70   Data           4  rtx_conf_cm.o(.constdata)
    os_stack_sz                              0x08003a74   Data           4  rtx_conf_cm.o(.constdata)
    os_fifo_size                             0x08003a78   Data           1  rtx_conf_cm.o(.constdata)
    os_thread_def_osTimerThread              0x08003a7c   Data          16  rtx_conf_cm.o(.constdata)
    os_messageQ_def_osTimerMessageQ          0x08003a8c   Data           8  rtx_conf_cm.o(.constdata)
    mp_tmr_size                              0x08003a94   Data           2  rtx_conf_cm.o(.constdata)
    Region$$Table$$Base                      0x08003a98   Number         0  anon$$obj.o(Region$$Table)
    Region$$Table$$Limit                     0x08003ab8   Number         0  anon$$obj.o(Region$$Table)
    AUTORELOAD_VALUE_TIM1                    0x20000000   Data           4  timer.o(.data)
    AUTORELOAD_VALUE_TIM2                    0x20000004   Data           4  timer.o(.data)
    AUTORELOAD_VALUE_TIM3                    0x20000008   Data           4  timer.o(.data)
    AUTORELOAD_VALUE_TIM4                    0x2000000c   Data           4  timer.o(.data)
    pFnc2                                    0x20000010   Data           4  timer.o(.data)
    pFnc3                                    0x20000014   Data           4  timer.o(.data)
    pFnc4                                    0x20000018   Data           4  timer.o(.data)
    Trigger_State                            0x20000020   Data           1  us_sensor.o(.data)
    Model                                    0x20000024   Data           4  us_sensor.o(.data)
    SENSOR_FRONT_L_                          0x20000028   Data          16  us_sensor.o(.data)
    SENSOR_FRONT_R_                          0x20000038   Data          16  us_sensor.o(.data)
    SENSOR_FRONT_C_                          0x20000048   Data          16  us_sensor.o(.data)
    SENSOR_BACK_L_                           0x20000058   Data          16  us_sensor.o(.data)
    SENSOR_BACK_R_                           0x20000068   Data          16  us_sensor.o(.data)
    SENSOR_BACK_C_                           0x20000078   Data          16  us_sensor.o(.data)
    SENSOR_FRONT_L                           0x20000088   Data           4  us_sensor.o(.data)
    SENSOR_FRONT_R                           0x2000008c   Data           4  us_sensor.o(.data)
    SENSOR_FRONT_C                           0x20000090   Data           4  us_sensor.o(.data)
    SENSOR_BACK_L                            0x20000094   Data           4  us_sensor.o(.data)
    SENSOR_BACK_R                            0x20000098   Data           4  us_sensor.o(.data)
    SENSOR_BACK_C                            0x2000009c   Data           4  us_sensor.o(.data)
    US_active                                0x200000a0   Data           4  us_sensor.o(.data)
    Time                                     0x200000a4   Data           4  us_sensor.o(.data)
    front_us                                 0x200000a8   Data           4  us_sensor.o(.data)
    time_echo                                0x200000ac   Data           4  us_sensor.o(.data)
    osThreadId_osTimerThread                 0x200000b0   Data           4  rtx_conf_cm.o(.data)
    osMessageQId_osTimerMessageQ             0x200000b4   Data           4  rtx_conf_cm.o(.data)
    os_tmr                                   0x200000b8   Data           4  rtx_conf_cm.o(.data)
    m_tmr                                    0x200000bc   Data           4  rtx_conf_cm.o(.data)
    os_thread_def_main                       0x200000c4   Data          16  rtx_conf_cm.o(.data)
    os_initialized                           0x200000d4   Data           1  rt_cmsis.o(.data)
    os_running                               0x200000d5   Data           1  rt_cmsis.o(.data)
    os_timer_head                            0x200000d8   Data           4  rt_cmsis.o(.data)
    os_tsk                                   0x200000dc   Data           8  rt_task.o(.data)
    os_tick_irqn                             0x200000e8   Data           4  rt_system.o(.data)
    os_time                                  0x200000ec   Data           4  rt_time.o(.data)
    os_robin                                 0x200000f0   Data           8  rt_robin.o(.data)
    dbg_msg                                  0x200000f8   Data           1  hal_cm.o(.data)
    mp_tcb                                   0x20000100   Data         376  rtx_conf_cm.o(.bss)
    mp_stk                                   0x20000278   Data        1216  rtx_conf_cm.o(.bss)
    os_stack_mem                             0x20000738   Data         432  rtx_conf_cm.o(.bss)
    os_fifo                                  0x200008e8   Data         132  rtx_conf_cm.o(.bss)
    os_active_TCB                            0x2000096c   Data          28  rtx_conf_cm.o(.bss)
    os_messageQ_q_osTimerMessageQ            0x20000988   Data          32  rtx_conf_cm.o(.bss)
    os_idle_TCB                              0x20000cc8   Data          52  rt_task.o(.bss)
    os_rdy                                   0x20000cfc   Data          24  rt_list.o(.bss)
    os_dly                                   0x20000d14   Data          24  rt_list.o(.bss)
    __libspace_start                         0x20000d2c   Data          96  libspace.o(.bss)
    __temporary_stack_top$libspace           0x20000d8c   Data           0  libspace.o(.bss)



==============================================================================

Memory Map of the image

  Image Entry point : 0x080002e5

  Load Region LR_1 (Base: 0x08000000, Size: 0x00003bb4, Max: 0xffffffff, ABSOLUTE)

    Execution Region ER_RO (Base: 0x08000000, Size: 0x00003ab8, Max: 0xffffffff, ABSOLUTE)

    Base Addr    Size         Type   Attr      Idx    E Section Name        Object

    0x08000000   0x000000ec   Data   RO         3419    RESET               startup_stm32f10x_md.o
    0x080000ec   0x00000008   Code   RO         4814  * !!!main             c_w.l(__main.o)
    0x080000f4   0x00000034   Code   RO         5068    !!!scatter          c_w.l(__scatter.o)
    0x08000128   0x0000001a   Code   RO         5070    !!handler_copy      c_w.l(__scatter_copy.o)
    0x08000142   0x00000002   PAD
    0x08000144   0x0000001c   Code   RO         5072    !!handler_zi        c_w.l(__scatter_zi.o)
    0x08000160   0x00000002   Code   RO         5020    .ARM.Collect$$libinit$$00000000  c_w.l(libinit.o)
    0x08000162   0x00000000   Code   RO         4891    .ARM.Collect$$libinit$$00000002  c_w.l(libinit2.o)
    0x08000162   0x00000000   Code   RO         4893    .ARM.Collect$$libinit$$00000004  c_w.l(libinit2.o)
    0x08000162   0x00000008   Code   RO         4894    .ARM.Collect$$libinit$$00000005  c_w.l(libinit2.o)
    0x0800016a   0x00000000   Code   RO         4896    .ARM.Collect$$libinit$$0000000A  c_w.l(libinit2.o)
    0x0800016a   0x00000000   Code   RO         4898    .ARM.Collect$$libinit$$0000000C  c_w.l(libinit2.o)
    0x0800016a   0x00000000   Code   RO         4900    .ARM.Collect$$libinit$$0000000E  c_w.l(libinit2.o)
    0x0800016a   0x00000000   Code   RO         4903    .ARM.Collect$$libinit$$00000011  c_w.l(libinit2.o)
    0x0800016a   0x00000000   Code   RO         4905    .ARM.Collect$$libinit$$00000013  c_w.l(libinit2.o)
    0x0800016a   0x00000000   Code   RO         4907    .ARM.Collect$$libinit$$00000015  c_w.l(libinit2.o)
    0x0800016a   0x00000000   Code   RO         4909    .ARM.Collect$$libinit$$00000017  c_w.l(libinit2.o)
    0x0800016a   0x00000000   Code   RO         4911    .ARM.Collect$$libinit$$00000019  c_w.l(libinit2.o)
    0x0800016a   0x00000000   Code   RO         4913    .ARM.Collect$$libinit$$0000001B  c_w.l(libinit2.o)
    0x0800016a   0x00000000   Code   RO         4915    .ARM.Collect$$libinit$$0000001D  c_w.l(libinit2.o)
    0x0800016a   0x00000000   Code   RO         4917    .ARM.Collect$$libinit$$0000001F  c_w.l(libinit2.o)
    0x0800016a   0x00000000   Code   RO         4919    .ARM.Collect$$libinit$$00000021  c_w.l(libinit2.o)
    0x0800016a   0x00000000   Code   RO         4921    .ARM.Collect$$libinit$$00000023  c_w.l(libinit2.o)
    0x0800016a   0x00000000   Code   RO         4923    .ARM.Collect$$libinit$$00000025  c_w.l(libinit2.o)
    0x0800016a   0x00000000   Code   RO         4927    .ARM.Collect$$libinit$$0000002C  c_w.l(libinit2.o)
    0x0800016a   0x00000000   Code   RO         4929    .ARM.Collect$$libinit$$0000002E  c_w.l(libinit2.o)
    0x0800016a   0x00000000   Code   RO         4931    .ARM.Collect$$libinit$$00000030  c_w.l(libinit2.o)
    0x0800016a   0x00000000   Code   RO         4933    .ARM.Collect$$libinit$$00000032  c_w.l(libinit2.o)
    0x0800016a   0x00000002   Code   RO         4934    .ARM.Collect$$libinit$$00000033  c_w.l(libinit2.o)
    0x0800016c   0x00000002   Code   RO         5021    .ARM.Collect$$libshutdown$$00000000  c_w.l(libshutdown.o)
    0x0800016e   0x00000000   Code   RO         5033    .ARM.Collect$$libshutdown$$00000002  c_w.l(libshutdown2.o)
    0x0800016e   0x00000000   Code   RO         5035    .ARM.Collect$$libshutdown$$00000004  c_w.l(libshutdown2.o)
    0x0800016e   0x00000000   Code   RO         5038    .ARM.Collect$$libshutdown$$00000007  c_w.l(libshutdown2.o)
    0x0800016e   0x00000000   Code   RO         5041    .ARM.Collect$$libshutdown$$0000000A  c_w.l(libshutdown2.o)
    0x0800016e   0x00000000   Code   RO         5043    .ARM.Collect$$libshutdown$$0000000C  c_w.l(libshutdown2.o)
    0x0800016e   0x00000000   Code   RO         5046    .ARM.Collect$$libshutdown$$0000000F  c_w.l(libshutdown2.o)
    0x0800016e   0x00000002   Code   RO         5047    .ARM.Collect$$libshutdown$$00000010  c_w.l(libshutdown2.o)
    0x08000170   0x00000000   Code   RO         4846    .ARM.Collect$$rtentry$$00000000  c_w.l(__rtentry.o)
    0x08000170   0x00000000   Code   RO         4949    .ARM.Collect$$rtentry$$00000002  c_w.l(__rtentry2.o)
    0x08000170   0x00000006   Code   RO         4961    .ARM.Collect$$rtentry$$00000004  c_w.l(__rtentry4.o)
    0x08000176   0x00000000   Code   RO         4951    .ARM.Collect$$rtentry$$00000009  c_w.l(__rtentry2.o)
    0x08000176   0x00000004   Code   RO         4952    .ARM.Collect$$rtentry$$0000000A  c_w.l(__rtentry2.o)
    0x0800017a   0x00000008   Code   RO         4953    .ARM.Collect$$rtentry$$0000000B  c_w.l(__rtentry2.o)
    0x08000182   0x00000008   Code   RO         4955    .ARM.Collect$$rtentry$$0000000D  c_w.l(__rtentry2.o)
    0x0800018a   0x00000002   Code   RO         4847    .ARM.Collect$$rtexit$$00000000  c_w.l(rtexit.o)
    0x0800018c   0x00000000   Code   RO         4964    .ARM.Collect$$rtexit$$00000002  c_w.l(rtexit2.o)
    0x0800018c   0x00000004   Code   RO         4965    .ARM.Collect$$rtexit$$00000003  c_w.l(rtexit2.o)
    0x08000190   0x00000006   Code   RO         4966    .ARM.Collect$$rtexit$$00000004  c_w.l(rtexit2.o)
    0x08000196   0x00000002   PAD
    0x08000198   0x0000001c   Code   RO          998    .emb_text           rtx_conf_cm.o
    0x080001b4   0x00000130   Code   RO         4734    .emb_text           RTX_CM3.lib(hal_cm3.o)
    0x080002e4   0x00000000   Code   RO         4974    .emb_text           c_w.l(maybetermalloc1.o)
    0x080002e4   0x00000040   Code   RO         3420  * .text               startup_stm32f10x_md.o
    0x08000324   0x00000008   Code   RO         4749    .text               c_w.l(libspace.o)
    0x0800032c   0x0000009e   Code   RO         4756    .text               c_w.l(h1_alloc_mt.o)
    0x080003ca   0x00000012   Code   RO         4810    .text               c_w.l(exit.o)
    0x080003dc   0x00000006   Code   RO         4812    .text               c_w.l(heapauxi.o)
    0x080003e2   0x0000000a   Code   RO         4858    .text               c_w.l(rt_heap_descriptor_twolibspace.o)
    0x080003ec   0x00000004   Code   RO         4860    .text               c_w.l(hguard.o)
    0x080003f0   0x0000008a   Code   RO         4862    .text               c_w.l(init_alloc.o)
    0x0800047a   0x00000012   Code   RO         4872    .text               c_w.l(h1_init_mt.o)
    0x0800048c   0x00000076   Code   RO         4874    .text               c_w.l(h1_free_mt.o)
    0x08000502   0x0000003e   Code   RO         4978    .text               c_w.l(h1_extend_mt.o)
    0x08000540   0x0000000e   Code   RO         4980    .text               c_w.l(defsig_rtmem_outer.o)
    0x0800054e   0x00000002   PAD
    0x08000550   0x0000000c   Code   RO         4991    .text               c_w.l(sys_exit.o)
    0x0800055c   0x00000002   Code   RO         4993    .text               c_w.l(use_no_semi.o)
    0x0800055e   0x00000000   Code   RO         4995    .text               c_w.l(indicate_semi.o)
    0x0800055e   0x0000004a   Code   RO         4996    .text               c_w.l(sys_stackheap_outer.o)
    0x080005a8   0x0000000a   Code   RO         5002    .text               c_w.l(defsig_exit.o)
    0x080005b2   0x00000002   PAD
    0x080005b4   0x00000050   Code   RO         5008    .text               c_w.l(defsig_rtmem_inner.o)
    0x08000604   0x00000032   Code   RO         5028    .text               c_w.l(defsig_general.o)
    0x08000636   0x0000000e   Code   RO         5048    .text               c_w.l(sys_wrch.o)
    0x08000644   0x00000004   Code   RO         4744    SVC_TABLE           RTX_CM3.lib(svc_table.o)
    0x08000648   0x00000008   Code   RO          398    i.CLOCK_GetHCLK     clock.o
    0x08000650   0x00000050   Code   RO          458    i.Calcul_DutyCycle  motor.o
    0x080006a0   0x00000058   Code   RO          586    i.Capture_echo      us_sensor.o
    0x080006f8   0x00000020   Code   RO          206    i.Config_EXTI_Rising_Falling  timer.o
    0x08000718   0x00000026   Code   RO          207    i.Config_NVIC_EXTI  timer.o
    0x0800073e   0x00000020   Code   RO          208    i.Config_NVIC_TIM2  timer.o
    0x0800075e   0x00000002   Code   RO         3219    i.DMA1_Channel1_Event  dma_stm32f10x.o
    0x08000760   0x0000001c   Code   RO         3220    i.DMA1_Channel1_IRQHandler  dma_stm32f10x.o
    0x0800077c   0x00000002   Code   RO         3221    i.DMA1_Channel2_Event  dma_stm32f10x.o
    0x0800077e   0x00000002   PAD
    0x08000780   0x0000001c   Code   RO         3222    i.DMA1_Channel2_IRQHandler  dma_stm32f10x.o
    0x0800079c   0x00000002   Code   RO         3223    i.DMA1_Channel3_Event  dma_stm32f10x.o
    0x0800079e   0x00000002   PAD
    0x080007a0   0x0000001c   Code   RO         3224    i.DMA1_Channel3_IRQHandler  dma_stm32f10x.o
    0x080007bc   0x00000002   Code   RO         3225    i.DMA1_Channel4_Event  dma_stm32f10x.o
    0x080007be   0x00000002   PAD
    0x080007c0   0x0000001c   Code   RO         3226    i.DMA1_Channel4_IRQHandler  dma_stm32f10x.o
    0x080007dc   0x00000002   Code   RO         3227    i.DMA1_Channel5_Event  dma_stm32f10x.o
    0x080007de   0x00000002   PAD
    0x080007e0   0x0000001c   Code   RO         3228    i.DMA1_Channel5_IRQHandler  dma_stm32f10x.o
    0x080007fc   0x00000002   Code   RO         3229    i.DMA1_Channel6_Event  dma_stm32f10x.o
    0x080007fe   0x00000002   PAD
    0x08000800   0x0000001c   Code   RO         3230    i.DMA1_Channel6_IRQHandler  dma_stm32f10x.o
    0x0800081c   0x00000002   Code   RO         3231    i.DMA1_Channel7_Event  dma_stm32f10x.o
    0x0800081e   0x00000002   PAD
    0x08000820   0x0000001c   Code   RO         3232    i.DMA1_Channel7_IRQHandler  dma_stm32f10x.o
    0x0800083c   0x00000018   Code   RO         1603    i.DMA_Cmd           stm32f10x_dma.o
    0x08000854   0x0000014c   Code   RO         1604    i.DMA_DeInit        stm32f10x_dma.o
    0x080009a0   0x00000012   Code   RO         1608    i.DMA_ITConfig      stm32f10x_dma.o
    0x080009b2   0x0000003c   Code   RO         1609    i.DMA_Init          stm32f10x_dma.o
    0x080009ee   0x0000001a   Code   RO         1611    i.DMA_StructInit    stm32f10x_dma.o
    0x08000a08   0x00000010   Code   RO          115    i.Delay_us          delay.o
    0x08000a18   0x00000024   Code   RO          587    i.EXTI0_IRQHandler  us_sensor.o
    0x08000a3c   0x0000000c   Code   RO         3474    i.EXTI_ClearITPendingBit  stm32f10x_exti.o
    0x08000a48   0x00000094   Code   RO         3479    i.EXTI_Init         stm32f10x_exti.o
    0x08000adc   0x00000108   Code   RO          459    i.Find_GPIO_Pin     motor.o
    0x08000be4   0x00000040   Code   RO         1688    i.GPIO_EXTILineConfig  stm32f10x_gpio.o
    0x08000c24   0x00000116   Code   RO         1691    i.GPIO_Init         stm32f10x_gpio.o
    0x08000d3a   0x00000004   Code   RO         1698    i.GPIO_ResetBits    stm32f10x_gpio.o
    0x08000d3e   0x00000004   Code   RO         1699    i.GPIO_SetBits      stm32f10x_gpio.o
    0x08000d42   0x00000002   PAD
    0x08000d44   0x0000002c   Code   RO          460    i.Go_Back           motor.o
    0x08000d70   0x0000002c   Code   RO          461    i.Go_Forward        motor.o
    0x08000d9c   0x00000040   Code   RO          462    i.Init_All_Motor    motor.o
    0x08000ddc   0x00000060   Code   RO          589    i.Init_All_US_Sensor  us_sensor.o
    0x08000e3c   0x00000020   Code   RO          144    i.Init_GPIO         gpio.o
    0x08000e5c   0x00000022   Code   RO          145    i.Init_GPIO_IPU     gpio.o
    0x08000e7e   0x00000020   Code   RO          147    i.Init_GPIO_Out     gpio.o
    0x08000e9e   0x00000020   Code   RO          148    i.Init_GPIO_PWM     gpio.o
    0x08000ebe   0x00000084   Code   RO          211    i.Init_PWM          timer.o
    0x08000f42   0x00000038   Code   RO          463    i.Init_Single_Motor  motor.o
    0x08000f7a   0x00000002   PAD
    0x08000f7c   0x00000044   Code   RO          590    i.Init_Systick      us_sensor.o
    0x08000fc0   0x0000007c   Code   RO          212    i.Init_Timer        timer.o
    0x0800103c   0x00000016   Code   RO          591    i.Init_US_Sensor    us_sensor.o
    0x08001052   0x00000002   PAD
    0x08001054   0x0000014c   Code   RO          685    i.InitializeSPI2    spi.o
    0x080011a0   0x00000070   Code   RO         1062    i.NVIC_Init         misc.o
    0x08001210   0x00000044   Code   RO          592    i.Periodic_Impulse_3_Front_US  us_sensor.o
    0x08001254   0x00000020   Code   RO         2100    i.RCC_AHBPeriphClockCmd  stm32f10x_rcc.o
    0x08001274   0x00000020   Code   RO         2101    i.RCC_APB1PeriphClockCmd  stm32f10x_rcc.o
    0x08001294   0x00000020   Code   RO         2102    i.RCC_APB1PeriphResetCmd  stm32f10x_rcc.o
    0x080012b4   0x00000020   Code   RO         2103    i.RCC_APB2PeriphClockCmd  stm32f10x_rcc.o
    0x080012d4   0x00000020   Code   RO         2104    i.RCC_APB2PeriphResetCmd  stm32f10x_rcc.o
    0x080012f4   0x00000028   Code   RO          828    i.RCC_Configuration  main.o
    0x0800131c   0x00000018   Code   RO         2122    i.RCC_PCLK1Config   stm32f10x_rcc.o
    0x08001334   0x0000000c   Code   RO          593    i.Relance_Compteur_Echo  us_sensor.o
    0x08001340   0x0000000e   Code   RO          214    i.Reset_counter     timer.o
    0x0800134e   0x00000018   Code   RO         2316    i.SPI_Cmd           stm32f10x_spi.o
    0x08001366   0x00000012   Code   RO         2322    i.SPI_I2S_DMACmd    stm32f10x_spi.o
    0x08001378   0x00000058   Code   RO         2323    i.SPI_I2S_DeInit    stm32f10x_spi.o
    0x080013d0   0x0000003c   Code   RO         2329    i.SPI_Init          stm32f10x_spi.o
    0x0800140c   0x00000018   Code   RO         2332    i.SPI_StructInit    stm32f10x_spi.o
    0x08001424   0x00000028   Code   RO          149    i.Send_impulse_GPIO  gpio.o
    0x0800144c   0x00000008   Code   RO         3427    i.SetSysClock       system_stm32f10x.o
    0x08001454   0x000000e0   Code   RO         3428    i.SetSysClockTo72   system_stm32f10x.o
    0x08001534   0x000000a0   Code   RO          215    i.Set_PWM_DutyCycle  timer.o
    0x080015d4   0x00000066   Code   RO          766    i.StartBarstow      barstow.o
    0x0800163a   0x00000002   PAD
    0x0800163c   0x00000020   Code   RO          594    i.Start_US_Sensor   us_sensor.o
    0x0800165c   0x00000020   Code   RO          466    i.Stop_Car          motor.o
    0x0800167c   0x0000001c   Code   RO          467    i.Stop_Turn         motor.o
    0x08001698   0x00000060   Code   RO         3430    i.SystemInit        system_stm32f10x.o
    0x080016f8   0x00000114   Code   RO          353    i.Systick_Period    timer_systick.o
    0x0800180c   0x00000024   Code   RO          354    i.Systick_Prio_IT   timer_systick.o
    0x08001830   0x00000020   Code   RO          216    i.TIM2_IRQHandler   timer.o
    0x08001850   0x00000020   Code   RO          217    i.TIM3_IRQHandler   timer.o
    0x08001870   0x00000020   Code   RO          218    i.TIM4_IRQHandler   timer.o
    0x08001890   0x00000018   Code   RO         2471    i.TIM_ARRPreloadConfig  stm32f10x_tim.o
    0x080018a8   0x00000018   Code   RO         2483    i.TIM_Cmd           stm32f10x_tim.o
    0x080018c0   0x00000006   Code   RO         2502    i.TIM_GetCounter    stm32f10x_tim.o
    0x080018c6   0x00000002   PAD
    0x080018c8   0x00000098   Code   RO         2512    i.TIM_OC1Init       stm32f10x_tim.o
    0x08001960   0x00000012   Code   RO         2515    i.TIM_OC1PreloadConfig  stm32f10x_tim.o
    0x08001972   0x00000002   PAD
    0x08001974   0x000000a4   Code   RO         2517    i.TIM_OC2Init       stm32f10x_tim.o
    0x08001a18   0x0000001a   Code   RO         2520    i.TIM_OC2PreloadConfig  stm32f10x_tim.o
    0x08001a32   0x00000002   PAD
    0x08001a34   0x000000a0   Code   RO         2522    i.TIM_OC3Init       stm32f10x_tim.o
    0x08001ad4   0x00000012   Code   RO         2525    i.TIM_OC3PreloadConfig  stm32f10x_tim.o
    0x08001ae6   0x00000002   PAD
    0x08001ae8   0x0000007c   Code   RO         2527    i.TIM_OC4Init       stm32f10x_tim.o
    0x08001b64   0x0000001a   Code   RO         2529    i.TIM_OC4PreloadConfig  stm32f10x_tim.o
    0x08001b7e   0x00000004   Code   RO         2548    i.TIM_SetCounter    stm32f10x_tim.o
    0x08001b82   0x00000002   PAD
    0x08001b84   0x000000a4   Code   RO         2554    i.TIM_TimeBaseInit  stm32f10x_tim.o
    0x08001c28   0x00000028   Code   RO          468    i.Turn_Left         motor.o
    0x08001c50   0x00000028   Code   RO          469    i.Turn_Right        motor.o
    0x08001c78   0x00000056   Code   RO          470    i.Update_Motors     motor.o
    0x08001cce   0x00000046   Code   RO         4633    i._init_box         RTX_CM3.lib(rt_membox.o)
    0x08001d14   0x00000020   Code   RO         1000    i._mutex_acquire    rtx_conf_cm.o
    0x08001d34   0x0000002c   Code   RO         1001    i._mutex_initialize  rtx_conf_cm.o
    0x08001d60   0x0000001c   Code   RO         1002    i._mutex_release    rtx_conf_cm.o
    0x08001d7c   0x00000030   Code   RO         4686    i.dbg_init          RTX_CM3.lib(hal_cm.o)
    0x08001dac   0x00000020   Code   RO         4687    i.dbg_task_notify   RTX_CM3.lib(hal_cm.o)
    0x08001dcc   0x00000010   Code   RO         4688    i.dbg_task_switch   RTX_CM3.lib(hal_cm.o)
    0x08001ddc   0x0000002a   Code   RO         3539    i.isrMessageGet     RTX_CM3.lib(rt_cmsis.o)
    0x08001e06   0x0000002c   Code   RO         3540    i.isrMessagePut     RTX_CM3.lib(rt_cmsis.o)
    0x08001e32   0x00000002   PAD
    0x08001e34   0x00000052   Code   RO         4488    i.isr_mbx_receive   RTX_CM3.lib(rt_mailbox.o)
    0x08001e86   0x0000000e   Code   RO         4489    i.isr_mbx_send      RTX_CM3.lib(rt_mailbox.o)
    0x08001e94   0x0000000c   Code   RO          829    i.main              main.o
    0x08001ea0   0x00000024   Code   RO         3544    i.osKernelInitialize  RTX_CM3.lib(rt_cmsis.o)
    0x08001ec4   0x0000006c   Code   RO         3546    i.osKernelStart     RTX_CM3.lib(rt_cmsis.o)
    0x08001f30   0x00000018   Code   RO         3555    i.osMessageGet      RTX_CM3.lib(rt_cmsis.o)
    0x08001f48   0x00000030   Code   RO         3572    i.osThreadCreate    RTX_CM3.lib(rt_cmsis.o)
    0x08001f78   0x00000018   Code   RO         3573    i.osThreadExit      RTX_CM3.lib(rt_cmsis.o)
    0x08001f90   0x0000000c   Code   RO         3579    i.osTimerCall       RTX_CM3.lib(rt_cmsis.o)
    0x08001f9c   0x0000002c   Code   RO         3584    i.osTimerThread     RTX_CM3.lib(rt_cmsis.o)
    0x08001fc8   0x00000022   Code   RO         1003    i.os_error          rtx_conf_cm.o
    0x08001fea   0x00000004   Code   RO         1004    i.os_idle_demon     rtx_conf_cm.o
    0x08001fee   0x00000002   PAD
    0x08001ff0   0x00000028   Code   RO         4280    i.os_tick_init      RTX_CM3.lib(rt_system.o)
    0x08002018   0x00000002   Code   RO         4281    i.os_tick_irqack    RTX_CM3.lib(rt_system.o)
    0x0800201a   0x0000001a   Code   RO         4634    i.rt_alloc_box      RTX_CM3.lib(rt_membox.o)
    0x08002034   0x0000003e   Code   RO         4662    i.rt_alloc_mem      RTX_CM3.lib(rt_memory.o)
    0x08002072   0x00000002   PAD
    0x08002074   0x00000038   Code   RO         4161    i.rt_block          RTX_CM3.lib(rt_task.o)
    0x080020ac   0x00000048   Code   RO         4611    i.rt_chk_robin      RTX_CM3.lib(rt_robin.o)
    0x080020f4   0x00000070   Code   RO         4412    i.rt_dec_dly        RTX_CM3.lib(rt_list.o)
    0x08002164   0x00000044   Code   RO         4162    i.rt_dispatch       RTX_CM3.lib(rt_task.o)
    0x080021a8   0x00000050   Code   RO         4373    i.rt_evt_psh        RTX_CM3.lib(rt_event.o)
    0x080021f8   0x0000002c   Code   RO         4635    i.rt_free_box       RTX_CM3.lib(rt_membox.o)
    0x08002224   0x00000028   Code   RO         4663    i.rt_free_mem       RTX_CM3.lib(rt_memory.o)
    0x0800224c   0x00000028   Code   RO         4413    i.rt_get_first      RTX_CM3.lib(rt_list.o)
    0x08002274   0x00000008   Code   RO         3589    i.rt_id2obj         RTX_CM3.lib(rt_cmsis.o)
    0x0800227c   0x00000048   Code   RO         4163    i.rt_init_context   RTX_CM3.lib(rt_task.o)
    0x080022c4   0x0000001a   Code   RO         4664    i.rt_init_mem       RTX_CM3.lib(rt_memory.o)
    0x080022de   0x00000002   PAD
    0x080022e0   0x00000018   Code   RO         4612    i.rt_init_robin     RTX_CM3.lib(rt_robin.o)
    0x080022f8   0x00000080   Code   RO         4689    i.rt_init_stack     RTX_CM3.lib(hal_cm.o)
    0x08002378   0x00000008   Code   RO         4490    i.rt_mbx_check      RTX_CM3.lib(rt_mailbox.o)
    0x08002380   0x0000001a   Code   RO         4491    i.rt_mbx_init       RTX_CM3.lib(rt_mailbox.o)
    0x0800239a   0x00000002   PAD
    0x0800239c   0x000000f0   Code   RO         4492    i.rt_mbx_psh        RTX_CM3.lib(rt_mailbox.o)
    0x0800248c   0x000000b4   Code   RO         4494    i.rt_mbx_wait       RTX_CM3.lib(rt_mailbox.o)
    0x08002540   0x00000044   Code   RO         3590    i.rt_ms2tick        RTX_CM3.lib(rt_cmsis.o)
    0x08002584   0x00000010   Code   RO         4246    i.rt_mut_init       RTX_CM3.lib(rt_mutex.o)
    0x08002594   0x000000d8   Code   RO         4247    i.rt_mut_release    RTX_CM3.lib(rt_mutex.o)
    0x0800266c   0x00000068   Code   RO         4248    i.rt_mut_wait       RTX_CM3.lib(rt_mutex.o)
    0x080026d4   0x0000007c   Code   RO         4284    i.rt_pop_req        RTX_CM3.lib(rt_system.o)
    0x08002750   0x00000020   Code   RO         4285    i.rt_psh_req        RTX_CM3.lib(rt_system.o)
    0x08002770   0x0000005c   Code   RO         4415    i.rt_psq_enq        RTX_CM3.lib(rt_list.o)
    0x080027cc   0x00000048   Code   RO         4416    i.rt_put_dly        RTX_CM3.lib(rt_list.o)
    0x08002814   0x00000036   Code   RO         4417    i.rt_put_prio       RTX_CM3.lib(rt_list.o)
    0x0800284a   0x00000002   PAD
    0x0800284c   0x00000014   Code   RO         4418    i.rt_put_rdy_first  RTX_CM3.lib(rt_list.o)
    0x08002860   0x00000034   Code   RO         4419    i.rt_resort_prio    RTX_CM3.lib(rt_list.o)
    0x08002894   0x00000006   Code   RO         4690    i.rt_ret_val        RTX_CM3.lib(hal_cm.o)
    0x0800289a   0x00000008   Code   RO         4691    i.rt_ret_val2       RTX_CM3.lib(hal_cm.o)
    0x080028a2   0x00000028   Code   RO         4420    i.rt_rmv_dly        RTX_CM3.lib(rt_list.o)
    0x080028ca   0x00000002   PAD
    0x080028cc   0x00000030   Code   RO         4421    i.rt_rmv_list       RTX_CM3.lib(rt_list.o)
    0x080028fc   0x00000034   Code   RO         4539    i.rt_sem_psh        RTX_CM3.lib(rt_semaphore.o)
    0x08002930   0x00000024   Code   RO         4287    i.rt_stk_check      RTX_CM3.lib(rt_system.o)
    0x08002954   0x00000028   Code   RO         4164    i.rt_switch_req     RTX_CM3.lib(rt_task.o)
    0x0800297c   0x000000cc   Code   RO         4165    i.rt_sys_init       RTX_CM3.lib(rt_task.o)
    0x08002a48   0x00000078   Code   RO         4166    i.rt_sys_start      RTX_CM3.lib(rt_task.o)
    0x08002ac0   0x00000040   Code   RO         4289    i.rt_systick        RTX_CM3.lib(rt_system.o)
    0x08002b00   0x00000012   Code   RO         3591    i.rt_tid2ptcb       RTX_CM3.lib(rt_cmsis.o)
    0x08002b12   0x00000002   PAD
    0x08002b14   0x00000034   Code   RO         3592    i.rt_timer_insert   RTX_CM3.lib(rt_cmsis.o)
    0x08002b48   0x00000088   Code   RO         4167    i.rt_tsk_create     RTX_CM3.lib(rt_task.o)
    0x08002bd0   0x0000017c   Code   RO         4168    i.rt_tsk_delete     RTX_CM3.lib(rt_task.o)
    0x08002d4c   0x0000007c   Code   RO         4170    i.rt_tsk_prio       RTX_CM3.lib(rt_task.o)
    0x08002dc8   0x00000010   Code   RO         4171    i.rt_tsk_self       RTX_CM3.lib(rt_task.o)
    0x08002dd8   0x00000070   Code   RO         3595    i.svcKernelInitialize  RTX_CM3.lib(rt_cmsis.o)
    0x08002e48   0x00000048   Code   RO         3597    i.svcKernelStart    RTX_CM3.lib(rt_cmsis.o)
    0x08002e90   0x00000024   Code   RO         3600    i.svcMessageCreate  RTX_CM3.lib(rt_cmsis.o)
    0x08002eb4   0x0000003a   Code   RO         3601    i.svcMessageGet     RTX_CM3.lib(rt_cmsis.o)
    0x08002eee   0x00000002   PAD
    0x08002ef0   0x00000070   Code   RO         3615    i.svcThreadCreate   RTX_CM3.lib(rt_cmsis.o)
    0x08002f60   0x0000001c   Code   RO         3616    i.svcThreadGetId    RTX_CM3.lib(rt_cmsis.o)
    0x08002f7c   0x00000038   Code   RO         3619    i.svcThreadTerminate  RTX_CM3.lib(rt_cmsis.o)
    0x08002fb4   0x00000018   Code   RO         3621    i.svcTimerCall      RTX_CM3.lib(rt_cmsis.o)
    0x08002fcc   0x0000005c   Code   RO         3630    i.sysTimerTick      RTX_CM3.lib(rt_cmsis.o)
    0x08003028   0x00000062   Code   RO         4816    x$fpl$d2f           fz_ws.l(d2f.o)
    0x0800308a   0x00000018   Code   RO         4935    x$fpl$dcmpinf       fz_ws.l(dcmpi.o)
    0x080030a2   0x00000002   PAD
    0x080030a4   0x000002b0   Code   RO         4819    x$fpl$ddiv          fz_ws.l(ddiv.o)
    0x08003354   0x00000078   Code   RO         4822    x$fpl$dleqf         fz_ws.l(dleqf.o)
    0x080033cc   0x00000154   Code   RO         4824    x$fpl$dmul          fz_ws.l(dmul.o)
    0x08003520   0x0000009c   Code   RO         4937    x$fpl$dnaninf       fz_ws.l(dnaninf.o)
    0x080035bc   0x0000000c   Code   RO         4939    x$fpl$dretinf       fz_ws.l(dretinf.o)
    0x080035c8   0x0000006c   Code   RO         4826    x$fpl$drleqf        fz_ws.l(drleqf.o)
    0x08003634   0x00000056   Code   RO         4828    x$fpl$f2d           fz_ws.l(f2d.o)
    0x0800368a   0x00000002   PAD
    0x0800368c   0x00000184   Code   RO         4831    x$fpl$fdiv          fz_ws.l(fdiv.o)
    0x08003810   0x0000003e   Code   RO         4834    x$fpl$ffixu         fz_ws.l(ffixu.o)
    0x0800384e   0x00000002   PAD
    0x08003850   0x00000030   Code   RO         4839    x$fpl$fflt          fz_ws.l(fflt_clz.o)
    0x08003880   0x00000026   Code   RO         4838    x$fpl$ffltu         fz_ws.l(fflt_clz.o)
    0x080038a6   0x00000002   PAD
    0x080038a8   0x00000102   Code   RO         4844    x$fpl$fmul          fz_ws.l(fmul.o)
    0x080039aa   0x0000008c   Code   RO         4941    x$fpl$fnaninf       fz_ws.l(fnaninf.o)
    0x08003a36   0x0000000a   Code   RO         4943    x$fpl$fretinf       fz_ws.l(fretinf.o)
    0x08003a40   0x00000000   Code   RO         4945    x$fpl$usenofp       fz_ws.l(usenofp.o)
    0x08003a40   0x00000056   Data   RO         1006    .constdata          rtx_conf_cm.o
    0x08003a96   0x00000002   PAD
    0x08003a98   0x00000020   Data   RO         5066    Region$$Table       anon$$obj.o


    Execution Region ER_RW (Base: 0x20000000, Size: 0x000000fc, Max: 0xffffffff, ABSOLUTE)

    Base Addr    Size         Type   Attr      Idx    E Section Name        Object

    0x20000000   0x0000001c   Data   RW          221    .data               timer.o
    0x2000001c   0x00000004   Data   RW          355    .data               timer_systick.o
    0x20000020   0x00000090   Data   RW          596    .data               us_sensor.o
    0x200000b0   0x00000024   Data   RW         1007    .data               rtx_conf_cm.o
    0x200000d4   0x00000008   Data   RW         3633    .data               RTX_CM3.lib(rt_cmsis.o)
    0x200000dc   0x00000008   Data   RW         4173    .data               RTX_CM3.lib(rt_task.o)
    0x200000e4   0x00000008   Data   RW         4292    .data               RTX_CM3.lib(rt_system.o)
    0x200000ec   0x00000004   Data   RW         4582    .data               RTX_CM3.lib(rt_time.o)
    0x200000f0   0x00000008   Data   RW         4613    .data               RTX_CM3.lib(rt_robin.o)
    0x200000f8   0x00000001   Data   RW         4692    .data               RTX_CM3.lib(hal_cm.o)


    Execution Region ER_ZI (Base: 0x200000fc, Size: 0x00001294, Max: 0xffffffff, ABSOLUTE)

    Base Addr    Size         Type   Attr      Idx    E Section Name        Object

    0x200000fc   0x00000004   PAD
    0x20000100   0x00000bc8   Zero   RW         1005    .bss                rtx_conf_cm.o
    0x20000cc8   0x00000034   Zero   RW         4172    .bss                RTX_CM3.lib(rt_task.o)
    0x20000cfc   0x00000030   Zero   RW         4422    .bss                RTX_CM3.lib(rt_list.o)
    0x20000d2c   0x00000060   Zero   RW         4750    .bss                c_w.l(libspace.o)
    0x20000d8c   0x00000004   PAD
    0x20000d90   0x00000200   Zero   RW         3418    HEAP                startup_stm32f10x_md.o
    0x20000f90   0x00000400   Zero   RW         3417    STACK               startup_stm32f10x_md.o


==============================================================================

Image component sizes


      Code (inc. data)   RO Data    RW Data    ZI Data      Debug   Object Name

         0          0          0          0          0     256396   adc.o
       102          0          0          0          0       2479   barstow.o
         8          4          0          0          0        456   clock.o
        16          0          0          0          0        515   delay.o
       210         30          0          0          0       7259   dma_stm32f10x.o
       170          0          0          0          0       3328   gpio.o
        52          0          0          0          0        895   main.o
       112         12          0          0          0       1140   misc.o
       778         84          0          0          0       7799   motor.o
       170         36         86         36       3016       9767   rtx_conf_cm.o
       332         12          0          0          0       1013   spi.o
        64         26        236          0       1536        832   startup_stm32f10x_md.o
       460          8          0          0          0       4778   stm32f10x_dma.o
       160         12          0          0          0       1649   stm32f10x_exti.o
       350          4          0          0          0       3870   stm32f10x_gpio.o
       184         36          0          0          0       3602   stm32f10x_rcc.o
       214         12          0          0          0       4076   stm32f10x_spi.o
       910         92          0          0          0       9114   stm32f10x_tim.o
       328         28          0          0          0       2045   system_stm32f10x.o
       628         88          0         28          0       6505   timer.o
       312         20          0          4          0       1815   timer_systick.o
       422         72          0        144          0       8363   us_sensor.o

    ----------------------------------------------------------------------
      6014        576        356        212       4552     337696   Object Totals
         0          0         32          0          0          0   (incl. Generated)
        32          0          2          0          0          0   (incl. Padding)

    ----------------------------------------------------------------------

      Code (inc. data)   RO Data    RW Data    ZI Data      Debug   Library Member Name

       238         24          0          1          0       3256   hal_cm.o
       304         36          0          0          0        760   hal_cm3.o
      1118        140          0          8          0      31165   rt_cmsis.o
        80          4          0          0          0        653   rt_event.o
       530         34          0          0         48       8165   rt_list.o
       550         10          0          0          0       3897   rt_mailbox.o
       140          0          0          0          0       1901   rt_membox.o
       128          0          0          0          0       2275   rt_memory.o
       336         12          0          0          0       2057   rt_mutex.o
        96         22          0          8          0       1134   rt_robin.o
        52          4          0          0          0        565   rt_semaphore.o
       298         52          0          8          0       6151   rt_system.o
      1216        174          0          8         52       9545   rt_task.o
         0          0          0          4          0        206   rt_time.o
         4          4          0          0          0        200   svc_table.o
         8          0          0          0          0         68   __main.o
         0          0          0          0          0          0   __rtentry.o
        20          0          0          0          0          0   __rtentry2.o
         6          0          0          0          0          0   __rtentry4.o
        52          8          0          0          0          0   __scatter.o
        26          0          0          0          0          0   __scatter_copy.o
        28          0          0          0          0          0   __scatter_zi.o
        10          0          0          0          0         68   defsig_exit.o
        50          0          0          0          0         88   defsig_general.o
        80         58          0          0          0         76   defsig_rtmem_inner.o
        14          0          0          0          0         80   defsig_rtmem_outer.o
        18          0          0          0          0         80   exit.o
       158          0          0          0          0        128   h1_alloc_mt.o
        62          0          0          0          0         80   h1_extend_mt.o
       118          0          0          0          0        108   h1_free_mt.o
        18          0          0          0          0         84   h1_init_mt.o
         6          0          0          0          0        152   heapauxi.o
         4          0          0          0          0        136   hguard.o
         0          0          0          0          0          0   indicate_semi.o
       138          0          0          0          0        168   init_alloc.o
         2          0          0          0          0          0   libinit.o
        10          0          0          0          0          0   libinit2.o
         2          0          0          0          0          0   libshutdown.o
         2          0          0          0          0          0   libshutdown2.o
         8          4          0          0         96         68   libspace.o
         0          0          0          0          0          0   maybetermalloc1.o
        10          0          0          0          0         76   rt_heap_descriptor_twolibspace.o
         2          0          0          0          0          0   rtexit.o
        10          0          0          0          0          0   rtexit2.o
        12          4          0          0          0         68   sys_exit.o
        74          0          0          0          0         80   sys_stackheap_outer.o
        14          0          0          0          0         76   sys_wrch.o
         2          0          0          0          0         68   use_no_semi.o
        98          4          0          0          0         92   d2f.o
        24          0          0          0          0         68   dcmpi.o
       688        140          0          0          0        208   ddiv.o
       120          4          0          0          0         92   dleqf.o
       340         12          0          0          0        104   dmul.o
       156          4          0          0          0         92   dnaninf.o
        12          0          0          0          0         68   dretinf.o
       108          0          0          0          0         80   drleqf.o
        86          4          0          0          0         84   f2d.o
       388         76          0          0          0         96   fdiv.o
        62          4          0          0          0         84   ffixu.o
        86          0          0          0          0        136   fflt_clz.o
       258          4          0          0          0         84   fmul.o
       140          4          0          0          0         84   fnaninf.o
        10          0          0          0          0         68   fretinf.o
         0          0          0          0          0          0   usenofp.o

    ----------------------------------------------------------------------
      8662        846          0         40        204      75122   Library Totals
        32          0          0          3          8          0   (incl. Padding)

    ----------------------------------------------------------------------

      Code (inc. data)   RO Data    RW Data    ZI Data      Debug   Library Name

      5090        516          0         37        100      71930   RTX_CM3.lib
       964         74          0          0         96       1752   c_w.l
      2576        256          0          0          0       1440   fz_ws.l

    ----------------------------------------------------------------------
      8662        846          0         40        204      75122   Library Totals

    ----------------------------------------------------------------------

==============================================================================


      Code (inc. data)   RO Data    RW Data    ZI Data      Debug   

     14676       1422        356        252       4756     402570   Grand Totals
     14676       1422        356        252       4756     402570   ELF Image Totals
     14676       1422        356        252          0          0   ROM Totals

==============================================================================

    Total RO  Size (Code + RO Data)                15032 (  14.68kB)
    Total RW  Size (RW Data + ZI Data)              5008 (   4.89kB)
    Total ROM Size (Code + RO Data + RW Data)      15284 (  14.93kB)

==============================================================================

